<html>
<body>
<pre>
<h1>礦ision Build Log</h1>
<h2>Tool Versions:</h2>
IDE-Version: μVision V5.37.0.0
Copyright (C) 2022 ARM Ltd and ARM Germany GmbH. All rights reserved.
License Information: 1 8618973199296, 1, LIC=MGXG8-3GE8B-KUH4L-06PMD-A9NMT-M3G3N
 
Tool Versions:
Toolchain:       MDK-ARM Professional  Version: 5.37.0.0
Toolchain Path:  C:\Keil_v5\ARM\ARMCC\Bin
C Compiler:      Armcc.exe V5.06 update 6 (build 750)
Assembler:       Armasm.exe V5.06 update 6 (build 750)
Linker/Locator:  ArmLink.exe V5.06 update 6 (build 750)
Library Manager: ArmAr.exe V5.06 update 6 (build 750)
Hex Converter:   FromElf.exe V5.06 update 6 (build 750)
CPU DLL:         SARMCM3.DLL V5.37.0.0
Dialog DLL:      DCM.DLL V1.17.5.0
Target DLL:      CMSIS_AGDI.dll V1.33.12.0
Dialog DLL:      TCM.DLL V1.56.1.0
 
<h2>Project:</h2>
D:\001\BigBalance\GIMBAL\MDK-ARM\GIMBAL.uvprojx
Project File Date:  04/07/2023

<h2>Output:</h2>
*** Using Compiler 'V5.06 update 6 (build 750)', folder: 'C:\Keil_v5\ARM\ARMCC\Bin'
Build target 'GIMBAL'
compiling Jump.c...
compiling mit_math.c...
..\Arithmetic\mit_math.c(115): warning:  #1035-D: single-precision operand implicitly converted to double-precision
  	MIT_A_tg_angle_for_IS = 180 - angle_fai_1_JD + 29.54;
..\Arithmetic\mit_math.c(127): warning:  #1035-D: single-precision operand implicitly converted to double-precision
  	MIT_B_tg_angle_for_IS = angle_fai_2 * 180 / PI + 29.54;
..\Arithmetic\mit_math.c(179): warning:  #1035-D: single-precision operand implicitly converted to double-precision
  		if (change_focus_damping > 0.01)
..\Arithmetic\mit_math.c(181): warning:  #1035-D: single-precision operand implicitly converted to double-precision
  			change_focus_damping -= 0.003; // 3.3秒衰减
..\Arithmetic\mit_math.c(183): warning:  #1035-D: single-precision operand implicitly converted to double-precision
  		if (change_focus_damping <= 0.01)
..\Arithmetic\mit_math.c(191): warning:  #1035-D: single-precision operand implicitly converted to double-precision
  		if (change_focus_damping < 0.95)
..\Arithmetic\mit_math.c(193): warning:  #1035-D: single-precision operand implicitly converted to double-precision
  			change_focus_damping += 0.001; // 10秒启动
..\Arithmetic\mit_math.c(195): warning:  #1035-D: single-precision operand implicitly converted to double-precision
  		if (change_focus_damping >= 0.95)
..\Arithmetic\mit_math.c(327): warning:  #1035-D: single-precision operand implicitly converted to double-precision
  	change_angle_1ms = INS_gyro[0] * 0.001;
..\Arithmetic\mit_math.c(404): warning:  #1035-D: single-precision operand implicitly converted to double-precision
  	if (engine_body_height_R > 43.1)
..\Arithmetic\mit_math.c(406): warning:  #1035-D: single-precision operand implicitly converted to double-precision
  	if (engine_body_height_R < 13.3)
..\Arithmetic\mit_math.c: 11 warnings, 0 errors
compiling DR16_RECIVE.c...
..\APP\MY_CLOUD_CONTROL.h(70): warning:  #3135-D: attribute does not apply to any entity
  		__packed struct {
..\Drivers\CMSIS\DSP\Include\arm_math.h(4865): warning:  #3108-D: attribute "__packed__" does not apply here
      __SIMD32_TYPE *vstate;
..\Drivers\CMSIS\DSP\Include\arm_math.h(4873): warning:  #3108-D: attribute "__packed__" does not apply here
      vstate = __SIMD32_CONST(S->state);
..\ADD\LQR_TEST.h(199): warning:  #1-D: last line of file ends without a newline
  #endif
..\ADD\DR16_RECIVE.c: 4 warnings, 0 errors
compiling freertos.c...
..\ADD\DR16_RECIVE.h(212): warning:  #3135-D: attribute does not apply to any entity
  		__packed struct
..\ADD\DR16_RECIVE.h(245): warning:  #3135-D: attribute does not apply to any entity
  		__packed struct {
..\APP\MY_CLOUD_CONTROL.h(70): warning:  #3135-D: attribute does not apply to any entity
  		__packed struct {
..\Drivers\CMSIS\DSP\Include\arm_math.h(4865): warning:  #3108-D: attribute "__packed__" does not apply here
      __SIMD32_TYPE *vstate;
..\Drivers\CMSIS\DSP\Include\arm_math.h(4873): warning:  #3108-D: attribute "__packed__" does not apply here
      vstate = __SIMD32_CONST(S->state);
..\ADD\LQR_TEST.h(199): warning:  #1-D: last line of file ends without a newline
  #endif
../Src/freertos.c(753): warning:  #177-D: variable "error_e"  was declared but never referenced
  	char error_e[5] = "error";
../Src/freertos.c(1014): warning:  #177-D: variable "i"  was declared but never referenced
  	int i = 0;
../Src/freertos.c(1015): warning:  #177-D: variable "speed_i"  was declared but never referenced
  	int speed_i = 0;
../Src/freertos.c(1335): warning:  #1035-D: single-precision operand implicitly converted to double-precision
  				send_to_MIT_damping -= 0.0005; // 2秒失能
../Src/freertos.c(1338): warning:  #1035-D: single-precision operand implicitly converted to double-precision
  					liftoff_R -= 0.01; // 将电机归位到起始点附近 一秒10度
../Src/freertos.c(1359): warning:  #1035-D: single-precision operand implicitly converted to double-precision
  				send_to_MIT_damping += 0.0005; // 两秒启动
../Src/freertos.c(1396): warning:  #1035-D: single-precision operand implicitly converted to double-precision
  		mit_math_temp(MIT_A.ANGLE_JD - MIT_A.MIT_TZG - 29.54,
../Src/freertos.c(1397): warning:  #1035-D: single-precision operand implicitly converted to double-precision
  					  MIT_B.MIT_TZG - MIT_B.ANGLE_JD - 29.54,
../Src/freertos.c(1399): warning:  #1035-D: single-precision operand implicitly converted to double-precision
  		swing_link_length=sqrt((R_C_X_NOW-10.0)*(R_C_X_NOW-10.0)+R_C_Y_NOW*R_C_Y_NOW);
../Src/freertos.c(1399): warning:  #1035-D: single-precision operand implicitly converted to double-precision
  		swing_link_length=sqrt((R_C_X_NOW-10.0)*(R_C_X_NOW-10.0)+R_C_Y_NOW*R_C_Y_NOW);
../Src/freertos.c: 16 warnings, 0 errors
linking...
Program Size: Code=110704 RO-data=4580 RW-data=2424 ZI-data=58840  
FromELF: creating hex file...
"ins_task\GIMBAL.axf" - 0 Error(s), 31 Warning(s).

<h2>Software Packages used:</h2>

Package Vendor: ARM
                http://www.keil.com/pack/ARM.CMSIS.5.9.0.pack
                ARM.CMSIS.5.9.0
                CMSIS (Common Microcontroller Software Interface Standard)
   * Component: CORE Version: 5.6.0

Package Vendor: Keil
                http://www.keil.com/pack/Keil.STM32F4xx_DFP.2.7.0.pack
                Keil.STM32F4xx_DFP.2.7.0
                STMicroelectronics STM32F4 Series Device Support, Drivers and Examples

<h2>Collection of Component include folders:</h2>
  ./RTE/_GIMBAL
  C:/Users/86189/AppData/Local/Arm/Packs/ARM/CMSIS/5.9.0/CMSIS/Core/Include
  C:/Users/86189/AppData/Local/Arm/Packs/Keil/STM32F4xx_DFP/2.7.0/Drivers/CMSIS/Device/ST/STM32F4xx/Include

<h2>Collection of Component Files used:</h2>

   * Component: ARM::CMSIS:CORE:5.6.0
Build Time Elapsed:  00:00:04
</pre>
</body>
</html>
