Component: ARM Compiler 5.06 update 6 (build 750) Tool: armlink [4d35ed]

==============================================================================

Section Cross References

    my_chassis_control.o(i.Random_CHASSIS) refers to m3508.o(.bss) for M3508s
    my_chassis_control.o(i.Random_CHASSIS) refers to my_chassis_control.o(.data) for RANDOM_CHASSIS
    my_cloud_control.o(i.PITCH_PID) refers to dflt_clz.o(x$fpl$dflt) for __aeabi_i2d
    my_cloud_control.o(i.PITCH_PID) refers to dmul_clz.o(x$fpl$dmul) for __aeabi_dmul
    my_cloud_control.o(i.PITCH_PID) refers to ddiv_clz.o(x$fpl$ddiv) for __aeabi_ddiv
    my_cloud_control.o(i.PITCH_PID) refers to f2d.o(x$fpl$f2d) for __aeabi_f2d
    my_cloud_control.o(i.PITCH_PID) refers to daddsub_clz.o(x$fpl$dadd) for __aeabi_dadd
    my_cloud_control.o(i.PITCH_PID) refers to d2f_clz.o(x$fpl$d2f) for __aeabi_d2f
    my_cloud_control.o(i.PITCH_PID) refers to my_positionpid_bate.o(i.P_PID_bate) for P_PID_bate
    my_cloud_control.o(i.PITCH_PID) refers to dr16_recive.o(.data) for DR16
    my_cloud_control.o(i.PITCH_PID) refers to my_cloud_control.o(.data) for ch1_z_f
    my_cloud_control.o(i.PITCH_PID) refers to main.o(.data) for PITCH_trage_angle
    my_cloud_control.o(i.PITCH_PID) refers to ins_task.o(.bss) for DJIC_IMU
    my_cloud_control.o(i.PITCH_PID) refers to my_positionpid_bate.o(.bss) for PITCH_IMU_Angle_pid
    my_cloud_control.o(i.PITCH_PID) refers to gm6020.o(.bss) for GM6020s
    my_cloud_control.o(i.YAW_PID) refers to dflt_clz.o(x$fpl$dflt) for __aeabi_i2d
    my_cloud_control.o(i.YAW_PID) refers to ddiv_clz.o(x$fpl$ddiv) for __aeabi_ddiv
    my_cloud_control.o(i.YAW_PID) refers to dmul_clz.o(x$fpl$dmul) for __aeabi_dmul
    my_cloud_control.o(i.YAW_PID) refers to f2d.o(x$fpl$f2d) for __aeabi_f2d
    my_cloud_control.o(i.YAW_PID) refers to daddsub_clz.o(x$fpl$dsub) for __aeabi_dsub
    my_cloud_control.o(i.YAW_PID) refers to d2f_clz.o(x$fpl$d2f) for __aeabi_d2f
    my_cloud_control.o(i.YAW_PID) refers to my_positionpid_bate.o(i.P_PID_bate) for P_PID_bate
    my_cloud_control.o(i.YAW_PID) refers to vision_control.o(i.Vision_Control_Cloud) for Vision_Control_Cloud
    my_cloud_control.o(i.YAW_PID) refers to dr16_recive.o(.data) for DR16
    my_cloud_control.o(i.YAW_PID) refers to gm6020.o(.bss) for GM6020s
    my_cloud_control.o(i.YAW_PID) refers to main.o(.data) for CLOUD_enable_moto
    my_cloud_control.o(i.YAW_PID) refers to ins_task.o(.bss) for DJIC_IMU
    my_cloud_control.o(i.YAW_PID) refers to my_cloud_control.o(.data) for cloud_mode
    my_cloud_control.o(i.YAW_PID) refers to my_positionpid_bate.o(.bss) for Yaw_IMU_Angle_pid
    my_cloud_control.o(i.YAW_PID) refers to spinning_top_examine.o(.data) for YAW_MOTION_STATE
    my_cloud_control.o(i.cloud_control) refers to my_cloud_control.o(i.cloud_control_mode_choose) for cloud_control_mode_choose
    my_cloud_control.o(i.cloud_control) refers to my_cloud_control.o(i.scan_cloud) for scan_cloud
    my_cloud_control.o(i.cloud_control) refers to f2d.o(x$fpl$f2d) for __aeabi_f2d
    my_cloud_control.o(i.cloud_control) refers to fabs.o(i.__hardfp_fabs) for __hardfp_fabs
    my_cloud_control.o(i.cloud_control) refers to dleqf.o(x$fpl$dleqf) for __aeabi_cdcmple
    my_cloud_control.o(i.cloud_control) refers to spinning_top_examine.o(i.fake_armor_yaw) for fake_armor_yaw
    my_cloud_control.o(i.cloud_control) refers to my_cloud_control.o(i.YAW_PID) for YAW_PID
    my_cloud_control.o(i.cloud_control) refers to my_cloud_control.o(i.imu_angle) for imu_angle
    my_cloud_control.o(i.cloud_control) refers to my_cloud_control.o(i.PITCH_PID) for PITCH_PID
    my_cloud_control.o(i.cloud_control) refers to my_cloud_control.o(.bss) for key_message
    my_cloud_control.o(i.cloud_control) refers to dr16_recive.o(.bss) for ext_game_robot_HP
    my_cloud_control.o(i.cloud_control) refers to dr16_recive.o(.data) for DR16
    my_cloud_control.o(i.cloud_control) refers to bsp_buzzer.o(.bss) for Buzzer
    my_cloud_control.o(i.cloud_control) refers to ins_task.o(.bss) for DJIC_IMU
    my_cloud_control.o(i.cloud_control) refers to main.o(.data) for jia_ZJ_PITCH
    my_cloud_control.o(i.cloud_control) refers to gm6020.o(.bss) for GM6020s
    my_cloud_control.o(i.cloud_control) refers to vision.o(.bss) for VisionData
    my_cloud_control.o(i.cloud_control) refers to my_cloud_control.o(.data) for simulation_target_yaw_is_stop
    my_cloud_control.o(i.cloud_control_mode_choose) refers to my_positionpid_bate.o(i.P_PID_Parameter_Clear) for P_PID_Parameter_Clear
    my_cloud_control.o(i.cloud_control_mode_choose) refers to dr16_recive.o(.data) for DR16
    my_cloud_control.o(i.cloud_control_mode_choose) refers to main.o(.data) for Armour_lose_time
    my_cloud_control.o(i.cloud_control_mode_choose) refers to my_cloud_control.o(.data) for cloud_mode
    my_cloud_control.o(i.cloud_control_mode_choose) refers to my_positionpid_bate.o(.bss) for VISION_Yaw_IMU_Angle_pid
[...]

Memory Map of the image

  Image Entry point : 0x08000189

  Load Region LR_IROM1 (Base: 0x08000000, Size: 0x0001713c, Max: 0x00100000, ABSOLUTE, COMPRESSED[0x00016abc])

    Execution Region ER_IROM1 (Exec base: 0x08000000, Load base: 0x08000000, Size: 0x000168dc, Max: 0x00100000, ABSOLUTE)

    Exec Addr    Load Addr    Size         Type   Attr      Idx    E Section Name        Object

    0x08000000   0x08000000   0x00000188   Data   RO         4092    RESET               startup_stm32f407xx.o
    0x08000188   0x08000188   0x00000008   Code   RO        10700  * !!!main             c_w.l(__main.o)
    0x08000190   0x08000190   0x00000034   Code   RO        11286    !!!scatter          c_w.l(__scatter.o)
    0x080001c4   0x080001c4   0x0000005a   Code   RO        11284    !!dczerorl2         c_w.l(__dczerorl2.o)
    0x0800021e   0x0800021e   0x00000002   PAD
    0x08000220   0x08000220   0x0000001c   Code   RO        11288    !!handler_zi        c_w.l(__scatter_zi.o)
    0x0800023c   0x0800023c   0x00000002   Code   RO        11216    .ARM.Collect$$libinit$$00000000  c_w.l(libinit.o)
    0x0800023e   0x0800023e   0x00000004   Code   RO        10945    .ARM.Collect$$libinit$$00000001  c_w.l(libinit2.o)
    0x08000242   0x08000242   0x00000000   Code   RO        10948    .ARM.Collect$$libinit$$00000004  c_w.l(libinit2.o)
    0x08000242   0x08000242   0x00000008   Code   RO        10949    .ARM.Collect$$libinit$$00000005  c_w.l(libinit2.o)
    0x0800024a   0x0800024a   0x00000000   Code   RO        10951    .ARM.Collect$$libinit$$0000000A  c_w.l(libinit2.o)
    0x0800024a   0x0800024a   0x00000000   Code   RO        10953    .ARM.Collect$$libinit$$0000000C  c_w.l(libinit2.o)
    0x0800024a   0x0800024a   0x00000000   Code   RO        10955    .ARM.Collect$$libinit$$0000000E  c_w.l(libinit2.o)
    0x0800024a   0x0800024a   0x00000000   Code   RO        10958    .ARM.Collect$$libinit$$00000011  c_w.l(libinit2.o)
    0x0800024a   0x0800024a   0x00000000   Code   RO        10960    .ARM.Collect$$libinit$$00000013  c_w.l(libinit2.o)
    0x0800024a   0x0800024a   0x00000000   Code   RO        10962    .ARM.Collect$$libinit$$00000015  c_w.l(libinit2.o)
    0x0800024a   0x0800024a   0x00000000   Code   RO        10964    .ARM.Collect$$libinit$$00000017  c_w.l(libinit2.o)
    0x0800024a   0x0800024a   0x00000000   Code   RO        10966    .ARM.Collect$$libinit$$00000019  c_w.l(libinit2.o)
    0x0800024a   0x0800024a   0x00000000   Code   RO        10968    .ARM.Collect$$libinit$$0000001B  c_w.l(libinit2.o)
    0x0800024a   0x0800024a   0x00000000   Code   RO        10970    .ARM.Collect$$libinit$$0000001D  c_w.l(libinit2.o)
    0x0800024a   0x0800024a   0x00000000   Code   RO        10972    .ARM.Collect$$libinit$$0000001F  c_w.l(libinit2.o)
    0x0800024a   0x0800024a   0x00000000   Code   RO        10974    .ARM.Collect$$libinit$$00000021  c_w.l(libinit2.o)
    0x0800024a   0x0800024a   0x00000000   Code   RO        10976    .ARM.Collect$$libinit$$00000023  c_w.l(libinit2.o)
    0x0800024a   0x0800024a   0x00000000   Code   RO        10978    .ARM.Collect$$libinit$$00000025  c_w.l(libinit2.o)
    0x0800024a   0x0800024a   0x00000000   Code   RO        10982    .ARM.Collect$$libinit$$0000002C  c_w.l(libinit2.o)
    0x0800024a   0x0800024a   0x00000000   Code   RO        10984    .ARM.Collect$$libinit$$0000002E  c_w.l(libinit2.o)
    0x0800024a   0x0800024a   0x00000000   Code   RO        10986    .ARM.Collect$$libinit$$00000030  c_w.l(libinit2.o)
    0x0800024a   0x0800024a   0x00000000   Code   RO        10988    .ARM.Collect$$libinit$$00000032  c_w.l(libinit2.o)
    0x0800024a   0x0800024a   0x00000002   Code   RO        10989    .ARM.Collect$$libinit$$00000033  c_w.l(libinit2.o)
    0x0800024c   0x0800024c   0x00000002   Code   RO        11281    .ARM.Collect$$libshutdown$$00000000  c_w.l(libshutdown.o)
    0x0800024e   0x0800024e   0x00000000   Code   RO        11239    .ARM.Collect$$libshutdown$$00000002  c_w.l(libshutdown2.o)
    0x0800024e   0x0800024e   0x00000000   Code   RO        11241    .ARM.Collect$$libshutdown$$00000004  c_w.l(libshutdown2.o)
    0x0800024e   0x0800024e   0x00000000   Code   RO        11244    .ARM.Collect$$libshutdown$$00000007  c_w.l(libshutdown2.o)
    0x0800024e   0x0800024e   0x00000000   Code   RO        11247    .ARM.Collect$$libshutdown$$0000000A  c_w.l(libshutdown2.o)
    0x0800024e   0x0800024e   0x00000000   Code   RO        11249    .ARM.Collect$$libshutdown$$0000000C  c_w.l(libshutdown2.o)
    0x0800024e   0x0800024e   0x00000000   Code   RO        11252    .ARM.Collect$$libshutdown$$0000000F  c_w.l(libshutdown2.o)
    0x0800024e   0x0800024e   0x00000002   Code   RO        11253    .ARM.Collect$$libshutdown$$00000010  c_w.l(libshutdown2.o)
    0x08000250   0x08000250   0x00000000   Code   RO        10818    .ARM.Collect$$rtentry$$00000000  c_w.l(__rtentry.o)
    0x08000250   0x08000250   0x00000000   Code   RO        11089    .ARM.Collect$$rtentry$$00000002  c_w.l(__rtentry2.o)
    0x08000250   0x08000250   0x00000006   Code   RO        11101    .ARM.Collect$$rtentry$$00000004  c_w.l(__rtentry4.o)
    0x08000256   0x08000256   0x00000000   Code   RO        11091    .ARM.Collect$$rtentry$$00000009  c_w.l(__rtentry2.o)
    0x08000256   0x08000256   0x00000004   Code   RO        11092    .ARM.Collect$$rtentry$$0000000A  c_w.l(__rtentry2.o)
    0x0800025a   0x0800025a   0x00000000   Code   RO        11094    .ARM.Collect$$rtentry$$0000000C  c_w.l(__rtentry2.o)
    0x0800025a   0x0800025a   0x00000008   Code   RO        11095    .ARM.Collect$$rtentry$$0000000D  c_w.l(__rtentry2.o)
    0x08000262   0x08000262   0x00000002   Code   RO        11221    .ARM.Collect$$rtexit$$00000000  c_w.l(rtexit.o)
    0x08000264   0x08000264   0x00000000   Code   RO        11257    .ARM.Collect$$rtexit$$00000002  c_w.l(rtexit2.o)
    0x08000264   0x08000264   0x00000004   Code   RO        11258    .ARM.Collect$$rtexit$$00000003  c_w.l(rtexit2.o)
    0x08000268   0x08000268   0x00000006   Code   RO        11259    .ARM.Collect$$rtexit$$00000004  c_w.l(rtexit2.o)
    0x0800026e   0x0800026e   0x00000002   PAD
    0x08000270   0x08000270   0x000000be   Code   RO         9929    .emb_text           port.o
    0x0800032e   0x0800032e   0x00000002   PAD
    0x08000330   0x08000330   0x00000000   Code   RO        11112    .emb_text           c_w.l(maybetermalloc1.o)
    0x08000330   0x08000330   0x00000040   Code   RO         4093    .text               startup_stm32f407xx.o
    0x08000370   0x08000370   0x00000008   Code   RO        10501    .text               arm_cortexM4lf_math.lib(arm_mat_init_f32.o)
    0x08000378   0x08000378   0x00000114   Code   RO        10597    .text               arm_cortexM4lf_math.lib(arm_mat_trans_f32.o)
    0x0800048c   0x0800048c   0x0000005e   Code   RO        10624    .text               c_w.l(h1_alloc.o)
    0x080004ea   0x080004ea   0x0000004e   Code   RO        10626    .text               c_w.l(h1_free.o)
    0x08000538   0x08000538   0x000000ee   Code   RO        10682    .text               c_w.l(lludivv7m.o)
    0x08000626   0x08000626   0x0000003e   Code   RO        10686    .text               c_w.l(strlen.o)
    0x08000664   0x08000664   0x0000008a   Code   RO        10688    .text               c_w.l(rt_memcpy_v6.o)
    0x080006ee   0x080006ee   0x00000064   Code   RO        10690    .text               c_w.l(rt_memcpy_w.o)
    0x08000752   0x08000752   0x00000010   Code   RO        10694    .text               c_w.l(aeabi_memset.o)
    0x08000762   0x08000762   0x0000004e   Code   RO        10696    .text               c_w.l(rt_memclr_w.o)
    0x080007b0   0x080007b0   0x00000006   Code   RO        10698    .text               c_w.l(heapauxi.o)
    0x080007b6   0x080007b6   0x00000002   PAD
    0x080007b8   0x080007b8   0x00000008   Code   RO        10826    .text               c_w.l(rt_heap_descriptor_intlibspace.o)
    0x080007c0   0x080007c0   0x00000004   Code   RO        10828    .text               c_w.l(hguard.o)
    0x080007c4   0x080007c4   0x0000008a   Code   RO        10830    .text               c_w.l(init_alloc.o)
    0x0800084e   0x0800084e   0x0000000e   Code   RO        10834    .text               c_w.l(h1_init.o)
    0x0800085c   0x0800085c   0x00000016   Code   RO        10848    .text               c_w.l(_rserrno.o)
    0x08000872   0x08000872   0x00000044   Code   RO        10941    .text               c_w.l(rt_memclr.o)
    0x080008b6   0x080008b6   0x00000002   PAD
    0x080008b8   0x080008b8   0x00000008   Code   RO        11085    .text               c_w.l(libspace.o)
    0x080008c0   0x080008c0   0x00000008   Code   RO        11108    .text               c_w.l(rt_errno_addr_intlibspace.o)
    0x080008c8   0x080008c8   0x00000034   Code   RO        11114    .text               c_w.l(h1_extend.o)
    0x080008fc   0x080008fc   0x00000030   Code   RO        11120    .text               c_w.l(_fptrap.o)
    0x0800092c   0x0800092c   0x0000000e   Code   RO        11138    .text               c_w.l(defsig_rtmem_outer.o)
    0x0800093a   0x0800093a   0x00000002   Code   RO        11151    .text               c_w.l(use_no_semi.o)
    0x0800093c   0x0800093c   0x00000000   Code   RO        11153    .text               c_w.l(indicate_semi.o)
    0x0800093c   0x0800093c   0x0000004a   Code   RO        11154    .text               c_w.l(sys_stackheap_outer.o)
    0x08000986   0x08000986   0x00000012   Code   RO        11197    .text               c_w.l(exit.o)
    0x08000998   0x08000998   0x0000000a   Code   RO        11199    .text               c_w.l(defsig_exit.o)
    0x080009a2   0x080009a2   0x0000000e   Code   RO        11201    .text               c_w.l(defsig_fpe_outer.o)
    0x080009b0   0x080009b0   0x00000050   Code   RO        11205    .text               c_w.l(defsig_rtmem_inner.o)
    0x08000a00   0x08000a00   0x0000000c   Code   RO        11219    .text               c_w.l(sys_exit.o)
    0x08000a0c   0x08000a0c   0x00000032   Code   RO        11232    .text               c_w.l(defsig_general.o)
    0x08000a3e   0x08000a3e   0x00000002   PAD
    0x08000a40   0x08000a40   0x000000ac   Code   RO        11234    .text               c_w.l(defsig_fpe_inner.o)
    0x08000aec   0x08000aec   0x0000000e   Code   RO        11254    .text               c_w.l(sys_wrch.o)
    0x08000afa   0x08000afa   0x00000002   PAD
    0x08000afc   0x08000afc   0x00000160   Code   RO         5901    i.ADC_Init          stm32f4xx_hal_adc.o
    0x08000c5c   0x08000c5c   0x00000028   Code   RO         3710    i.AHRS_init         ins_task.o
    0x08000c84   0x08000c84   0x0000006a   Code   RO         3711    i.AHRS_update       ins_task.o
    0x08000cee   0x08000cee   0x00000002   PAD
    0x08000cf0   0x08000cf0   0x00000014   Code   RO         3051    i.BMI088_ACCEL_NS_H  bmi088middleware.o
    0x08000d04   0x08000d04   0x00000014   Code   RO         3052    i.BMI088_ACCEL_NS_L  bmi088middleware.o
    0x08000d18   0x08000d18   0x00000002   Code   RO         3053    i.BMI088_GPIO_init  bmi088middleware.o
    0x08000d1a   0x08000d1a   0x00000002   PAD
    0x08000d1c   0x08000d1c   0x00000014   Code   RO         3054    i.BMI088_GYRO_NS_H  bmi088middleware.o
    0x08000d30   0x08000d30   0x00000014   Code   RO         3055    i.BMI088_GYRO_NS_L  bmi088middleware.o
    0x08000d44   0x08000d44   0x00000090   Code   RO         2811    i.BMI088_accel_read_over  bmi088driver.o
    0x08000dd4   0x08000dd4   0x00000002   Code   RO         3056    i.BMI088_com_init   bmi088middleware.o
    0x08000dd6   0x08000dd6   0x0000000c   Code   RO         3057    i.BMI088_delay_ms   bmi088middleware.o
    0x08000de2   0x08000de2   0x0000000c   Code   RO         3058    i.BMI088_delay_us   bmi088middleware.o
    0x08000dee   0x08000dee   0x00000002   PAD
    0x08000df0   0x08000df0   0x00000068   Code   RO         2812    i.BMI088_gyro_read_over  bmi088driver.o
    0x08000e58   0x08000e58   0x00000034   Code   RO         2813    i.BMI088_init       bmi088driver.o
    0x08000e8c   0x08000e8c   0x0000017c   Code   RO         2814    i.BMI088_read       bmi088driver.o
    0x08001008   0x08001008   0x00000026   Code   RO         2817    i.BMI088_read_muli_reg  bmi088driver.o
    0x0800102e   0x0800102e   0x00000018   Code   RO         2818    i.BMI088_read_single_reg  bmi088driver.o
    0x08001046   0x08001046   0x00000002   PAD
    0x08001048   0x08001048   0x00000020   Code   RO         3059    i.BMI088_read_write_byte  bmi088middleware.o
    0x08001068   0x08001068   0x00000034   Code   RO         2819    i.BMI088_temperature_read_over  bmi088driver.o
    0x0800109c   0x0800109c   0x00000014   Code   RO         2820    i.BMI088_write_single_reg  bmi088driver.o
    0x080010b0   0x080010b0   0x00000004   Code   RO         2575    i.BusFault_Handler  stm32f4xx_it.o
    0x080010b4   0x080010b4   0x00000024   Code   RO         3583    i.Buzzer_Init       bsp_buzzer.o
    0x080010d8   0x080010d8   0x00000128   Code   RO         3584    i.Buzzer_Processing  bsp_buzzer.o
    0x08001200   0x08001200   0x00000024   Code   RO         3532    i.CAN1_Config       user_can.o
    0x08001224   0x08001224   0x00000030   Code   RO         3533    i.CAN1_Filter0_Init  user_can.o
    0x08001254   0x08001254   0x000000e0   Code   RO         1735    i.CAN1_R            freertos.o
    0x08001334   0x08001334   0x0000001c   Code   RO         2576    i.CAN1_RX0_IRQHandler  stm32f4xx_it.o
    0x08001350   0x08001350   0x00000028   Code   RO         3534    i.CAN2_Config       user_can.o
    0x08001378   0x08001378   0x00000034   Code   RO         3535    i.CAN2_Filter0_Init  user_can.o
    0x080013ac   0x080013ac   0x0000001c   Code   RO         2577    i.CAN2_RX0_IRQHandler  stm32f4xx_it.o
    0x080013c8   0x080013c8   0x00000068   Code   RO         3536    i.CAN_SendData      user_can.o
    0x08001430   0x08001430   0x00000044   Code   RO         2508    i.CDC_Control_FS    usbd_cdc_if.o
    0x08001474   0x08001474   0x00000004   Code   RO         2509    i.CDC_DeInit_FS     usbd_cdc_if.o
    0x08001478   0x08001478   0x00000024   Code   RO         2510    i.CDC_Init_FS       usbd_cdc_if.o
    0x0800149c   0x0800149c   0x0000001c   Code   RO         2511    i.CDC_Receive_FS    usbd_cdc_if.o
    0x080014b8   0x080014b8   0x0000000c   Code   RO         2512    i.CDC_TransmitCplt_FS  usbd_cdc_if.o
    0x080014c4   0x080014c4   0x00000054   Code   RO         1736    i.Can2_Reivece      freertos.o
    0x08001518   0x08001518   0x00000024   Code   RO          572    i.Checksum_CRC8     crc.o
    0x0800153c   0x0800153c   0x00000010   Code   RO         2578    i.DMA1_Stream1_IRQHandler  stm32f4xx_it.o
    0x0800154c   0x0800154c   0x00000010   Code   RO         2579    i.DMA2_Stream1_IRQHandler  stm32f4xx_it.o
    0x0800155c   0x0800155c   0x00000898   Code   RO         3712    i.DMA2_Stream2_IRQHandler  ins_task.o
    0x08001df4   0x08001df4   0x00000010   Code   RO         2580    i.DMA2_Stream5_IRQHandler  stm32f4xx_it.o
    0x08001e04   0x08001e04   0x00000010   Code   RO         2581    i.DMA2_Stream6_IRQHandler  stm32f4xx_it.o
    0x08001e14   0x08001e14   0x00000010   Code   RO         2582    i.DMA2_Stream7_IRQHandler  stm32f4xx_it.o
    0x08001e24   0x08001e24   0x00000034   Code   RO         5220    i.DMA_CalcBaseAndBitshift  stm32f4xx_hal_dma.o
    0x08001e58   0x08001e58   0x000000aa   Code   RO         5221    i.DMA_CheckFifoParam  stm32f4xx_hal_dma.o
    0x08001f02   0x08001f02   0x0000002c   Code   RO         5222    i.DMA_SetConfig     stm32f4xx_hal_dma.o
    0x08001f2e   0x08001f2e   0x00000002   PAD
    0x08001f30   0x08001f30   0x000001ec   Code   RO         1046    i.DR16_Process      dr16_recive.o
    0x0800211c   0x0800211c   0x00000078   Code   RO         1047    i.DR_16hander       dr16_recive.o
    0x08002194   0x08002194   0x000001d0   Code   RO         1737    i.Debug             freertos.o
    0x08002364   0x08002364   0x00000002   Code   RO         2583    i.DebugMon_Handler  stm32f4xx_it.o
    0x08002366   0x08002366   0x0000000a   Code   RO         2584    i.EXTI0_IRQHandler  stm32f4xx_it.o
    0x08002370   0x08002370   0x0000000a   Code   RO         2585    i.EXTI3_IRQHandler  stm32f4xx_it.o
    0x0800237a   0x0800237a   0x0000000a   Code   RO         2586    i.EXTI4_IRQHandler  stm32f4xx_it.o
    0x08002384   0x08002384   0x0000000a   Code   RO         2587    i.EXTI9_5_IRQHandler  stm32f4xx_it.o
    0x0800238e   0x0800238e   0x00000002   Code   RO         1627    i.Error_Handler     main.o
    0x08002390   0x08002390   0x0000005c   Code   RO         4990    i.FLASH_Erase_Sector  stm32f4xx_hal_flash_ex.o
    0x080023ec   0x080023ec   0x00000078   Code   RO         4991    i.FLASH_FlushCaches  stm32f4xx_hal_flash_ex.o
    0x08002464   0x08002464   0x00000030   Code   RO         4992    i.FLASH_MassErase   stm32f4xx_hal_flash_ex.o
    0x08002494   0x08002494   0x00000024   Code   RO         4872    i.FLASH_Program_Byte  stm32f4xx_hal_flash.o
    0x080024b8   0x080024b8   0x0000003c   Code   RO         4873    i.FLASH_Program_DoubleWord  stm32f4xx_hal_flash.o
    0x080024f4   0x080024f4   0x00000028   Code   RO         4874    i.FLASH_Program_HalfWord  stm32f4xx_hal_flash.o
    0x0800251c   0x0800251c   0x00000028   Code   RO         4875    i.FLASH_Program_Word  stm32f4xx_hal_flash.o
    0x08002544   0x08002544   0x00000098   Code   RO         4876    i.FLASH_SetErrorCode  stm32f4xx_hal_flash.o
    0x080025dc   0x080025dc   0x00000064   Code   RO         4877    i.FLASH_WaitForLastOperation  stm32f4xx_hal_flash.o
    0x08002640   0x08002640   0x00000050   Code   RO          722    i.FPS_Calculate     fps_calculate.o
    0x08002690   0x08002690   0x00000048   Code   RO          798    i.FirstOrder_Kalman_Parameter_Init  kalman.o
    0x080026d8   0x080026d8   0x00000140   Code   RO         1148    i.GM6020_Pitch_getInfo  gm6020.o
    0x08002818   0x08002818   0x00000144   Code   RO         1150    i.GM6020_Yaw_getInfo  gm6020.o
    0x0800295c   0x0800295c   0x0000001e   Code   RO          723    i.Get_FPS           fps_calculate.o
    0x0800297a   0x0800297a   0x00000002   PAD
    0x0800297c   0x0800297c   0x00000034   Code   RO         2412    i.Get_SerialNum     usbd_desc.o
    0x080029b0   0x080029b0   0x0000018c   Code   RO         5903    i.HAL_ADC_ConfigChannel  stm32f4xx_hal_adc.o
    0x08002b3c   0x08002b3c   0x00000008   Code   RO         5910    i.HAL_ADC_GetValue  stm32f4xx_hal_adc.o
    0x08002b44   0x08002b44   0x00000068   Code   RO         5912    i.HAL_ADC_Init      stm32f4xx_hal_adc.o
    0x08002bac   0x08002bac   0x000000ac   Code   RO         1848    i.HAL_ADC_MspInit   adc.o
    0x08002c58   0x08002c58   0x000000c2   Code   RO         5916    i.HAL_ADC_PollForConversion  stm32f4xx_hal_adc.o
    0x08002d1a   0x08002d1a   0x00000002   PAD
    0x08002d1c   0x08002d1c   0x0000013c   Code   RO         5918    i.HAL_ADC_Start     stm32f4xx_hal_adc.o
    0x08002e58   0x08002e58   0x00000156   Code   RO         6175    i.HAL_CAN_AddTxMessage  stm32f4xx_hal_can.o
    0x08002fae   0x08002fae   0x00000002   PAD
    0x08002fb0   0x08002fb0   0x00000124   Code   RO         6176    i.HAL_CAN_ConfigFilter  stm32f4xx_hal_can.o
    0x080030d4   0x080030d4   0x00000002   Code   RO         6179    i.HAL_CAN_ErrorCallback  stm32f4xx_hal_can.o
    0x080030d6   0x080030d6   0x0000017a   Code   RO         6182    i.HAL_CAN_GetRxMessage  stm32f4xx_hal_can.o
    0x08003250   0x08003250   0x0000024e   Code   RO         6186    i.HAL_CAN_IRQHandler  stm32f4xx_hal_can.o
    0x0800349e   0x0800349e   0x00000174   Code   RO         6187    i.HAL_CAN_Init      stm32f4xx_hal_can.o
    0x08003612   0x08003612   0x00000002   PAD
    0x08003614   0x08003614   0x00000160   Code   RO         1896    i.HAL_CAN_MspInit   can.o
    0x08003774   0x08003774   0x00000002   Code   RO         6194    i.HAL_CAN_RxFifo0FullCallback  stm32f4xx_hal_can.o
    0x08003776   0x08003776   0x00000002   PAD
    0x08003778   0x08003778   0x000000a4   Code   RO         2588    i.HAL_CAN_RxFifo0MsgPendingCallback  stm32f4xx_it.o
    0x0800381c   0x0800381c   0x00000002   Code   RO         6196    i.HAL_CAN_RxFifo1FullCallback  stm32f4xx_hal_can.o
    0x0800381e   0x0800381e   0x00000002   Code   RO         6197    i.HAL_CAN_RxFifo1MsgPendingCallback  stm32f4xx_hal_can.o
    0x08003820   0x08003820   0x00000002   Code   RO         6198    i.HAL_CAN_SleepCallback  stm32f4xx_hal_can.o
    0x08003822   0x08003822   0x0000005e   Code   RO         6199    i.HAL_CAN_Start     stm32f4xx_hal_can.o
    0x08003880   0x08003880   0x00000002   Code   RO         6201    i.HAL_CAN_TxMailbox0AbortCallback  stm32f4xx_hal_can.o
    0x08003882   0x08003882   0x00000002   Code   RO         6202    i.HAL_CAN_TxMailbox0CompleteCallback  stm32f4xx_hal_can.o
    0x08003884   0x08003884   0x00000002   Code   RO         6203    i.HAL_CAN_TxMailbox1AbortCallback  stm32f4xx_hal_can.o
    0x08003886   0x08003886   0x00000002   Code   RO         6204    i.HAL_CAN_TxMailbox1CompleteCallback  stm32f4xx_hal_can.o
    0x08003888   0x08003888   0x00000002   Code   RO         6205    i.HAL_CAN_TxMailbox2AbortCallback  stm32f4xx_hal_can.o
    0x0800388a   0x0800388a   0x00000002   Code   RO         6206    i.HAL_CAN_TxMailbox2CompleteCallback  stm32f4xx_hal_can.o
    0x0800388c   0x0800388c   0x00000002   Code   RO         6208    i.HAL_CAN_WakeUpFromRxMsgCallback  stm32f4xx_hal_can.o
    0x0800388e   0x0800388e   0x00000028   Code   RO         5224    i.HAL_DMA_Abort_IT  stm32f4xx_hal_dma.o
    0x080038b6   0x080038b6   0x00000002   PAD
    0x080038b8   0x080038b8   0x00000240   Code   RO         5228    i.HAL_DMA_IRQHandler  stm32f4xx_hal_dma.o
    0x08003af8   0x08003af8   0x000000ec   Code   RO         5229    i.HAL_DMA_Init      stm32f4xx_hal_dma.o
    0x08003be4   0x08003be4   0x00000066   Code   RO         5232    i.HAL_DMA_Start     stm32f4xx_hal_dma.o
    0x08003c4a   0x08003c4a   0x00000092   Code   RO         5233    i.HAL_DMA_Start_IT  stm32f4xx_hal_dma.o
    0x08003cdc   0x08003cdc   0x00000028   Code   RO         5647    i.HAL_Delay         stm32f4xx_hal.o
    0x08003d04   0x08003d04   0x000000ac   Code   RO         5002    i.HAL_FLASHEx_Erase  stm32f4xx_hal_flash_ex.o
    0x08003db0   0x08003db0   0x00000014   Code   RO         4881    i.HAL_FLASH_Lock    stm32f4xx_hal_flash.o
    0x08003dc4   0x08003dc4   0x00000098   Code   RO         4886    i.HAL_FLASH_Program  stm32f4xx_hal_flash.o
    0x08003e5c   0x08003e5c   0x00000034   Code   RO         4888    i.HAL_FLASH_Unlock  stm32f4xx_hal_flash.o
    0x08003e90   0x08003e90   0x000000a8   Code   RO         3713    i.HAL_GPIO_EXTI_Callback  ins_task.o
    0x08003f38   0x08003f38   0x0000001c   Code   RO         5115    i.HAL_GPIO_EXTI_IRQHandler  stm32f4xx_hal_gpio.o
    0x08003f54   0x08003f54   0x00000200   Code   RO         5116    i.HAL_GPIO_Init     stm32f4xx_hal_gpio.o
    0x08004154   0x08004154   0x00000010   Code   RO         5118    i.HAL_GPIO_ReadPin  stm32f4xx_hal_gpio.o
    0x08004164   0x08004164   0x0000000c   Code   RO         5120    i.HAL_GPIO_WritePin  stm32f4xx_hal_gpio.o
    0x08004170   0x08004170   0x0000000c   Code   RO         5653    i.HAL_GetTick       stm32f4xx_hal.o
    0x0800417c   0x0800417c   0x000001d0   Code   RO         6418    i.HAL_I2C_Init      stm32f4xx_hal_i2c.o
    0x0800434c   0x0800434c   0x000002f4   Code   RO         6436    i.HAL_I2C_Mem_Read  stm32f4xx_hal_i2c.o
    0x08004640   0x08004640   0x00000164   Code   RO         6439    i.HAL_I2C_Mem_Write  stm32f4xx_hal_i2c.o
    0x080047a4   0x080047a4   0x000000c8   Code   RO         1969    i.HAL_I2C_MspInit   i2c.o
    0x0800486c   0x0800486c   0x00000018   Code   RO         5659    i.HAL_IncTick       stm32f4xx_hal.o
    0x08004884   0x08004884   0x0000003c   Code   RO         5660    i.HAL_Init          stm32f4xx_hal.o
    0x080048c0   0x080048c0   0x0000008c   Code   RO         2772    i.HAL_InitTick      stm32f4xx_hal_timebase_tim.o
    0x0800494c   0x0800494c   0x00000054   Code   RO         2748    i.HAL_MspInit       stm32f4xx_hal_msp.o
    0x080049a0   0x080049a0   0x00000020   Code   RO         5505    i.HAL_NVIC_EnableIRQ  stm32f4xx_hal_cortex.o
    0x080049c0   0x080049c0   0x0000007c   Code   RO         5511    i.HAL_NVIC_SetPriority  stm32f4xx_hal_cortex.o
    0x08004a3c   0x08004a3c   0x00000028   Code   RO         5512    i.HAL_NVIC_SetPriorityGrouping  stm32f4xx_hal_cortex.o
    0x08004a64   0x08004a64   0x00000002   Code   RO         4369    i.HAL_PCDEx_LPM_Callback  stm32f4xx_hal_pcd_ex.o
    0x08004a66   0x08004a66   0x0000000a   Code   RO         4370    i.HAL_PCDEx_SetRxFiFo  stm32f4xx_hal_pcd_ex.o
    0x08004a70   0x08004a70   0x0000004e   Code   RO         4371    i.HAL_PCDEx_SetTxFiFo  stm32f4xx_hal_pcd_ex.o
    0x08004abe   0x08004abe   0x0000000e   Code   RO         2213    i.HAL_PCD_ConnectCallback  usbd_conf.o
    0x08004acc   0x08004acc   0x00000020   Code   RO         2214    i.HAL_PCD_DataInStageCallback  usbd_conf.o
    0x08004aec   0x08004aec   0x00000020   Code   RO         2215    i.HAL_PCD_DataOutStageCallback  usbd_conf.o
    0x08004b0c   0x08004b0c   0x0000000e   Code   RO         2216    i.HAL_PCD_DisconnectCallback  usbd_conf.o
    0x08004b1a   0x08004b1a   0x0000006a   Code   RO         4146    i.HAL_PCD_EP_Close  stm32f4xx_hal_pcd.o
    0x08004b84   0x08004b84   0x0000007c   Code   RO         4147    i.HAL_PCD_EP_ClrStall  stm32f4xx_hal_pcd.o
    0x08004c00   0x08004c00   0x00000016   Code   RO         4149    i.HAL_PCD_EP_GetRxCount  stm32f4xx_hal_pcd.o
    0x08004c16   0x08004c16   0x0000008c   Code   RO         4150    i.HAL_PCD_EP_Open   stm32f4xx_hal_pcd.o
    0x08004ca2   0x08004ca2   0x00000058   Code   RO         4151    i.HAL_PCD_EP_Receive  stm32f4xx_hal_pcd.o
    0x08004cfa   0x08004cfa   0x0000008a   Code   RO         4152    i.HAL_PCD_EP_SetStall  stm32f4xx_hal_pcd.o
    0x08004d84   0x08004d84   0x0000005a   Code   RO         4153    i.HAL_PCD_EP_Transmit  stm32f4xx_hal_pcd.o
    0x08004dde   0x08004dde   0x0000055c   Code   RO         4155    i.HAL_PCD_IRQHandler  stm32f4xx_hal_pcd.o
    0x0800533a   0x0800533a   0x00000012   Code   RO         2217    i.HAL_PCD_ISOINIncompleteCallback  usbd_conf.o
    0x0800534c   0x0800534c   0x00000012   Code   RO         2218    i.HAL_PCD_ISOOUTIncompleteCallback  usbd_conf.o
    0x0800535e   0x0800535e   0x00000166   Code   RO         4158    i.HAL_PCD_Init      stm32f4xx_hal_pcd.o
    0x080054c4   0x080054c4   0x000000a8   Code   RO         2220    i.HAL_PCD_MspInit   usbd_conf.o
    0x0800556c   0x0800556c   0x00000030   Code   RO         2221    i.HAL_PCD_ResetCallback  usbd_conf.o
    0x0800559c   0x0800559c   0x0000000e   Code   RO         2222    i.HAL_PCD_ResumeCallback  usbd_conf.o
    0x080055aa   0x080055aa   0x0000000e   Code   RO         2223    i.HAL_PCD_SOFCallback  usbd_conf.o
    0x080055b8   0x080055b8   0x00000036   Code   RO         4164    i.HAL_PCD_SetAddress  stm32f4xx_hal_pcd.o
    0x080055ee   0x080055ee   0x00000012   Code   RO         2224    i.HAL_PCD_SetupStageCallback  usbd_conf.o
    0x08005600   0x08005600   0x0000004a   Code   RO         4166    i.HAL_PCD_Start     stm32f4xx_hal_pcd.o
    0x0800564a   0x0800564a   0x00000002   PAD
    0x0800564c   0x0800564c   0x00000034   Code   RO         2225    i.HAL_PCD_SuspendCallback  usbd_conf.o
    0x08005680   0x08005680   0x00000184   Code   RO         4717    i.HAL_RCC_ClockConfig  stm32f4xx_hal_rcc.o
    0x08005804   0x08005804   0x00000044   Code   RO         4721    i.HAL_RCC_GetClockConfig  stm32f4xx_hal_rcc.o
    0x08005848   0x08005848   0x0000000c   Code   RO         4722    i.HAL_RCC_GetHCLKFreq  stm32f4xx_hal_rcc.o
    0x08005854   0x08005854   0x00000020   Code   RO         4724    i.HAL_RCC_GetPCLK1Freq  stm32f4xx_hal_rcc.o
    0x08005874   0x08005874   0x00000020   Code   RO         4725    i.HAL_RCC_GetPCLK2Freq  stm32f4xx_hal_rcc.o
    0x08005894   0x08005894   0x000000b0   Code   RO         4726    i.HAL_RCC_GetSysClockFreq  stm32f4xx_hal_rcc.o
    0x08005944   0x08005944   0x00000488   Code   RO         4729    i.HAL_RCC_OscConfig  stm32f4xx_hal_rcc.o
    0x08005dcc   0x08005dcc   0x0000008c   Code   RO         6908    i.HAL_SPI_Init      stm32f4xx_hal_spi.o
    0x08005e58   0x08005e58   0x000001cc   Code   RO         2011    i.HAL_SPI_MspInit   spi.o
    0x08006024   0x08006024   0x000001a2   Code   RO         6916    i.HAL_SPI_Transmit  stm32f4xx_hal_spi.o
    0x080061c6   0x080061c6   0x0000022a   Code   RO         6917    i.HAL_SPI_TransmitReceive  stm32f4xx_hal_spi.o
    0x080063f0   0x080063f0   0x00000002   Code   RO         7907    i.HAL_TIMEx_BreakCallback  stm32f4xx_hal_tim_ex.o
    0x080063f2   0x080063f2   0x00000002   Code   RO         7908    i.HAL_TIMEx_CommutCallback  stm32f4xx_hal_tim_ex.o
    0x080063f4   0x080063f4   0x000000b4   Code   RO         7925    i.HAL_TIMEx_MasterConfigSynchronization  stm32f4xx_hal_tim_ex.o
    0x080064a8   0x080064a8   0x00000034   Code   RO         7221    i.HAL_TIM_Base_Init  stm32f4xx_hal_tim.o
    0x080064dc   0x080064dc   0x000000d0   Code   RO         2059    i.HAL_TIM_Base_MspInit  tim.o
    0x080065ac   0x080065ac   0x0000002a   Code   RO         7224    i.HAL_TIM_Base_Start  stm32f4xx_hal_tim.o
    0x080065d6   0x080065d6   0x0000002a   Code   RO         7226    i.HAL_TIM_Base_Start_IT  stm32f4xx_hal_tim.o
    0x08006600   0x08006600   0x00000108   Code   RO         7230    i.HAL_TIM_ConfigClockSource  stm32f4xx_hal_tim.o
    0x08006708   0x08006708   0x00000002   Code   RO         7250    i.HAL_TIM_IC_CaptureCallback  stm32f4xx_hal_tim.o
    0x0800670a   0x0800670a   0x00000196   Code   RO         7264    i.HAL_TIM_IRQHandler  stm32f4xx_hal_tim.o
    0x080068a0   0x080068a0   0x00000134   Code   RO         2060    i.HAL_TIM_MspPostInit  tim.o
    0x080069d4   0x080069d4   0x00000002   Code   RO         7267    i.HAL_TIM_OC_DelayElapsedCallback  stm32f4xx_hal_tim.o
    0x080069d6   0x080069d6   0x00000108   Code   RO         7288    i.HAL_TIM_PWM_ConfigChannel  stm32f4xx_hal_tim.o
    0x08006ade   0x08006ade   0x00000034   Code   RO         7291    i.HAL_TIM_PWM_Init  stm32f4xx_hal_tim.o
    0x08006b12   0x08006b12   0x00000002   Code   RO         7293    i.HAL_TIM_PWM_MspInit  stm32f4xx_hal_tim.o
    0x08006b14   0x08006b14   0x00000002   Code   RO         7294    i.HAL_TIM_PWM_PulseFinishedCallback  stm32f4xx_hal_tim.o
    0x08006b16   0x08006b16   0x00000002   PAD
    0x08006b18   0x08006b18   0x00000058   Code   RO         7296    i.HAL_TIM_PWM_Start  stm32f4xx_hal_tim.o
    0x08006b70   0x08006b70   0x00000018   Code   RO         1628    i.HAL_TIM_PeriodElapsedCallback  main.o
    0x08006b88   0x08006b88   0x00000002   Code   RO         7307    i.HAL_TIM_TriggerCallback  stm32f4xx_hal_tim.o
    0x08006b8a   0x08006b8a   0x00000002   Code   RO         8179    i.HAL_UART_ErrorCallback  stm32f4xx_hal_uart.o
    0x08006b8c   0x08006b8c   0x00000154   Code   RO         8182    i.HAL_UART_IRQHandler  stm32f4xx_hal_uart.o
    0x08006ce0   0x08006ce0   0x00000072   Code   RO         8183    i.HAL_UART_Init     stm32f4xx_hal_uart.o
    0x08006d52   0x08006d52   0x00000002   PAD
    0x08006d54   0x08006d54   0x00000348   Code   RO         2125    i.HAL_UART_MspInit  usart.o
    0x0800709c   0x0800709c   0x00000002   Code   RO         8189    i.HAL_UART_RxCpltCallback  stm32f4xx_hal_uart.o
    0x0800709e   0x0800709e   0x00000002   PAD
    0x080070a0   0x080070a0   0x0000009c   Code   RO         8192    i.HAL_UART_Transmit_DMA  stm32f4xx_hal_uart.o
    0x0800713c   0x0800713c   0x00000002   Code   RO         8194    i.HAL_UART_TxCpltCallback  stm32f4xx_hal_uart.o
    0x0800713e   0x0800713e   0x00000002   Code   RO         8195    i.HAL_UART_TxHalfCpltCallback  stm32f4xx_hal_uart.o
    0x08007140   0x08007140   0x00000004   Code   RO         2589    i.HardFault_Handler  stm32f4xx_it.o
    0x08007144   0x08007144   0x0000003e   Code   RO         6461    i.I2C_IsAcknowledgeFailed  stm32f4xx_hal_i2c.o
    0x08007182   0x08007182   0x00000002   PAD
    0x08007184   0x08007184   0x00000160   Code   RO         6472    i.I2C_RequestMemoryRead  stm32f4xx_hal_i2c.o
    0x080072e4   0x080072e4   0x000000e0   Code   RO         6473    i.I2C_RequestMemoryWrite  stm32f4xx_hal_i2c.o
    0x080073c4   0x080073c4   0x0000005c   Code   RO         6481    i.I2C_WaitOnBTFFlagUntilTimeout  stm32f4xx_hal_i2c.o
    0x08007420   0x08007420   0x00000086   Code   RO         6482    i.I2C_WaitOnFlagUntilTimeout  stm32f4xx_hal_i2c.o
    0x080074a6   0x080074a6   0x000000c4   Code   RO         6483    i.I2C_WaitOnMasterAddressFlagUntilTimeout  stm32f4xx_hal_i2c.o
    0x0800756a   0x0800756a   0x00000080   Code   RO         6484    i.I2C_WaitOnRXNEFlagUntilTimeout  stm32f4xx_hal_i2c.o
    0x080075ea   0x080075ea   0x0000005c   Code   RO         6487    i.I2C_WaitOnTXEFlagUntilTimeout  stm32f4xx_hal_i2c.o
    0x08007646   0x08007646   0x00000002   PAD
    0x08007648   0x08007648   0x0000001c   Code   RO         3301    i.IMU_Cal_Status_Reivece  dji_imu.o
    0x08007664   0x08007664   0x000000b4   Code   RO          843    i.IMU_Compensate_Init  vision_control.o
    0x08007718   0x08007718   0x00000016   Code   RO         1738    i.IMU_Send          freertos.o
    0x0800772e   0x0800772e   0x00000002   PAD
    0x08007730   0x08007730   0x0000007c   Code   RO         3714    i.INS_cali_gyro     ins_task.o
    0x080077ac   0x080077ac   0x00000048   Code   RO         3715    i.INS_set_cali_gyro  ins_task.o
    0x080077f4   0x080077f4   0x00000314   Code   RO         3716    i.INS_task          ins_task.o
    0x08007b08   0x08007b08   0x0000009c   Code   RO          477    i.I_PID_Parameter_Init  my_incrementpid_bate.o
    0x08007ba4   0x08007ba4   0x0000003e   Code   RO         2413    i.IntToUnicode      usbd_desc.o
    0x08007be2   0x08007be2   0x00000002   PAD
    0x08007be4   0x08007be4   0x0000013c   Code   RO         1018    i.M2006_getInfo     m2006.o
    0x08007d20   0x08007d20   0x00000118   Code   RO          970    i.M3508_getInfo     m3508.o
    0x08007e38   0x08007e38   0x00000054   Code   RO          973    i.M3508s1_setCurrent  m3508.o
    0x08007e8c   0x08007e8c   0x00000070   Code   RO         1849    i.MX_ADC1_Init      adc.o
    0x08007efc   0x08007efc   0x00000070   Code   RO         1850    i.MX_ADC3_Init      adc.o
    0x08007f6c   0x08007f6c   0x00000044   Code   RO         1897    i.MX_CAN1_Init      can.o
    0x08007fb0   0x08007fb0   0x00000044   Code   RO         1898    i.MX_CAN2_Init      can.o
    0x08007ff4   0x08007ff4   0x000000b8   Code   RO         1944    i.MX_DMA_Init       dma.o
    0x080080ac   0x080080ac   0x00000578   Code   RO         1739    i.MX_FREERTOS_Init  freertos.o
    0x08008624   0x08008624   0x00000220   Code   RO         1711    i.MX_GPIO_Init      gpio.o
    0x08008844   0x08008844   0x0000003c   Code   RO         1970    i.MX_I2C3_Init      i2c.o
    0x08008880   0x08008880   0x00000048   Code   RO         2012    i.MX_SPI1_Init      spi.o
    0x080088c8   0x080088c8   0x00000044   Code   RO         2013    i.MX_SPI2_Init      spi.o
    0x0800890c   0x0800890c   0x0000006c   Code   RO         2061    i.MX_TIM10_Init     tim.o
    0x08008978   0x08008978   0x0000006c   Code   RO         2062    i.MX_TIM3_Init      tim.o
    0x080089e4   0x080089e4   0x000000a4   Code   RO         2063    i.MX_TIM4_Init      tim.o
    0x08008a88   0x08008a88   0x000000c4   Code   RO         2064    i.MX_TIM5_Init      tim.o
    0x08008b4c   0x08008b4c   0x00000038   Code   RO         2126    i.MX_USART1_UART_Init  usart.o
    0x08008b84   0x08008b84   0x00000038   Code   RO         2127    i.MX_USART3_UART_Init  usart.o
    0x08008bbc   0x08008bbc   0x00000038   Code   RO         2128    i.MX_USART6_UART_Init  usart.o
    0x08008bf4   0x08008bf4   0x0000004c   Code   RO         2178    i.MX_USB_DEVICE_Init  usb_device.o
    0x08008c40   0x08008c40   0x000005ac   Code   RO         4059    i.MahonyAHRSupdate  mahonyahrs.o
    0x080091ec   0x080091ec   0x000002fc   Code   RO         4060    i.MahonyAHRSupdateIMU  mahonyahrs.o
    0x080094e8   0x080094e8   0x00000004   Code   RO         2590    i.MemManage_Handler  stm32f4xx_it.o
    0x080094ec   0x080094ec   0x00000002   Code   RO         2591    i.NMI_Handler       stm32f4xx_it.o
    0x080094ee   0x080094ee   0x00000002   PAD
    0x080094f0   0x080094f0   0x00000168   Code   RO         1048    i.NM_swj            dr16_recive.o
    0x08009658   0x08009658   0x00000010   Code   RO         2592    i.OTG_FS_IRQHandler  stm32f4xx_it.o
    0x08009668   0x08009668   0x00000064   Code   RO         4170    i.PCD_EP_OutSetupPacket_int  stm32f4xx_hal_pcd.o
    0x080096cc   0x080096cc   0x0000017c   Code   RO         4171    i.PCD_EP_OutXfrComplete_int  stm32f4xx_hal_pcd.o
    0x08009848   0x08009848   0x000000b6   Code   RO         4172    i.PCD_WriteEmptyTxFifo  stm32f4xx_hal_pcd.o
    0x080098fe   0x080098fe   0x00000002   PAD
    0x08009900   0x08009900   0x000001f0   Code   RO         3671    i.PID_calc          pid.o
    0x08009af0   0x08009af0   0x00000060   Code   RO         3673    i.PID_init          pid.o
    0x08009b50   0x08009b50   0x00000024   Code   RO          524    i.P_PID_BetaGeneration  my_positionpid_bate.o
    0x08009b74   0x08009b74   0x00000088   Code   RO          526    i.P_PID_Parameter_Init  my_positionpid_bate.o
    0x08009bfc   0x08009bfc   0x00000180   Code   RO          527    i.P_PID_bate        my_positionpid_bate.o
    0x08009d7c   0x08009d7c   0x000000b4   Code   RO         1740    i.Robot_Control     freertos.o
    0x08009e30   0x08009e30   0x0000273c   Code   RO         3441    i.SPI1_DMA_enable   bsp_spi.o
    0x0800c56c   0x0800c56c   0x00000180   Code   RO         3442    i.SPI1_DMA_init     bsp_spi.o
    0x0800c6ec   0x0800c6ec   0x0000006c   Code   RO         6946    i.SPI_EndRxTxTransaction  stm32f4xx_hal_spi.o
    0x0800c758   0x0800c758   0x000000a8   Code   RO         6951    i.SPI_WaitFlagStateUntilTimeout  stm32f4xx_hal_spi.o
    0x0800c800   0x0800c800   0x00000012   Code   RO        10157    i.SWAPBYTE          usbd_ctlreq.o
    0x0800c812   0x0800c812   0x0000013c   Code   RO          800    i.SencondOrder_Kalman_Parameter_Init  kalman.o
    0x0800c94e   0x0800c94e   0x00000002   PAD
    0x0800c950   0x0800c950   0x00000034   Code   RO         9930    i.SysTick_Handler   port.o
    0x0800c984   0x0800c984   0x000000b4   Code   RO         1629    i.SystemClock_Config  main.o
    0x0800ca38   0x0800ca38   0x00000064   Code   RO         4101    i.SystemInit        system_stm32f4xx.o
    0x0800ca9c   0x0800ca9c   0x00000010   Code   RO         2593    i.TIM3_IRQHandler   stm32f4xx_it.o
    0x0800caac   0x0800caac   0x00000010   Code   RO         2594    i.TIM6_DAC_IRQHandler  stm32f4xx_it.o
    0x0800cabc   0x0800cabc   0x000000d8   Code   RO         7309    i.TIM_Base_SetConfig  stm32f4xx_hal_tim.o
    0x0800cb94   0x0800cb94   0x00000022   Code   RO         7310    i.TIM_CCxChannelCmd  stm32f4xx_hal_tim.o
    0x0800cbb6   0x0800cbb6   0x00000016   Code   RO         7320    i.TIM_ETR_SetConfig  stm32f4xx_hal_tim.o
    0x0800cbcc   0x0800cbcc   0x00000012   Code   RO         7321    i.TIM_ITRx_SetConfig  stm32f4xx_hal_tim.o
    0x0800cbde   0x0800cbde   0x00000002   PAD
    0x0800cbe0   0x0800cbe0   0x00000070   Code   RO         7322    i.TIM_OC1_SetConfig  stm32f4xx_hal_tim.o
    0x0800cc50   0x0800cc50   0x0000007c   Code   RO         7323    i.TIM_OC2_SetConfig  stm32f4xx_hal_tim.o
    0x0800cccc   0x0800cccc   0x00000078   Code   RO         7324    i.TIM_OC3_SetConfig  stm32f4xx_hal_tim.o
    0x0800cd44   0x0800cd44   0x00000054   Code   RO         7325    i.TIM_OC4_SetConfig  stm32f4xx_hal_tim.o
    0x0800cd98   0x0800cd98   0x00000026   Code   RO         7327    i.TIM_TI1_ConfigInputStage  stm32f4xx_hal_tim.o
    0x0800cdbe   0x0800cdbe   0x00000028   Code   RO         7329    i.TIM_TI2_ConfigInputStage  stm32f4xx_hal_tim.o
    0x0800cde6   0x0800cde6   0x00000014   Code   RO         8196    i.UART_DMAAbortOnError  stm32f4xx_hal_uart.o
    0x0800cdfa   0x0800cdfa   0x00000050   Code   RO         8197    i.UART_DMAError     stm32f4xx_hal_uart.o
    0x0800ce4a   0x0800ce4a   0x00000036   Code   RO         8202    i.UART_DMATransmitCplt  stm32f4xx_hal_uart.o
    0x0800ce80   0x0800ce80   0x0000000e   Code   RO         8204    i.UART_DMATxHalfCplt  stm32f4xx_hal_uart.o
    0x0800ce8e   0x0800ce8e   0x00000020   Code   RO         8206    i.UART_EndRxTransfer  stm32f4xx_hal_uart.o
    0x0800ceae   0x0800ceae   0x00000020   Code   RO         8207    i.UART_EndTransmit_IT  stm32f4xx_hal_uart.o
    0x0800cece   0x0800cece   0x00000014   Code   RO         8208    i.UART_EndTxTransfer  stm32f4xx_hal_uart.o
    0x0800cee2   0x0800cee2   0x000000a6   Code   RO         8209    i.UART_Receive_IT   stm32f4xx_hal_uart.o
    0x0800cf88   0x0800cf88   0x000003e8   Code   RO         8210    i.UART_SetConfig    stm32f4xx_hal_uart.o
    0x0800d370   0x0800d370   0x00000068   Code   RO         8211    i.UART_Transmit_IT  stm32f4xx_hal_uart.o
    0x0800d3d8   0x0800d3d8   0x00000010   Code   RO         2595    i.USART1_IRQHandler  stm32f4xx_it.o
    0x0800d3e8   0x0800d3e8   0x00000024   Code   RO         2596    i.USART3_IRQHandler  stm32f4xx_it.o
    0x0800d40c   0x0800d40c   0x00000024   Code   RO         2597    i.USART6_IRQHandler  stm32f4xx_it.o
    0x0800d430   0x0800d430   0x00000044   Code   RO         1430    i.USART_RX_DMA_ENABLE  vision.o
    0x0800d474   0x0800d474   0x00000044   Code   RO         1050    i.USART_Receive_DMA_NO_IT  dr16_recive.o
    0x0800d4b8   0x0800d4b8   0x0000008c   Code   RO        10340    i.USBD_CDC_DataIn   usbd_cdc.o
    0x0800d544   0x0800d544   0x00000034   Code   RO        10341    i.USBD_CDC_DataOut  usbd_cdc.o
    0x0800d578   0x0800d578   0x00000054   Code   RO        10342    i.USBD_CDC_DeInit   usbd_cdc.o
    0x0800d5cc   0x0800d5cc   0x00000032   Code   RO        10343    i.USBD_CDC_EP0_RxReady  usbd_cdc.o
    0x0800d5fe   0x0800d5fe   0x00000002   PAD
    0x0800d600   0x0800d600   0x00000010   Code   RO        10344    i.USBD_CDC_GetDeviceQualifierDescriptor  usbd_cdc.o
    0x0800d610   0x0800d610   0x00000010   Code   RO        10345    i.USBD_CDC_GetFSCfgDesc  usbd_cdc.o
    0x0800d620   0x0800d620   0x00000010   Code   RO        10346    i.USBD_CDC_GetHSCfgDesc  usbd_cdc.o
    0x0800d630   0x0800d630   0x00000010   Code   RO        10347    i.USBD_CDC_GetOtherSpeedCfgDesc  usbd_cdc.o
    0x0800d640   0x0800d640   0x000000c0   Code   RO        10348    i.USBD_CDC_Init     usbd_cdc.o
    0x0800d700   0x0800d700   0x0000003a   Code   RO        10349    i.USBD_CDC_ReceivePacket  usbd_cdc.o
    0x0800d73a   0x0800d73a   0x00000010   Code   RO        10350    i.USBD_CDC_RegisterInterface  usbd_cdc.o
    0x0800d74a   0x0800d74a   0x0000000e   Code   RO        10351    i.USBD_CDC_SetRxBuffer  usbd_cdc.o
    0x0800d758   0x0800d758   0x00000014   Code   RO        10352    i.USBD_CDC_SetTxBuffer  usbd_cdc.o
    0x0800d76c   0x0800d76c   0x000000fa   Code   RO        10353    i.USBD_CDC_Setup    usbd_cdc.o
    0x0800d866   0x0800d866   0x0000001c   Code   RO        10009    i.USBD_ClrClassConfig  usbd_core.o
    0x0800d882   0x0800d882   0x0000003e   Code   RO        10158    i.USBD_ClrFeature   usbd_ctlreq.o
    0x0800d8c0   0x0800d8c0   0x00000018   Code   RO        10270    i.USBD_CtlContinueRx  usbd_ioreq.o
    0x0800d8d8   0x0800d8d8   0x00000018   Code   RO        10271    i.USBD_CtlContinueSendData  usbd_ioreq.o
    0x0800d8f0   0x0800d8f0   0x00000018   Code   RO        10159    i.USBD_CtlError     usbd_ctlreq.o
    0x0800d908   0x0800d908   0x00000028   Code   RO        10272    i.USBD_CtlPrepareRx  usbd_ioreq.o
    0x0800d930   0x0800d930   0x0000001a   Code   RO        10273    i.USBD_CtlReceiveStatus  usbd_ioreq.o
    0x0800d94a   0x0800d94a   0x00000022   Code   RO        10274    i.USBD_CtlSendData  usbd_ioreq.o
    0x0800d96c   0x0800d96c   0x0000001a   Code   RO        10275    i.USBD_CtlSendStatus  usbd_ioreq.o
    0x0800d986   0x0800d986   0x00000002   PAD
    0x0800d988   0x0800d988   0x00000034   Code   RO         2414    i.USBD_FS_ConfigStrDescriptor  usbd_desc.o
    0x0800d9bc   0x0800d9bc   0x00000010   Code   RO         2415    i.USBD_FS_DeviceDescriptor  usbd_desc.o
    0x0800d9cc   0x0800d9cc   0x00000038   Code   RO         2416    i.USBD_FS_InterfaceStrDescriptor  usbd_desc.o
    0x0800da04   0x0800da04   0x00000010   Code   RO         2417    i.USBD_FS_LangIDStrDescriptor  usbd_desc.o
    0x0800da14   0x0800da14   0x0000002c   Code   RO         2418    i.USBD_FS_ManufacturerStrDescriptor  usbd_desc.o
    0x0800da40   0x0800da40   0x00000040   Code   RO         2419    i.USBD_FS_ProductStrDescriptor  usbd_desc.o
    0x0800da80   0x0800da80   0x00000018   Code   RO         2420    i.USBD_FS_SerialStrDescriptor  usbd_desc.o
    0x0800da98   0x0800da98   0x00000056   Code   RO        10160    i.USBD_GetConfig    usbd_ctlreq.o
    0x0800daee   0x0800daee   0x000001fc   Code   RO        10161    i.USBD_GetDescriptor  usbd_ctlreq.o
    0x0800dcea   0x0800dcea   0x00000016   Code   RO        10162    i.USBD_GetLen       usbd_ctlreq.o
    0x0800dd00   0x0800dd00   0x0000005a   Code   RO        10163    i.USBD_GetStatus    usbd_ctlreq.o
    0x0800dd5a   0x0800dd5a   0x00000054   Code   RO        10164    i.USBD_GetString    usbd_ctlreq.o
    0x0800ddae   0x0800ddae   0x0000002c   Code   RO         2226    i.USBD_Get_USB_Status  usbd_conf.o
    0x0800ddda   0x0800ddda   0x00000044   Code   RO        10011    i.USBD_Init         usbd_core.o
    0x0800de1e   0x0800de1e   0x00000026   Code   RO         2227    i.USBD_LL_ClearStallEP  usbd_conf.o
    0x0800de44   0x0800de44   0x00000026   Code   RO         2228    i.USBD_LL_CloseEP   usbd_conf.o
    0x0800de6a   0x0800de6a   0x000000e6   Code   RO        10012    i.USBD_LL_DataInStage  usbd_core.o
    0x0800df50   0x0800df50   0x00000092   Code   RO        10013    i.USBD_LL_DataOutStage  usbd_core.o
    0x0800dfe2   0x0800dfe2   0x00000006   Code   RO        10014    i.USBD_LL_DevConnected  usbd_core.o
    0x0800dfe8   0x0800dfe8   0x00000020   Code   RO        10015    i.USBD_LL_DevDisconnected  usbd_core.o
    0x0800e008   0x0800e008   0x00000012   Code   RO         2232    i.USBD_LL_GetRxDataSize  usbd_conf.o
    0x0800e01a   0x0800e01a   0x00000002   PAD
    0x0800e01c   0x0800e01c   0x00000068   Code   RO         2233    i.USBD_LL_Init      usbd_conf.o
    0x0800e084   0x0800e084   0x00000038   Code   RO         2234    i.USBD_LL_IsStallEP  usbd_conf.o
    0x0800e0bc   0x0800e0bc   0x00000006   Code   RO        10016    i.USBD_LL_IsoINIncomplete  usbd_core.o
    0x0800e0c2   0x0800e0c2   0x00000006   Code   RO        10017    i.USBD_LL_IsoOUTIncomplete  usbd_core.o
    0x0800e0c8   0x0800e0c8   0x00000030   Code   RO         2235    i.USBD_LL_OpenEP    usbd_conf.o
    0x0800e0f8   0x0800e0f8   0x00000030   Code   RO         2236    i.USBD_LL_PrepareReceive  usbd_conf.o
    0x0800e128   0x0800e128   0x0000005a   Code   RO        10018    i.USBD_LL_Reset     usbd_core.o
    0x0800e182   0x0800e182   0x00000016   Code   RO        10019    i.USBD_LL_Resume    usbd_core.o
    0x0800e198   0x0800e198   0x00000022   Code   RO        10020    i.USBD_LL_SOF       usbd_core.o
    0x0800e1ba   0x0800e1ba   0x00000008   Code   RO        10021    i.USBD_LL_SetSpeed  usbd_core.o
    0x0800e1c2   0x0800e1c2   0x00000026   Code   RO         2237    i.USBD_LL_SetUSBAddress  usbd_conf.o
    0x0800e1e8   0x0800e1e8   0x00000076   Code   RO        10022    i.USBD_LL_SetupStage  usbd_core.o
    0x0800e25e   0x0800e25e   0x00000026   Code   RO         2238    i.USBD_LL_StallEP   usbd_conf.o
    0x0800e284   0x0800e284   0x0000001e   Code   RO         2239    i.USBD_LL_Start     usbd_conf.o
    0x0800e2a2   0x0800e2a2   0x00000014   Code   RO        10023    i.USBD_LL_Suspend   usbd_core.o
    0x0800e2b6   0x0800e2b6   0x00000030   Code   RO         2241    i.USBD_LL_Transmit  usbd_conf.o
    0x0800e2e6   0x0800e2e6   0x00000036   Code   RO        10165    i.USBD_ParseSetupRequest  usbd_ctlreq.o
    0x0800e31c   0x0800e31c   0x00000026   Code   RO        10024    i.USBD_RegisterClass  usbd_core.o
    0x0800e342   0x0800e342   0x00000006   Code   RO        10025    i.USBD_RunTestMode  usbd_core.o
    0x0800e348   0x0800e348   0x0000005a   Code   RO        10166    i.USBD_SetAddress   usbd_ctlreq.o
    0x0800e3a2   0x0800e3a2   0x00000020   Code   RO        10026    i.USBD_SetClassConfig  usbd_core.o
    0x0800e3c2   0x0800e3c2   0x00000002   PAD
    0x0800e3c4   0x0800e3c4   0x000000fc   Code   RO        10167    i.USBD_SetConfig    usbd_ctlreq.o
    0x0800e4c0   0x0800e4c0   0x00000018   Code   RO        10168    i.USBD_SetFeature   usbd_ctlreq.o
    0x0800e4d8   0x0800e4d8   0x0000000c   Code   RO        10027    i.USBD_Start        usbd_core.o
    0x0800e4e4   0x0800e4e4   0x000000a6   Code   RO        10169    i.USBD_StdDevReq    usbd_ctlreq.o
    0x0800e58a   0x0800e58a   0x0000022a   Code   RO        10170    i.USBD_StdEPReq     usbd_ctlreq.o
    0x0800e7b4   0x0800e7b4   0x0000007e   Code   RO        10171    i.USBD_StdItfReq    usbd_ctlreq.o
    0x0800e832   0x0800e832   0x00000002   PAD
    0x0800e834   0x0800e834   0x000000d0   Code   RO         4411    i.USB_ActivateEndpoint  stm32f4xx_ll_usb.o
    0x0800e904   0x0800e904   0x00000028   Code   RO         4413    i.USB_ActivateSetup  stm32f4xx_ll_usb.o
    0x0800e92c   0x0800e92c   0x00000084   Code   RO         4415    i.USB_CoreInit      stm32f4xx_ll_usb.o
    0x0800e9b0   0x0800e9b0   0x0000004c   Code   RO         4416    i.USB_CoreReset     stm32f4xx_ll_usb.o
    0x0800e9fc   0x0800e9fc   0x0000014c   Code   RO         4419    i.USB_DeactivateEndpoint  stm32f4xx_ll_usb.o
    0x0800eb48   0x0800eb48   0x00000024   Code   RO         4420    i.USB_DevConnect    stm32f4xx_ll_usb.o
    0x0800eb6c   0x0800eb6c   0x00000024   Code   RO         4421    i.USB_DevDisconnect  stm32f4xx_ll_usb.o
    0x0800eb90   0x0800eb90   0x000001e0   Code   RO         4422    i.USB_DevInit       stm32f4xx_ll_usb.o
    0x0800ed70   0x0800ed70   0x0000000e   Code   RO         4423    i.USB_DisableGlobalInt  stm32f4xx_ll_usb.o
    0x0800ed7e   0x0800ed7e   0x00000002   PAD
    0x0800ed80   0x0800ed80   0x000001d8   Code   RO         4426    i.USB_EP0StartXfer  stm32f4xx_ll_usb.o
    0x0800ef58   0x0800ef58   0x00000070   Code   RO         4427    i.USB_EP0_OutStart  stm32f4xx_ll_usb.o
    0x0800efc8   0x0800efc8   0x0000008e   Code   RO         4428    i.USB_EPClearStall  stm32f4xx_ll_usb.o
    0x0800f056   0x0800f056   0x0000009a   Code   RO         4429    i.USB_EPSetStall    stm32f4xx_ll_usb.o
    0x0800f0f0   0x0800f0f0   0x00000344   Code   RO         4430    i.USB_EPStartXfer   stm32f4xx_ll_usb.o
    0x0800f434   0x0800f434   0x0000000e   Code   RO         4431    i.USB_EnableGlobalInt  stm32f4xx_ll_usb.o
    0x0800f442   0x0800f442   0x00000002   PAD
    0x0800f444   0x0800f444   0x0000002c   Code   RO         4432    i.USB_FlushRxFifo   stm32f4xx_ll_usb.o
    0x0800f470   0x0800f470   0x00000030   Code   RO         4433    i.USB_FlushTxFifo   stm32f4xx_ll_usb.o
    0x0800f4a0   0x0800f4a0   0x00000026   Code   RO         4435    i.USB_GetDevSpeed   stm32f4xx_ll_usb.o
    0x0800f4c6   0x0800f4c6   0x0000000a   Code   RO         4437    i.USB_GetMode       stm32f4xx_ll_usb.o
    0x0800f4d0   0x0800f4d0   0x00000014   Code   RO         4444    i.USB_ReadDevAllInEpInterrupt  stm32f4xx_ll_usb.o
    0x0800f4e4   0x0800f4e4   0x00000014   Code   RO         4445    i.USB_ReadDevAllOutEpInterrupt  stm32f4xx_ll_usb.o
    0x0800f4f8   0x0800f4f8   0x00000032   Code   RO         4446    i.USB_ReadDevInEPInterrupt  stm32f4xx_ll_usb.o
    0x0800f52a   0x0800f52a   0x0000001a   Code   RO         4447    i.USB_ReadDevOutEPInterrupt  stm32f4xx_ll_usb.o
    0x0800f544   0x0800f544   0x0000000a   Code   RO         4448    i.USB_ReadInterrupts  stm32f4xx_ll_usb.o
    0x0800f54e   0x0800f54e   0x00000022   Code   RO         4449    i.USB_ReadPacket    stm32f4xx_ll_usb.o
    0x0800f570   0x0800f570   0x00000036   Code   RO         4451    i.USB_SetCurrentMode  stm32f4xx_ll_usb.o
    0x0800f5a6   0x0800f5a6   0x0000002a   Code   RO         4452    i.USB_SetDevAddress  stm32f4xx_ll_usb.o
    0x0800f5d0   0x0800f5d0   0x00000012   Code   RO         4453    i.USB_SetDevSpeed   stm32f4xx_ll_usb.o
    0x0800f5e2   0x0800f5e2   0x00000002   PAD
    0x0800f5e4   0x0800f5e4   0x000000e8   Code   RO         4454    i.USB_SetTurnaroundTime  stm32f4xx_ll_usb.o
    0x0800f6cc   0x0800f6cc   0x0000003c   Code   RO         4457    i.USB_WritePacket   stm32f4xx_ll_usb.o
    0x0800f708   0x0800f708   0x000001e0   Code   RO         3717    i.Updata_Hand_Euler_Gyro_Data  ins_task.o
    0x0800f8e8   0x0800f8e8   0x00000004   Code   RO         2598    i.UsageFault_Handler  stm32f4xx_it.o
    0x0800f8ec   0x0800f8ec   0x00000074   Code   RO          847    i.Vision_Control_Init  vision_control.o
    0x0800f960   0x0800f960   0x000002f8   Code   RO         1432    i.Vision_DataReceive  vision.o
    0x0800fc58   0x0800fc58   0x00000070   Code   RO         1434    i.Vision_Handler    vision.o
    0x0800fcc8   0x0800fcc8   0x000000ec   Code   RO          849    i.Vision_PID_Init   vision_control.o
    0x0800fdb4   0x0800fdb4   0x00000026   Code   RO        11042    i.__ARM_fpclassifyf  m_wm.l(fpclassifyf.o)
    0x0800fdda   0x0800fdda   0x00000002   PAD
    0x0800fddc   0x0800fddc   0x00000010   Code   RO         5518    i.__NVIC_GetPriorityGrouping  stm32f4xx_hal_cortex.o
    0x0800fdec   0x0800fdec   0x00000028   Code   RO         5519    i.__NVIC_SetPriority  stm32f4xx_hal_cortex.o
    0x0800fe14   0x0800fe14   0x0000012c   Code   RO        10736    i.__hardfp_asinf    m_wm.l(asinf.o)
    0x0800ff40   0x0800ff40   0x00000250   Code   RO        10762    i.__hardfp_atan2f   m_wm.l(atan2f.o)
    0x08010190   0x08010190   0x0000007a   Code   RO        10804    i.__hardfp_sqrt     m_wm.l(sqrt_full.o)
    0x0801020a   0x0801020a   0x00000006   Code   RO        11045    i.__mathlib_flt_infnan  m_wm.l(funder.o)
    0x08010210   0x08010210   0x00000006   Code   RO        11046    i.__mathlib_flt_infnan2  m_wm.l(funder.o)
    0x08010216   0x08010216   0x00000002   PAD
    0x08010218   0x08010218   0x00000010   Code   RO        11047    i.__mathlib_flt_invalid  m_wm.l(funder.o)
    0x08010228   0x08010228   0x00000010   Code   RO        11050    i.__mathlib_flt_underflow  m_wm.l(funder.o)
    0x08010238   0x08010238   0x00000068   Code   RO         3412    i.aRGB_led_show     bsp_led.o
    0x080102a0   0x080102a0   0x0000003c   Code   RO         3619    i.adcx_get_chx_value  bsp_adc.o
    0x080102dc   0x080102dc   0x0000017c   Code   RO          445    i.balance_control   my_balance_control.o
    0x08010458   0x08010458   0x00000134   Code   RO         2821    i.bmi088_accel_init  bmi088driver.o
    0x0801058c   0x0801058c   0x000002fc   Code   RO         2822    i.bmi088_accel_self_test  bmi088driver.o
    0x08010888   0x08010888   0x000000f4   Code   RO         2823    i.bmi088_gyro_init  bmi088driver.o
    0x0801097c   0x0801097c   0x000000d0   Code   RO         2824    i.bmi088_gyro_self_test  bmi088driver.o
    0x08010a4c   0x08010a4c   0x000000b8   Code   RO         3912    i.cali_data_read    calibrate_task.o
    0x08010b04   0x08010b04   0x00000074   Code   RO         3913    i.cali_data_write   calibrate_task.o
    0x08010b78   0x08010b78   0x0000004c   Code   RO         3914    i.cali_gyro_hook    calibrate_task.o
    0x08010bc4   0x08010bc4   0x00000098   Code   RO         3915    i.cali_param_init   calibrate_task.o
    0x08010c5c   0x08010c5c   0x0000017c   Code   RO         3916    i.calibrate_task    calibrate_task.o
    0x08010dd8   0x08010dd8   0x00000030   Code   RO         3346    i.delay_init        bsp_delay.o
    0x08010e08   0x08010e08   0x00000050   Code   RO         3348    i.delay_us          bsp_delay.o
    0x08010e58   0x08010e58   0x0000002e   Code   RO         3475    i.flash_erase_address  bsp_flash.o
    0x08010e86   0x08010e86   0x00000014   Code   RO         3476    i.flash_read        bsp_flash.o
    0x08010e9a   0x08010e9a   0x00000002   PAD
    0x08010e9c   0x08010e9c   0x00000098   Code   RO         3478    i.flash_write_single_address  bsp_flash.o
    0x08010f34   0x08010f34   0x000000f4   Code   RO         3479    i.ger_sector        bsp_flash.o
    0x08011028   0x08011028   0x000000dc   Code   RO         3718    i.get_angle         ins_task.o
    0x08011104   0x08011104   0x000000e8   Code   RO         3480    i.get_next_flash_address  bsp_flash.o
    0x080111ec   0x080111ec   0x00000054   Code   RO         3719    i.gyro_offset_calc  ins_task.o
    0x08011240   0x08011240   0x0000012c   Code   RO         3720    i.imu_cali_slove    ins_task.o
    0x0801136c   0x0801136c   0x00000168   Code   RO         3721    i.imu_cmd_spi_dma   ins_task.o
    0x080114d4   0x080114d4   0x0000000c   Code   RO         3384    i.imu_pwm_set       bsp_imu_pwm.o
    0x080114e0   0x080114e0   0x000000bc   Code   RO         3722    i.imu_temp_control  ins_task.o
    0x0801159c   0x0801159c   0x00000040   Code   RO         3623    i.init_vrefint_reciprocal  bsp_adc.o
    0x080115dc   0x080115dc   0x0000003c   Code   RO         4061    i.invSqrt           mahonyahrs.o
    0x08011618   0x08011618   0x00000002   Code   RO         3168    i.ist8310_GPIO_init  ist8310driver_middleware.o
    0x0801161a   0x0801161a   0x00000002   PAD
    0x0801161c   0x0801161c   0x00000028   Code   RO         3170    i.ist8310_IIC_read_single_reg  ist8310driver_middleware.o
    0x08011644   0x08011644   0x00000028   Code   RO         3172    i.ist8310_IIC_write_single_reg  ist8310driver_middleware.o
    0x0801166c   0x0801166c   0x00000014   Code   RO         3173    i.ist8310_RST_H     ist8310driver_middleware.o
    0x08011680   0x08011680   0x00000014   Code   RO         3174    i.ist8310_RST_L     ist8310driver_middleware.o
    0x08011694   0x08011694   0x00000002   Code   RO         3175    i.ist8310_com_init  ist8310driver_middleware.o
    0x08011696   0x08011696   0x0000000c   Code   RO         3176    i.ist8310_delay_ms  ist8310driver_middleware.o
    0x080116a2   0x080116a2   0x00000002   PAD
    0x080116a4   0x080116a4   0x00000094   Code   RO         3130    i.ist8310_init      ist8310driver.o
    0x08011738   0x08011738   0x000001b0   Code   RO         3850    i.led_RGB_flow_task  led_flow_task.o
    0x080118e8   0x080118e8   0x00000082   Code   RO         1630    i.main              main.o
    0x0801196a   0x0801196a   0x0000000e   Code   RO         9501    i.makeFreeRtosPriority  cmsis_os.o
    0x08011978   0x08011978   0x00000078   Code   RO         1499    i.oled_LOGO         oled.o
    0x080119f0   0x080119f0   0x00000054   Code   RO         1500    i.oled_clear        oled.o
    0x08011a44   0x08011a44   0x0000008c   Code   RO         1504    i.oled_drawpoint    oled.o
    0x08011ad0   0x08011ad0   0x0000011c   Code   RO         1505    i.oled_init         oled.o
    0x08011bec   0x08011bec   0x00000038   Code   RO         1508    i.oled_refresh_gram  oled.o
    0x08011c24   0x08011c24   0x0000002e   Code   RO         1509    i.oled_set_pos      oled.o
    0x08011c52   0x08011c52   0x00000002   PAD
    0x08011c54   0x08011c54   0x00000034   Code   RO         1513    i.oled_write_byte   oled.o
    0x08011c88   0x08011c88   0x00000018   Code   RO         9503    i.osDelay           cmsis_os.o
    0x08011ca0   0x08011ca0   0x0000000a   Code   RO         9506    i.osKernelStart     cmsis_os.o
    0x08011caa   0x08011caa   0x0000005e   Code   RO         9540    i.osThreadCreate    cmsis_os.o
    0x08011d08   0x08011d08   0x00000030   Code   RO         8986    i.pcTaskGetName     tasks.o
    0x08011d38   0x08011d38   0x000000a4   Code   RO         8987    i.prvAddCurrentTaskToDelayedList  tasks.o
    0x08011ddc   0x08011ddc   0x000000b4   Code   RO         8988    i.prvAddNewTaskToReadyList  tasks.o
    0x08011e90   0x08011e90   0x00000074   Code   RO         9339    i.prvCheckForValidListAndQueue  timers.o
    0x08011f04   0x08011f04   0x00000048   Code   RO         8989    i.prvCheckTasksWaitingTermination  tasks.o
    0x08011f4c   0x08011f4c   0x0000002a   Code   RO         8634    i.prvCopyDataFromQueue  queue.o
    0x08011f76   0x08011f76   0x0000007e   Code   RO         8635    i.prvCopyDataToQueue  queue.o
    0x08011ff4   0x08011ff4   0x00000050   Code   RO         8990    i.prvDeleteTCB      tasks.o
    0x08012044   0x08012044   0x00000028   Code   RO         9340    i.prvGetNextExpireTime  timers.o
    0x0801206c   0x0801206c   0x0000007c   Code   RO         9880    i.prvHeapInit       heap_4.o
    0x080120e8   0x080120e8   0x00000028   Code   RO         8991    i.prvIdleTask       tasks.o
    0x08012110   0x08012110   0x00000026   Code   RO         8638    i.prvInitialiseNewQueue  queue.o
    0x08012136   0x08012136   0x000000c2   Code   RO         8992    i.prvInitialiseNewTask  tasks.o
    0x080121f8   0x080121f8   0x00000068   Code   RO         8993    i.prvInitialiseTaskLists  tasks.o
    0x08012260   0x08012260   0x00000068   Code   RO         9881    i.prvInsertBlockIntoFreeList  heap_4.o
    0x080122c8   0x080122c8   0x00000058   Code   RO         9342    i.prvInsertTimerInActiveList  timers.o
    0x08012320   0x08012320   0x0000001a   Code   RO         8639    i.prvIsQueueEmpty   queue.o
    0x0801233a   0x0801233a   0x0000001e   Code   RO         8640    i.prvIsQueueFull    queue.o
    0x08012358   0x08012358   0x00000074   Code   RO         9343    i.prvProcessExpiredTimer  timers.o
    0x080123cc   0x080123cc   0x00000164   Code   RO         9344    i.prvProcessReceivedCommands  timers.o
    0x08012530   0x08012530   0x00000074   Code   RO         9345    i.prvProcessTimerOrBlockTask  timers.o
    0x080125a4   0x080125a4   0x00000034   Code   RO         8994    i.prvResetNextTaskUnblockTime  tasks.o
    0x080125d8   0x080125d8   0x0000002c   Code   RO         9346    i.prvSampleTimeNow  timers.o
    0x08012604   0x08012604   0x000000b0   Code   RO         8995    i.prvSearchForNameWithinSingleList  tasks.o
    0x080126b4   0x080126b4   0x000000a4   Code   RO         9347    i.prvSwitchTimerLists  timers.o
    0x08012758   0x08012758   0x00000016   Code   RO         8996    i.prvTaskCheckFreeStackSpace  tasks.o
    0x0801276e   0x0801276e   0x00000002   PAD
    0x08012770   0x08012770   0x00000040   Code   RO         9931    i.prvTaskExitError  port.o
    0x080127b0   0x080127b0   0x0000001a   Code   RO         9348    i.prvTimerTask      timers.o
    0x080127ca   0x080127ca   0x0000007e   Code   RO         8641    i.prvUnlockQueue    queue.o
    0x08012848   0x08012848   0x0000013c   Code   RO         9882    i.pvPortMalloc      heap_4.o
    0x08012984   0x08012984   0x0000002c   Code   RO         9932    i.pxPortInitialiseStack  port.o
    0x080129b0   0x080129b0   0x0000003e   Code   RO        11073    i.sqrtf             m_wm.l(sqrtf_full.o)
    0x080129ee   0x080129ee   0x0000000a   Code   RO         3885    i.test_task         test_task.o
    0x080129f8   0x080129f8   0x00000074   Code   RO         8999    i.ulTaskNotifyTake  tasks.o
    0x08012a6c   0x08012a6c   0x00000050   Code   RO         1051    i.usart1_dr16_init  dr16_recive.o
    0x08012abc   0x08012abc   0x00000028   Code   RO         8594    i.uxListRemove      list.o
    0x08012ae4   0x08012ae4   0x00000028   Code   RO         9001    i.uxTaskGetStackHighWaterMark  tasks.o
    0x08012b0c   0x08012b0c   0x00000018   Code   RO         1742    i.vApplicationGetIdleTaskMemory  freertos.o
    0x08012b24   0x08012b24   0x00000018   Code   RO         1743    i.vApplicationGetTimerTaskMemory  freertos.o
    0x08012b3c   0x08012b3c   0x0000001a   Code   RO         8595    i.vListInitialise   list.o
    0x08012b56   0x08012b56   0x00000006   Code   RO         8596    i.vListInitialiseItem  list.o
    0x08012b5c   0x08012b5c   0x00000034   Code   RO         8597    i.vListInsert       list.o
    0x08012b90   0x08012b90   0x00000018   Code   RO         8598    i.vListInsertEnd    list.o
    0x08012ba8   0x08012ba8   0x00000054   Code   RO         9934    i.vPortEnterCritical  port.o
    0x08012bfc   0x08012bfc   0x0000003c   Code   RO         9935    i.vPortExitCritical  port.o
    0x08012c38   0x08012c38   0x00000094   Code   RO         9883    i.vPortFree         heap_4.o
    0x08012ccc   0x08012ccc   0x00000028   Code   RO         9936    i.vPortSetupTimerInterrupt  port.o
    0x08012cf4   0x08012cf4   0x00000078   Code   RO         9937    i.vPortValidateInterruptPriority  port.o
    0x08012d6c   0x08012d6c   0x0000002c   Code   RO         8645    i.vQueueAddToRegistry  queue.o
    0x08012d98   0x08012d98   0x0000004a   Code   RO         8648    i.vQueueWaitForMessageRestricted  queue.o
    0x08012de2   0x08012de2   0x00000002   PAD
    0x08012de4   0x08012de4   0x0000005c   Code   RO         9005    i.vTaskDelay        tasks.o
    0x08012e40   0x08012e40   0x000000d4   Code   RO         9006    i.vTaskDelayUntil   tasks.o
    0x08012f14   0x08012f14   0x00000018   Code   RO         9009    i.vTaskInternalSetTimeOutState  tasks.o
    0x08012f2c   0x08012f2c   0x0000000c   Code   RO         9010    i.vTaskMissedYield  tasks.o
    0x08012f38   0x08012f38   0x000000f0   Code   RO         9011    i.vTaskNotifyGiveFromISR  tasks.o
    0x08013028   0x08013028   0x00000038   Code   RO         9012    i.vTaskPlaceOnEventList  tasks.o
    0x08013060   0x08013060   0x00000040   Code   RO         9013    i.vTaskPlaceOnEventListRestricted  tasks.o
    0x080130a0   0x080130a0   0x000000b8   Code   RO         9020    i.vTaskStartScheduler  tasks.o
    0x08013158   0x08013158   0x00000010   Code   RO         9022    i.vTaskSuspendAll   tasks.o
    0x08013168   0x08013168   0x0000008c   Code   RO         9023    i.vTaskSwitchContext  tasks.o
    0x080131f4   0x080131f4   0x00000168   Code   RO         9938    i.xPortStartScheduler  port.o
    0x0801335c   0x0801335c   0x00000060   Code   RO         8651    i.xQueueGenericCreate  queue.o
    0x080133bc   0x080133bc   0x000000e0   Code   RO         8652    i.xQueueGenericCreateStatic  queue.o
    0x0801349c   0x0801349c   0x00000098   Code   RO         8653    i.xQueueGenericReset  queue.o
    0x08013534   0x08013534   0x000001a8   Code   RO         8654    i.xQueueGenericSend  queue.o
    0x080136dc   0x080136dc   0x000000f8   Code   RO         8655    i.xQueueGenericSendFromISR  queue.o
    0x080137d4   0x080137d4   0x00000168   Code   RO         8663    i.xQueueReceive     queue.o
    0x0801393c   0x0801393c   0x000000a8   Code   RO         9025    i.xTaskCheckForTimeOut  tasks.o
    0x080139e4   0x080139e4   0x00000064   Code   RO         9026    i.xTaskCreate       tasks.o
    0x08013a48   0x08013a48   0x000000ba   Code   RO         9027    i.xTaskCreateStatic  tasks.o
    0x08013b02   0x08013b02   0x00000002   PAD
    0x08013b04   0x08013b04   0x000000a4   Code   RO         9031    i.xTaskGetHandle    tasks.o
    0x08013ba8   0x08013ba8   0x00000020   Code   RO         9032    i.xTaskGetSchedulerState  tasks.o
    0x08013bc8   0x08013bc8   0x0000000c   Code   RO         9033    i.xTaskGetTickCount  tasks.o
    0x08013bd4   0x08013bd4   0x00000148   Code   RO         9035    i.xTaskIncrementTick  tasks.o
    0x08013d1c   0x08013d1c   0x000000c8   Code   RO         9038    i.xTaskPriorityDisinherit  tasks.o
    0x08013de4   0x08013de4   0x00000098   Code   RO         9040    i.xTaskRemoveFromEventList  tasks.o
    0x08013e7c   0x08013e7c   0x00000104   Code   RO         9041    i.xTaskResumeAll    tasks.o
    0x08013f80   0x08013f80   0x00000078   Code   RO         9354    i.xTimerCreateTimerTask  timers.o
    0x08013ff8   0x08013ff8   0x00000084   Code   RO         9355    i.xTimerGenericCommand  timers.o
    0x0801407c   0x0801407c   0x000002c4   Code   RO        10702    x$fpl$d2f           g_wm.l(d2f_clz.o)
    0x08014340   0x08014340   0x0000024c   Code   RO        10704    x$fpl$dadd          g_wm.l(daddsub_clz.o)
    0x0801458c   0x0801458c   0x00000018   Code   RO        10992    x$fpl$dcmpinf       g_wm.l(dcmpi.o)
    0x080145a4   0x080145a4   0x0000037c   Code   RO        10711    x$fpl$ddiv          g_wm.l(ddiv_clz.o)
    0x08014920   0x08014920   0x000000dc   Code   RO        10718    x$fpl$dfixu         g_wm.l(dfixu.o)
    0x080149fc   0x080149fc   0x0000001a   Code   RO        10724    x$fpl$dfltn         g_wm.l(dflt_clz.o)
    0x08014a16   0x08014a16   0x00000026   Code   RO        10722    x$fpl$dfltu         g_wm.l(dflt_clz.o)
    0x08014a3c   0x08014a3c   0x00000078   Code   RO        10728    x$fpl$dleqf         g_wm.l(dleqf.o)
    0x08014ab4   0x08014ab4   0x000001c0   Code   RO        10730    x$fpl$dmul          g_wm.l(dmul_clz.o)
    0x08014c74   0x08014c74   0x00000102   Code   RO        10994    x$fpl$dnaninf       g_wm.l(dnaninf.o)
    0x08014d76   0x08014d76   0x00000070   Code   RO        10996    x$fpl$drenorm       g_wm.l(drenorm_clz.o)
    0x08014de6   0x08014de6   0x0000000c   Code   RO        10998    x$fpl$dretinf       g_wm.l(dretinf.o)
    0x08014df2   0x08014df2   0x00000062   Code   RO        10732    x$fpl$drleqf        g_wm.l(drleqf.o)
    0x08014e54   0x08014e54   0x00000208   Code   RO        11000    x$fpl$dsqrt         g_wm.l(dsqrt_umaalclz.o)
    0x0801505c   0x0801505c   0x0000029c   Code   RO        10706    x$fpl$dsub          g_wm.l(daddsub_clz.o)
    0x080152f8   0x080152f8   0x0000017a   Code   RO        11002    x$fpl$dunder        g_wm.l(dunder_clz.o)
    0x08015472   0x08015472   0x00000002   PAD
    0x08015474   0x08015474   0x000001ec   Code   RO        11004    x$fpl$exception     g_wm.l(except.o)
    0x08015660   0x08015660   0x0000007a   Code   RO        10734    x$fpl$f2d           g_wm.l(f2d.o)
    0x080156da   0x080156da   0x000000f2   Code   RO        11006    x$fpl$fnaninf       g_wm.l(fnaninf.o)
    0x080157cc   0x080157cc   0x0000000a   Code   RO        11147    x$fpl$fpinit        g_wm.l(fpinit.o)
    0x080157d6   0x080157d6   0x0000000a   Code   RO        11008    x$fpl$fretinf       g_wm.l(fretinf.o)
    0x080157e0   0x080157e0   0x0000013c   Code   RO        11010    x$fpl$funder        g_wm.l(funder_clz.o)
    0x0801591c   0x0801591c   0x000000b2   Code   RO        11149    x$fpl$retnan        g_wm.l(retnan.o)
    0x080159ce   0x080159ce   0x0000007e   Code   RO        11020    x$fpl$trapveneer    g_wm.l(trapv.o)
    0x08015a4c   0x08015a4c   0x00000000   Code   RO        11022    x$fpl$usenofp       g_wm.l(usenofp.o)
    0x08015a4c   0x08015a4c   0x00000100   Data   RO          574    .constdata          crc.o
    0x08015b4c   0x08015b4c   0x00000bb4   Data   RO         1515    .constdata          oled.o
    0x08016700   0x08016700   0x000000fc   Data   RO         1745    .constdata          freertos.o
    0x080167fc   0x080167fc   0x00000012   Data   RO         2829    .constdata          bmi088driver.o
    0x0801680e   0x0801680e   0x0000000c   Data   RO         3133    .constdata          ist8310driver.o
    0x0801681a   0x0801681a   0x00000002   PAD
    0x0801681c   0x0801681c   0x00000018   Data   RO         3724    .constdata          ins_task.o
    0x08016834   0x08016834   0x00000003   Data   RO         3918    .constdata          calibrate_task.o
    0x08016837   0x08016837   0x00000018   Data   RO         4102    .constdata          system_stm32f4xx.o
    0x0801684f   0x0801684f   0x00000008   Data   RO         5235    .constdata          stm32f4xx_hal_dma.o
    0x08016857   0x08016857   0x00000001   PAD
    0x08016858   0x08016858   0x00000061   Data   RO         1746    .conststring        freertos.o
    0x080168b9   0x080168b9   0x00000003   PAD
    0x080168bc   0x080168bc   0x00000020   Data   RO        11282    Region$$Table       anon$$obj.o


    Execution Region RW_IRAM1 (Exec base: 0x20000000, Load base: 0x080168dc, Size: 0x0000e7c8, Max: 0x00020000, ABSOLUTE, COMPRESSED[0x000001e0])

    Exec Addr    Load Addr    Size         Type   Attr      Idx    E Section Name        Object

    0x20000000   COMPRESSED   0x00000041   Data   RW          264    .data               my_cloud_control.o
    0x20000041   COMPRESSED   0x00000003   PAD
    0x20000044   COMPRESSED   0x0000000c   Data   RW          446    .data               my_balance_control.o
    0x20000050   COMPRESSED   0x00000004   Data   RW          529    .data               my_positionpid_bate.o
    0x20000054   COMPRESSED   0x000001d0   Data   RW          851    .data               vision_control.o
    0x20000224   COMPRESSED   0x00000076   Data   RW         1053    .data               dr16_recive.o
    0x2000029a   COMPRESSED   0x00000002   PAD
    0x2000029c   COMPRESSED   0x00000070   Data   RW         1438    .data               vision.o
    0x2000030c   COMPRESSED   0x00000004   PAD
    0x20000310   COMPRESSED   0x0000019c   Data   RW         1631    .data               main.o
    0x200004ac   COMPRESSED   0x0000003c   Data   RW         1747    .data               freertos.o
    0x200004e8   COMPRESSED   0x00000004   Data   RW         1900    .data               can.o
    0x200004ec   COMPRESSED   0x0000004e   Data   RW         2422    .data               usbd_desc.o
    0x2000053a   COMPRESSED   0x00000002   PAD
    0x2000053c   COMPRESSED   0x00000014   Data   RW         2515    .data               usbd_cdc_if.o
    0x20000550   COMPRESSED   0x0000002c   Data   RW         2830    .data               bmi088driver.o
    0x2000057c   COMPRESSED   0x0000001a   Data   RW         3302    .data               dji_imu.o
    0x20000596   COMPRESSED   0x00000002   PAD
    0x20000598   COMPRESSED   0x00000008   Data   RW         3349    .data               bsp_delay.o
    0x200005a0   COMPRESSED   0x00000008   Data   RW         3413    .data               bsp_led.o
    0x200005a8   COMPRESSED   0x00000010   Data   RW         3481    .data               bsp_flash.o
    0x200005b8   COMPRESSED   0x00000004   Data   RW         3625    .data               bsp_adc.o
    0x200005bc   COMPRESSED   0x000000c4   Data   RW         3725    .data               ins_task.o
    0x20000680   COMPRESSED   0x0000001c   Data   RW         3851    .data               led_flow_task.o
    0x2000069c   COMPRESSED   0x00000016   Data   RW         3919    .data               calibrate_task.o
    0x200006b2   COMPRESSED   0x00000002   PAD
    0x200006b4   COMPRESSED   0x00000014   Data   RW         4062    .data               mahonyahrs.o
    0x200006c8   COMPRESSED   0x00000004   Data   RW         4103    .data               system_stm32f4xx.o
    0x200006cc   COMPRESSED   0x00000009   Data   RW         5667    .data               stm32f4xx_hal.o
    0x200006d5   COMPRESSED   0x00000003   PAD
    0x200006d8   COMPRESSED   0x0000003c   Data   RW         9044    .data               tasks.o
    0x20000714   COMPRESSED   0x00000014   Data   RW         9363    .data               timers.o
    0x20000728   COMPRESSED   0x00000018   Data   RW         9888    .data               heap_4.o
    0x20000740   COMPRESSED   0x0000000c   Data   RW         9939    .data               port.o
    0x2000074c   COMPRESSED   0x00000001   Data   RW        10172    .data               usbd_ctlreq.o
    0x2000074d   COMPRESSED   0x00000003   PAD
    0x20000750   COMPRESSED   0x0000010f   Data   RW        10355    .data               usbd_cdc.o
    0x2000085f   COMPRESSED   0x00000001   PAD
    0x20000860        -       0x00000170   Zero   RW          479    .bss                my_incrementpid_bate.o
    0x200009d0        -       0x00000660   Zero   RW          528    .bss                my_positionpid_bate.o
    0x20001030        -       0x00000054   Zero   RW          724    .bss                fps_calculate.o
    0x20001084        -       0x00000608   Zero   RW          850    .bss                vision_control.o
    0x2000168c        -       0x00000090   Zero   RW          974    .bss                m3508.o
    0x2000171c        -       0x000000c4   Zero   RW         1052    .bss                dr16_recive.o
    0x200017e0        -       0x00000090   Zero   RW         1151    .bss                gm6020.o
    0x20001870        -       0x00000038   Zero   RW         1437    .bss                vision.o
    0x200018a8        -       0x00000410   Zero   RW         1514    .bss                oled.o
    0x20001cb8        -       0x000006bc   Zero   RW         1744    .bss                freertos.o
    0x20002374        -       0x00000090   Zero   RW         1851    .bss                adc.o
    0x20002404        -       0x00000050   Zero   RW         1899    .bss                can.o
    0x20002454        -       0x00000054   Zero   RW         1971    .bss                i2c.o
    0x200024a8        -       0x00000170   Zero   RW         2014    .bss                spi.o
    0x20002618        -       0x00000100   Zero   RW         2065    .bss                tim.o
    0x20002718        -       0x000002a0   Zero   RW         2129    .bss                usart.o
    0x200029b8        -       0x000002d0   Zero   RW         2179    .bss                usb_device.o
    0x20002c88        -       0x00000408   Zero   RW         2242    .bss                usbd_conf.o
    0x20003090        -       0x00000200   Zero   RW         2421    .bss                usbd_desc.o
    0x20003290        -       0x00001000   Zero   RW         2514    .bss                usbd_cdc_if.o
    0x20004290        -       0x00000048   Zero   RW         2599    .bss                stm32f4xx_it.o
    0x200042d8        -       0x00000040   Zero   RW         2775    .bss                stm32f4xx_hal_timebase_tim.o
    0x20004318        -       0x00000020   Zero   RW         3537    .bss                user_can.o
    0x20004338        -       0x0000000a   Zero   RW         3585    .bss                bsp_buzzer.o
    0x20004342   COMPRESSED   0x00000002   PAD
    0x20004344        -       0x00000010   Zero   RW         3624    .bss                bsp_adc.o
    0x20004354        -       0x0000016c   Zero   RW         3723    .bss                ins_task.o
    0x200044c0        -       0x00000044   Zero   RW         3917    .bss                calibrate_task.o
    0x20004504        -       0x00000020   Zero   RW         4889    .bss                stm32f4xx_hal_flash.o
    0x20004524        -       0x00000040   Zero   RW         8666    .bss                queue.o
    0x20004564        -       0x000000f0   Zero   RW         9043    .bss                tasks.o
    0x20004654        -       0x00000110   Zero   RW         9362    .bss                timers.o
    0x20004764        -       0x00006000   Zero   RW         9887    .bss                heap_4.o
    0x2000a764        -       0x00000060   Zero   RW        11086    .bss                c_w.l(libspace.o)
    0x2000a7c4   COMPRESSED   0x00000004   PAD
    0x2000a7c8        -       0x00002000   Zero   RW         4091    HEAP                startup_stm32f407xx.o
    0x2000c7c8        -       0x00002000   Zero   RW         4090    STACK               startup_stm32f407xx.o


==============================================================================

Image component sizes


      Code (inc. data)   RO Data    RW Data    ZI Data      Debug   Object Name

       396         42          0          0        144       2362   adc.o
         0          0          0          0          0       4892   beep_my.o
      2338         40         18         44          0     615155   bmi088driver.o
       140         28          0          0          0       4708   bmi088middleware.o
       124         16          0          4         16       1899   bsp_adc.o
       332         18          0          0         10       1899   bsp_buzzer.o
       128         20          0          8          0       1288   bsp_delay.o
       694        108          0         16          0       4101   bsp_flash.o
        12          4          0          0          0        486   bsp_imu_pwm.o
       104         22          0          8          0        576   bsp_led.o
     10428        170          0          0          0       5634   bsp_spi.o
       908         92          3         22         68       5790   calibrate_task.o
       488         40          0          4         80       2454   can.o
       142          0          0          0          0      22683   cmsis_os.o
        36          6        256          0          0     736304   crc.o
        28          4          0         26          0       2235   dji_imu.o
       184          6          0          0          0        930   dma.o
      1120         78          0        118        196      15574   dr16_recive.o
         0          0          0          0          0      18448   event_groups.o
       110         16          0          0         84       2300   fps_calculate.o
      2422        482        349         60       1724      13087   freertos.o
       644         16          0          0        144       2394   gm6020.o
       544         30          0          0          0       1323   gpio.o
       692         62          0         24      24576       4807   heap_4.o
       260         30          0          0         84       1753   i2c.o
      5130        374         24        196        364      16375   ins_task.o
       148          6         12          0          0       2563   ist8310driver.o
       136         22          0          0          0       3895   ist8310driver_middleware.o
       388          6          0          0          0       1716   kalman.o
       432         10          0         28          0       1737   led_flow_task.o
       148          0          0          0          0       3610   list.o
       316          8          0          0          0        600   m2006.o
       364         10          0          0        144       2550   m3508.o
      2276         72          0         20          0       4865   mahonyahrs.o
       336         16          0        412          0       8965   main.o
       380         62          0         12          0        883   my_balance_control.o
         0          0          0          0          0     752326   my_chassis_control.o
         0          0          0         65          0      18568   my_cloud_control.o
       156          6          0          0        368       2525   my_incrementpid_bate.o
       556         10          0          4       1632       4770   my_positionpid_bate.o
       782         36       2996          0       1040       6613   oled.o
       592          8          0          0          0       2558   pid.o
      1014         92          0         12          0      11997   port.o
      2010         20          0          0         64      18182   queue.o
         0          0          0          0          0      14728   sound_effects_task.o
       600         52          0          0        368       2596   spi.o
        64         26        392          0      16384        800   startup_stm32f407xx.o
       136         24          0          9          0       8738   stm32f4xx_hal.o
      1370         54          0          0          0       5142   stm32f4xx_hal_adc.o
      2092          6          0          0          0      13404   stm32f4xx_hal_can.o
       252         22          0          0          0      33594   stm32f4xx_hal_cortex.o
      1366         16          8          0          0       7090   stm32f4xx_hal_dma.o
       652         64          0          0         32       5846   stm32f4xx_hal_flash.o
       432         26          0          0          0       3306   stm32f4xx_hal_flash_ex.o
       568         50          0          0          0       3678   stm32f4xx_hal_gpio.o
      2856         46          0          0          0      11634   stm32f4xx_hal_i2c.o
        84          6          0          0          0        930   stm32f4xx_hal_msp.o
      3228         14          0          0          0      12789   stm32f4xx_hal_pcd.o
        90          0          0          0          0       2501   stm32f4xx_hal_pcd_ex.o
      1868         94          0          0          0       6277   stm32f4xx_hal_rcc.o
      1388          8          0          0          0       5828   stm32f4xx_hal_spi.o
      2028         90          0          0          0      16461   stm32f4xx_hal_tim.o
       184         30          0          0          0       2561   stm32f4xx_hal_tim_ex.o
       140         18          0          0         64       1527   stm32f4xx_hal_timebase_tim.o
      2140         26          0          0          0      11613   stm32f4xx_hal_uart.o
       496        120          0          0         72      12596   stm32f4xx_it.o
      3790        102          0          0          0      22294   stm32f4xx_ll_usb.o
         0          0          0          0          0        392   stream_buffer.o
       100         18         24          4          0       1235   system_stm32f4xx.o
      3930        432          0         60        240      34463   tasks.o
        10          0          0          0          0        504   test_task.o
      1092         94          0          0        256       4701   tim.o
      1318        124          0         20        272      30279   timers.o
      1008         92          0          0        672       3571   usart.o
        76         16          0          0        720        720   usb_device.o
       940         24          0        271          0      12607   usbd_cdc.o
       148         16          0         20       4096       3418   usbd_cdc_if.o
       990         18          0          0       1032      15488   usbd_conf.o
       902          0          0          0          0      13133   usbd_core.o
      2160         28          0          1          0      16860   usbd_ctlreq.o
       386        122          0         78        512       6605   usbd_desc.o
       174          0          0          0          0       4748   usbd_ioreq.o
       280         26          0          0         32       3470   user_can.o
       940        132          0        112         56       4656   vision.o
       532        140          0        464       1544       4477   vision_control.o

    ----------------------------------------------------------------------
     78326       4264       4120       2144      57092    2705640   Object Totals
         0          0         32          0          0          0   (incl. Generated)
        78          0          6         22          2          0   (incl. Padding)

    ----------------------------------------------------------------------

      Code (inc. data)   RO Data    RW Data    ZI Data      Debug   Library Member Name

         0          0          0          0          0      16424   arm_mat_add_f32.o
         8          0          0          0          0        999   arm_mat_init_f32.o
       276          0          0          0          0       2240   arm_mat_trans_f32.o
        90          0          0          0          0          0   __dczerorl2.o
         8          0          0          0          0         68   __main.o
         0          0          0          0          0          0   __rtentry.o
        12          0          0          0          0          0   __rtentry2.o
         6          0          0          0          0          0   __rtentry4.o
        52          8          0          0          0          0   __scatter.o
        28          0          0          0          0          0   __scatter_zi.o
        48          4          0          0          0         84   _fptrap.o
        22          0          0          0          0        100   _rserrno.o
        16          0          0          0          0         68   aeabi_memset.o
        10          0          0          0          0         68   defsig_exit.o
       172        110          0          0          0         76   defsig_fpe_inner.o
        14          0          0          0          0         80   defsig_fpe_outer.o
        50          0          0          0          0         88   defsig_general.o
        80         58          0          0          0         76   defsig_rtmem_inner.o
        14          0          0          0          0         80   defsig_rtmem_outer.o
        18          0          0          0          0         80   exit.o
        94          0          0          0          0         80   h1_alloc.o
        52          0          0          0          0         68   h1_extend.o
        78          0          0          0          0         80   h1_free.o
        14          0          0          0          0         84   h1_init.o
         6          0          0          0          0        152   heapauxi.o
         4          0          0          0          0        136   hguard.o
         0          0          0          0          0          0   indicate_semi.o
       138          0          0          0          0        168   init_alloc.o
         2          0          0          0          0          0   libinit.o
        14          0          0          0          0          0   libinit2.o
         2          0          0          0          0          0   libshutdown.o
         2          0          0          0          0          0   libshutdown2.o
         8          4          0          0         96         68   libspace.o
       238          0          0          0          0        100   lludivv7m.o
         0          0          0          0          0          0   maybetermalloc1.o
         8          4          0          0          0         68   rt_errno_addr_intlibspace.o
         8          4          0          0          0         68   rt_heap_descriptor_intlibspace.o
        68          0          0          0          0         68   rt_memclr.o
        78          0          0          0          0         80   rt_memclr_w.o
       138          0          0          0          0         68   rt_memcpy_v6.o
       100          0          0          0          0         80   rt_memcpy_w.o
         2          0          0          0          0          0   rtexit.o
        10          0          0          0          0          0   rtexit2.o
        62          0          0          0          0         76   strlen.o
        12          4          0          0          0         68   sys_exit.o
        74          0          0          0          0         80   sys_stackheap_outer.o
        14          0          0          0          0         76   sys_wrch.o
         2          0          0          0          0         68   use_no_semi.o
       708         16          0          0          0        140   d2f_clz.o
      1256         28          0          0          0        408   daddsub_clz.o
        24          0          0          0          0        116   dcmpi.o
       892        152          0          0          0        292   ddiv_clz.o
       220         16          0          0          0        192   dfixu.o
        64          0          0          0          0        232   dflt_clz.o
       120          8          0          0          0        140   dleqf.o
       448         16          0          0          0        164   dmul_clz.o
       258          4          0          0          0        156   dnaninf.o
       112          0          0          0          0        160   drenorm_clz.o
        12          0          0          0          0        116   dretinf.o
        98          0          0          0          0        128   drleqf.o
       520         56          0          0          0        180   dsqrt_umaalclz.o
       378          0          0          0          0        168   dunder_clz.o
       492         36          0          0          0        148   except.o
       122          8          0          0          0        132   f2d.o
       242          4          0          0          0        144   fnaninf.o
        10          0          0          0          0        116   fpinit.o
        10          0          0          0          0        116   fretinf.o
       316          0          0          0          0        132   funder_clz.o
       178          0          0          0          0        116   retnan.o
       126          0          0          0          0        148   trapv.o
         0          0          0          0          0          0   usenofp.o
       300         42          0          0          0        176   asinf.o
       592         90          0          0          0        184   atan2f.o
        38          0          0          0          0        116   fpclassifyf.o
        44         12          0          0          0        464   funder.o
       122          0          0          0          0        148   sqrt_full.o
        62          0          0          0          0        136   sqrtf_full.o

    ----------------------------------------------------------------------
      9934        684          0          0        100      27135   Library Totals
        18          0          0          0          4          0   (incl. Padding)

    ----------------------------------------------------------------------

      Code (inc. data)   RO Data    RW Data    ZI Data      Debug   Library Name

       284          0          0          0          0      19663   arm_cortexM4lf_math.lib
      1868        196          0          0         96       2604   c_w.l
      6606        344          0          0          0       3644   g_wm.l
      1158        144          0          0          0       1224   m_wm.l

    ----------------------------------------------------------------------
      9934        684          0          0        100      27135   Library Totals

    ----------------------------------------------------------------------

==============================================================================


      Code (inc. data)   RO Data    RW Data    ZI Data      Debug   

     88260       4948       4120       2144      57192    2678319   Grand Totals
     88260       4948       4120        480      57192    2678319   ELF Image Totals (compressed)
     88260       4948       4120        480          0          0   ROM Totals

==============================================================================

    Total RO  Size (Code + RO Data)                92380 (  90.21kB)
    Total RW  Size (RW Data + ZI Data)             59336 (  57.95kB)
    Total ROM Size (Code + RO Data + RW Data)      92860 (  90.68kB)

==============================================================================

