Component: ARM Compiler 5.06 update 6 (build 750) Tool: armlink [4d35ed]

==============================================================================

Section Cross References

    my_chassis_control.o(i.Random_CHASSIS) refers to m3508.o(.bss) for M3508s
    my_chassis_control.o(i.Random_CHASSIS) refers to my_chassis_control.o(.data) for RANDOM_CHASSIS
    my_cloud_control.o(i.PITCH_PID) refers to dflt_clz.o(x$fpl$dflt) for __aeabi_i2d
    my_cloud_control.o(i.PITCH_PID) refers to dmul_clz.o(x$fpl$dmul) for __aeabi_dmul
    my_cloud_control.o(i.PITCH_PID) refers to ddiv_clz.o(x$fpl$ddiv) for __aeabi_ddiv
    my_cloud_control.o(i.PITCH_PID) refers to f2d.o(x$fpl$f2d) for __aeabi_f2d
    my_cloud_control.o(i.PITCH_PID) refers to daddsub_clz.o(x$fpl$dadd) for __aeabi_dadd
    my_cloud_control.o(i.PITCH_PID) refers to d2f_clz.o(x$fpl$d2f) for __aeabi_d2f
    my_cloud_control.o(i.PITCH_PID) refers to my_positionpid_bate.o(i.P_PID_bate) for P_PID_bate
    my_cloud_control.o(i.PITCH_PID) refers to dr16_recive.o(.data) for DR16
    my_cloud_control.o(i.PITCH_PID) refers to my_cloud_control.o(.data) for ch1_z_f
    my_cloud_control.o(i.PITCH_PID) refers to main.o(.data) for PITCH_trage_angle
    my_cloud_control.o(i.PITCH_PID) refers to ins_task.o(.bss) for DJIC_IMU
    my_cloud_control.o(i.PITCH_PID) refers to my_positionpid_bate.o(.bss) for PITCH_IMU_Angle_pid
    my_cloud_control.o(i.PITCH_PID) refers to gm6020.o(.bss) for GM6020s
    my_cloud_control.o(i.YAW_PID) refers to dflt_clz.o(x$fpl$dflt) for __aeabi_i2d
    my_cloud_control.o(i.YAW_PID) refers to ddiv_clz.o(x$fpl$ddiv) for __aeabi_ddiv
    my_cloud_control.o(i.YAW_PID) refers to dmul_clz.o(x$fpl$dmul) for __aeabi_dmul
    my_cloud_control.o(i.YAW_PID) refers to f2d.o(x$fpl$f2d) for __aeabi_f2d
    my_cloud_control.o(i.YAW_PID) refers to daddsub_clz.o(x$fpl$dsub) for __aeabi_dsub
    my_cloud_control.o(i.YAW_PID) refers to d2f_clz.o(x$fpl$d2f) for __aeabi_d2f
    my_cloud_control.o(i.YAW_PID) refers to my_positionpid_bate.o(i.P_PID_bate) for P_PID_bate
    my_cloud_control.o(i.YAW_PID) refers to vision_control.o(i.Vision_Control_Cloud) for Vision_Control_Cloud
    my_cloud_control.o(i.YAW_PID) refers to dr16_recive.o(.data) for DR16
    my_cloud_control.o(i.YAW_PID) refers to gm6020.o(.bss) for GM6020s
    my_cloud_control.o(i.YAW_PID) refers to main.o(.data) for CLOUD_enable_moto
    my_cloud_control.o(i.YAW_PID) refers to ins_task.o(.bss) for DJIC_IMU
    my_cloud_control.o(i.YAW_PID) refers to my_cloud_control.o(.data) for cloud_mode
    my_cloud_control.o(i.YAW_PID) refers to my_positionpid_bate.o(.bss) for Yaw_IMU_Angle_pid
    my_cloud_control.o(i.YAW_PID) refers to spinning_top_examine.o(.data) for YAW_MOTION_STATE
    my_cloud_control.o(i.cloud_control) refers to my_cloud_control.o(i.cloud_control_mode_choose) for cloud_control_mode_choose
    my_cloud_control.o(i.cloud_control) refers to my_cloud_control.o(i.scan_cloud) for scan_cloud
    my_cloud_control.o(i.cloud_control) refers to f2d.o(x$fpl$f2d) for __aeabi_f2d
    my_cloud_control.o(i.cloud_control) refers to fabs.o(i.__hardfp_fabs) for __hardfp_fabs
    my_cloud_control.o(i.cloud_control) refers to dleqf.o(x$fpl$dleqf) for __aeabi_cdcmple
    my_cloud_control.o(i.cloud_control) refers to spinning_top_examine.o(i.fake_armor_yaw) for fake_armor_yaw
    my_cloud_control.o(i.cloud_control) refers to my_cloud_control.o(i.YAW_PID) for YAW_PID
    my_cloud_control.o(i.cloud_control) refers to my_cloud_control.o(i.imu_angle) for imu_angle
    my_cloud_control.o(i.cloud_control) refers to my_cloud_control.o(i.PITCH_PID) for PITCH_PID
    my_cloud_control.o(i.cloud_control) refers to my_cloud_control.o(.bss) for key_message
    my_cloud_control.o(i.cloud_control) refers to dr16_recive.o(.bss) for ext_game_robot_HP
    my_cloud_control.o(i.cloud_control) refers to dr16_recive.o(.data) for DR16
    my_cloud_control.o(i.cloud_control) refers to bsp_buzzer.o(.bss) for Buzzer
    my_cloud_control.o(i.cloud_control) refers to ins_task.o(.bss) for DJIC_IMU
    my_cloud_control.o(i.cloud_control) refers to main.o(.data) for jia_ZJ_PITCH
    my_cloud_control.o(i.cloud_control) refers to gm6020.o(.bss) for GM6020s
    my_cloud_control.o(i.cloud_control) refers to vision.o(.bss) for VisionData
    my_cloud_control.o(i.cloud_control) refers to my_cloud_control.o(.data) for simulation_target_yaw_is_stop
    my_cloud_control.o(i.cloud_control_mode_choose) refers to my_positionpid_bate.o(i.P_PID_Parameter_Clear) for P_PID_Parameter_Clear
    my_cloud_control.o(i.cloud_control_mode_choose) refers to dr16_recive.o(.data) for DR16
    my_cloud_control.o(i.cloud_control_mode_choose) refers to main.o(.data) for Armour_lose_time
    my_cloud_control.o(i.cloud_control_mode_choose) refers to my_cloud_control.o(.data) for cloud_mode
    my_cloud_control.o(i.cloud_control_mode_choose) refers to my_positionpid_bate.o(.bss) for VISION_Yaw_IMU_Angle_pid
[...]
    0x080003ce   0x080003ce   0x0000004e   Code   RO        10861    .text               c_w.l(h1_free.o)
    0x0800041c   0x0800041c   0x000000ee   Code   RO        10917    .text               c_w.l(lludivv7m.o)
    0x0800050a   0x0800050a   0x0000003e   Code   RO        10921    .text               c_w.l(strlen.o)
    0x08000548   0x08000548   0x0000008a   Code   RO        10923    .text               c_w.l(rt_memcpy_v6.o)
    0x080005d2   0x080005d2   0x00000064   Code   RO        10925    .text               c_w.l(rt_memcpy_w.o)
    0x08000636   0x08000636   0x00000010   Code   RO        10929    .text               c_w.l(aeabi_memset.o)
    0x08000646   0x08000646   0x0000004e   Code   RO        10931    .text               c_w.l(rt_memclr_w.o)
    0x08000694   0x08000694   0x00000006   Code   RO        10933    .text               c_w.l(heapauxi.o)
    0x0800069a   0x0800069a   0x00000002   PAD
    0x0800069c   0x0800069c   0x00000008   Code   RO        11061    .text               c_w.l(rt_heap_descriptor_intlibspace.o)
    0x080006a4   0x080006a4   0x00000004   Code   RO        11063    .text               c_w.l(hguard.o)
    0x080006a8   0x080006a8   0x0000008a   Code   RO        11065    .text               c_w.l(init_alloc.o)
    0x08000732   0x08000732   0x0000000e   Code   RO        11069    .text               c_w.l(h1_init.o)
    0x08000740   0x08000740   0x00000016   Code   RO        11083    .text               c_w.l(_rserrno.o)
    0x08000756   0x08000756   0x00000044   Code   RO        11176    .text               c_w.l(rt_memclr.o)
    0x0800079a   0x0800079a   0x00000002   PAD
    0x0800079c   0x0800079c   0x00000008   Code   RO        11320    .text               c_w.l(libspace.o)
    0x080007a4   0x080007a4   0x00000008   Code   RO        11343    .text               c_w.l(rt_errno_addr_intlibspace.o)
    0x080007ac   0x080007ac   0x00000034   Code   RO        11349    .text               c_w.l(h1_extend.o)
    0x080007e0   0x080007e0   0x00000030   Code   RO        11355    .text               c_w.l(_fptrap.o)
    0x08000810   0x08000810   0x0000000e   Code   RO        11373    .text               c_w.l(defsig_rtmem_outer.o)
    0x0800081e   0x0800081e   0x00000002   Code   RO        11386    .text               c_w.l(use_no_semi.o)
    0x08000820   0x08000820   0x00000000   Code   RO        11388    .text               c_w.l(indicate_semi.o)
    0x08000820   0x08000820   0x0000004a   Code   RO        11389    .text               c_w.l(sys_stackheap_outer.o)
    0x0800086a   0x0800086a   0x00000012   Code   RO        11432    .text               c_w.l(exit.o)
    0x0800087c   0x0800087c   0x0000000a   Code   RO        11434    .text               c_w.l(defsig_exit.o)
    0x08000886   0x08000886   0x0000000e   Code   RO        11436    .text               c_w.l(defsig_fpe_outer.o)
    0x08000894   0x08000894   0x00000050   Code   RO        11440    .text               c_w.l(defsig_rtmem_inner.o)
    0x080008e4   0x080008e4   0x0000000c   Code   RO        11454    .text               c_w.l(sys_exit.o)
    0x080008f0   0x080008f0   0x00000032   Code   RO        11467    .text               c_w.l(defsig_general.o)
    0x08000922   0x08000922   0x00000002   PAD
    0x08000924   0x08000924   0x000000ac   Code   RO        11469    .text               c_w.l(defsig_fpe_inner.o)
    0x080009d0   0x080009d0   0x0000000e   Code   RO        11489    .text               c_w.l(sys_wrch.o)
    0x080009de   0x080009de   0x00000002   PAD
    0x080009e0   0x080009e0   0x00000160   Code   RO         6140    i.ADC_Init          stm32f4xx_hal_adc.o
    0x08000b40   0x08000b40   0x00000028   Code   RO         3952    i.AHRS_init         ins_task.o
    0x08000b68   0x08000b68   0x0000006a   Code   RO         3953    i.AHRS_update       ins_task.o
    0x08000bd2   0x08000bd2   0x00000002   PAD
    0x08000bd4   0x08000bd4   0x00000068   Code   RO         1607    i.ALL_MIT_ENTER_MOTO_MODE  mit.o
    0x08000c3c   0x08000c3c   0x00000030   Code   RO          846    i.Absolute_Value_Limit  user_math.o
    0x08000c6c   0x08000c6c   0x00000294   Code   RO          919    i.Accurately_contrul_text  mit_math.o
    0x08000f00   0x08000f00   0x00000014   Code   RO         3302    i.BMI088_ACCEL_NS_H  bmi088middleware.o
    0x08000f14   0x08000f14   0x00000014   Code   RO         3303    i.BMI088_ACCEL_NS_L  bmi088middleware.o
    0x08000f28   0x08000f28   0x00000002   Code   RO         3304    i.BMI088_GPIO_init  bmi088middleware.o
    0x08000f2a   0x08000f2a   0x00000002   PAD
    0x08000f2c   0x08000f2c   0x00000014   Code   RO         3305    i.BMI088_GYRO_NS_H  bmi088middleware.o
    0x08000f40   0x08000f40   0x00000014   Code   RO         3306    i.BMI088_GYRO_NS_L  bmi088middleware.o
    0x08000f54   0x08000f54   0x00000090   Code   RO         3062    i.BMI088_accel_read_over  bmi088driver.o
    0x08000fe4   0x08000fe4   0x00000002   Code   RO         3307    i.BMI088_com_init   bmi088middleware.o
    0x08000fe6   0x08000fe6   0x0000000c   Code   RO         3308    i.BMI088_delay_ms   bmi088middleware.o
    0x08000ff2   0x08000ff2   0x0000000c   Code   RO         3309    i.BMI088_delay_us   bmi088middleware.o
    0x08000ffe   0x08000ffe   0x00000002   PAD
    0x08001000   0x08001000   0x00000068   Code   RO         3063    i.BMI088_gyro_read_over  bmi088driver.o
    0x08001068   0x08001068   0x00000034   Code   RO         3064    i.BMI088_init       bmi088driver.o
    0x0800109c   0x0800109c   0x0000017c   Code   RO         3065    i.BMI088_read       bmi088driver.o
    0x08001218   0x08001218   0x00000026   Code   RO         3068    i.BMI088_read_muli_reg  bmi088driver.o
    0x0800123e   0x0800123e   0x00000018   Code   RO         3069    i.BMI088_read_single_reg  bmi088driver.o
    0x08001256   0x08001256   0x00000002   PAD
    0x08001258   0x08001258   0x00000020   Code   RO         3310    i.BMI088_read_write_byte  bmi088middleware.o
    0x08001278   0x08001278   0x00000034   Code   RO         3070    i.BMI088_temperature_read_over  bmi088driver.o
    0x080012ac   0x080012ac   0x00000014   Code   RO         3071    i.BMI088_write_single_reg  bmi088driver.o
    0x080012c0   0x080012c0   0x00000004   Code   RO         2826    i.BusFault_Handler  stm32f4xx_it.o
    0x080012c4   0x080012c4   0x00000024   Code   RO         3825    i.Buzzer_Init       bsp_buzzer.o
    0x080012e8   0x080012e8   0x00000128   Code   RO         3826    i.Buzzer_Processing  bsp_buzzer.o
    0x08001410   0x08001410   0x00000024   Code   RO         3774    i.CAN1_Config       user_can.o
    0x08001434   0x08001434   0x00000030   Code   RO         3775    i.CAN1_Filter0_Init  user_can.o
    0x08001464   0x08001464   0x000000e0   Code   RO         1978    i.CAN1_R            freertos.o
    0x08001544   0x08001544   0x0000001c   Code   RO         2827    i.CAN1_RX0_IRQHandler  stm32f4xx_it.o
    0x08001560   0x08001560   0x00000028   Code   RO         3776    i.CAN2_Config       user_can.o
    0x08001588   0x08001588   0x00000034   Code   RO         3777    i.CAN2_Filter0_Init  user_can.o
    0x080015bc   0x080015bc   0x0000001c   Code   RO         2828    i.CAN2_RX0_IRQHandler  stm32f4xx_it.o
    0x080015d8   0x080015d8   0x00000068   Code   RO         3778    i.CAN_SendData      user_can.o
    0x08001640   0x08001640   0x00000044   Code   RO         2759    i.CDC_Control_FS    usbd_cdc_if.o
    0x08001684   0x08001684   0x00000004   Code   RO         2760    i.CDC_DeInit_FS     usbd_cdc_if.o
    0x08001688   0x08001688   0x00000024   Code   RO         2761    i.CDC_Init_FS       usbd_cdc_if.o
    0x080016ac   0x080016ac   0x0000001c   Code   RO         2762    i.CDC_Receive_FS    usbd_cdc_if.o
    0x080016c8   0x080016c8   0x0000000c   Code   RO         2763    i.CDC_TransmitCplt_FS  usbd_cdc_if.o
    0x080016d4   0x080016d4   0x00000530   Code   RO         1979    i.Can2_Reivece      freertos.o
    0x08001c04   0x08001c04   0x000001e0   Code   RO         1608    i.CanComm_SendControlPara  mit.o
    0x08001de4   0x08001de4   0x00000024   Code   RO          601    i.Checksum_CRC8     crc.o
    0x08001e08   0x08001e08   0x000000c8   Code   RO         1610    i.DISABLE_ALL_MIT   mit.o
    0x08001ed0   0x08001ed0   0x00000010   Code   RO         2829    i.DMA1_Stream1_IRQHandler  stm32f4xx_it.o
    0x08001ee0   0x08001ee0   0x00000010   Code   RO         2830    i.DMA2_Stream1_IRQHandler  stm32f4xx_it.o
    0x08001ef0   0x08001ef0   0x00000898   Code   RO         3954    i.DMA2_Stream2_IRQHandler  ins_task.o
    0x08002788   0x08002788   0x00000010   Code   RO         2831    i.DMA2_Stream5_IRQHandler  stm32f4xx_it.o
    0x08002798   0x08002798   0x00000010   Code   RO         2832    i.DMA2_Stream6_IRQHandler  stm32f4xx_it.o
    0x080027a8   0x080027a8   0x00000010   Code   RO         2833    i.DMA2_Stream7_IRQHandler  stm32f4xx_it.o
    0x080027b8   0x080027b8   0x00000034   Code   RO         5459    i.DMA_CalcBaseAndBitshift  stm32f4xx_hal_dma.o
    0x080027ec   0x080027ec   0x000000aa   Code   RO         5460    i.DMA_CheckFifoParam  stm32f4xx_hal_dma.o
    0x08002896   0x08002896   0x0000002c   Code   RO         5461    i.DMA_SetConfig     stm32f4xx_hal_dma.o
    0x080028c2   0x080028c2   0x00000002   PAD
    0x080028c4   0x080028c4   0x000001ec   Code   RO         1058    i.DR16_Process      dr16_recive.o
    0x08002ab0   0x08002ab0   0x00000078   Code   RO         1059    i.DR_16hander       dr16_recive.o
    0x08002b28   0x08002b28   0x000001d0   Code   RO         1980    i.Debug             freertos.o
    0x08002cf8   0x08002cf8   0x00000002   Code   RO         2834    i.DebugMon_Handler  stm32f4xx_it.o
    0x08002cfa   0x08002cfa   0x0000000a   Code   RO         2835    i.EXTI0_IRQHandler  stm32f4xx_it.o
    0x08002d04   0x08002d04   0x0000000a   Code   RO         2836    i.EXTI3_IRQHandler  stm32f4xx_it.o
    0x08002d0e   0x08002d0e   0x0000000a   Code   RO         2837    i.EXTI4_IRQHandler  stm32f4xx_it.o
    0x08002d18   0x08002d18   0x0000000a   Code   RO         2838    i.EXTI9_5_IRQHandler  stm32f4xx_it.o
    0x08002d22   0x08002d22   0x00000002   Code   RO         1870    i.Error_Handler     main.o
    0x08002d24   0x08002d24   0x0000005c   Code   RO         5229    i.FLASH_Erase_Sector  stm32f4xx_hal_flash_ex.o
    0x08002d80   0x08002d80   0x00000078   Code   RO         5230    i.FLASH_FlushCaches  stm32f4xx_hal_flash_ex.o
    0x08002df8   0x08002df8   0x00000030   Code   RO         5231    i.FLASH_MassErase   stm32f4xx_hal_flash_ex.o
    0x08002e28   0x08002e28   0x00000024   Code   RO         5111    i.FLASH_Program_Byte  stm32f4xx_hal_flash.o
    0x08002e4c   0x08002e4c   0x0000003c   Code   RO         5112    i.FLASH_Program_DoubleWord  stm32f4xx_hal_flash.o
    0x08002e88   0x08002e88   0x00000028   Code   RO         5113    i.FLASH_Program_HalfWord  stm32f4xx_hal_flash.o
    0x08002eb0   0x08002eb0   0x00000028   Code   RO         5114    i.FLASH_Program_Word  stm32f4xx_hal_flash.o
    0x08002ed8   0x08002ed8   0x00000098   Code   RO         5115    i.FLASH_SetErrorCode  stm32f4xx_hal_flash.o
    0x08002f70   0x08002f70   0x00000064   Code   RO         5116    i.FLASH_WaitForLastOperation  stm32f4xx_hal_flash.o
    0x08002fd4   0x08002fd4   0x00000050   Code   RO          634    i.FPS_Calculate     fps_calculate.o
    0x08003024   0x08003024   0x00000140   Code   RO         1160    i.GM6020_Pitch_getInfo  gm6020.o
    0x08003164   0x08003164   0x00000144   Code   RO         1162    i.GM6020_Yaw_getInfo  gm6020.o
    0x080032a8   0x080032a8   0x0000001e   Code   RO          635    i.Get_FPS           fps_calculate.o
    0x080032c6   0x080032c6   0x00000002   PAD
    0x080032c8   0x080032c8   0x00000034   Code   RO         2663    i.Get_SerialNum     usbd_desc.o
    0x080032fc   0x080032fc   0x0000018c   Code   RO         6142    i.HAL_ADC_ConfigChannel  stm32f4xx_hal_adc.o
    0x08003488   0x08003488   0x00000008   Code   RO         6149    i.HAL_ADC_GetValue  stm32f4xx_hal_adc.o
    0x08003490   0x08003490   0x00000068   Code   RO         6151    i.HAL_ADC_Init      stm32f4xx_hal_adc.o
    0x080034f8   0x080034f8   0x000000ac   Code   RO         2099    i.HAL_ADC_MspInit   adc.o
    0x080035a4   0x080035a4   0x000000c2   Code   RO         6155    i.HAL_ADC_PollForConversion  stm32f4xx_hal_adc.o
    0x08003666   0x08003666   0x00000002   PAD
    0x08003668   0x08003668   0x0000013c   Code   RO         6157    i.HAL_ADC_Start     stm32f4xx_hal_adc.o
    0x080037a4   0x080037a4   0x00000156   Code   RO         6414    i.HAL_CAN_AddTxMessage  stm32f4xx_hal_can.o
    0x080038fa   0x080038fa   0x00000002   PAD
    0x080038fc   0x080038fc   0x00000124   Code   RO         6415    i.HAL_CAN_ConfigFilter  stm32f4xx_hal_can.o
    0x08003a20   0x08003a20   0x00000002   Code   RO         6418    i.HAL_CAN_ErrorCallback  stm32f4xx_hal_can.o
    0x08003a22   0x08003a22   0x0000017a   Code   RO         6421    i.HAL_CAN_GetRxMessage  stm32f4xx_hal_can.o
    0x08003b9c   0x08003b9c   0x0000024e   Code   RO         6425    i.HAL_CAN_IRQHandler  stm32f4xx_hal_can.o
    0x08003dea   0x08003dea   0x00000174   Code   RO         6426    i.HAL_CAN_Init      stm32f4xx_hal_can.o
    0x08003f5e   0x08003f5e   0x00000002   PAD
    0x08003f60   0x08003f60   0x00000160   Code   RO         2147    i.HAL_CAN_MspInit   can.o
    0x080040c0   0x080040c0   0x00000002   Code   RO         6433    i.HAL_CAN_RxFifo0FullCallback  stm32f4xx_hal_can.o
    0x080040c2   0x080040c2   0x00000002   PAD
    0x080040c4   0x080040c4   0x000000a4   Code   RO         2839    i.HAL_CAN_RxFifo0MsgPendingCallback  stm32f4xx_it.o
    0x08004168   0x08004168   0x00000002   Code   RO         6435    i.HAL_CAN_RxFifo1FullCallback  stm32f4xx_hal_can.o
    0x0800416a   0x0800416a   0x00000002   Code   RO         6436    i.HAL_CAN_RxFifo1MsgPendingCallback  stm32f4xx_hal_can.o
    0x0800416c   0x0800416c   0x00000002   Code   RO         6437    i.HAL_CAN_SleepCallback  stm32f4xx_hal_can.o
    0x0800416e   0x0800416e   0x0000005e   Code   RO         6438    i.HAL_CAN_Start     stm32f4xx_hal_can.o
    0x080041cc   0x080041cc   0x00000002   Code   RO         6440    i.HAL_CAN_TxMailbox0AbortCallback  stm32f4xx_hal_can.o
    0x080041ce   0x080041ce   0x00000002   Code   RO         6441    i.HAL_CAN_TxMailbox0CompleteCallback  stm32f4xx_hal_can.o
    0x080041d0   0x080041d0   0x00000002   Code   RO         6442    i.HAL_CAN_TxMailbox1AbortCallback  stm32f4xx_hal_can.o
    0x080041d2   0x080041d2   0x00000002   Code   RO         6443    i.HAL_CAN_TxMailbox1CompleteCallback  stm32f4xx_hal_can.o
    0x080041d4   0x080041d4   0x00000002   Code   RO         6444    i.HAL_CAN_TxMailbox2AbortCallback  stm32f4xx_hal_can.o
    0x080041d6   0x080041d6   0x00000002   Code   RO         6445    i.HAL_CAN_TxMailbox2CompleteCallback  stm32f4xx_hal_can.o
    0x080041d8   0x080041d8   0x00000002   Code   RO         6447    i.HAL_CAN_WakeUpFromRxMsgCallback  stm32f4xx_hal_can.o
    0x080041da   0x080041da   0x00000028   Code   RO         5463    i.HAL_DMA_Abort_IT  stm32f4xx_hal_dma.o
    0x08004202   0x08004202   0x00000002   PAD
    0x08004204   0x08004204   0x00000240   Code   RO         5467    i.HAL_DMA_IRQHandler  stm32f4xx_hal_dma.o
    0x08004444   0x08004444   0x000000ec   Code   RO         5468    i.HAL_DMA_Init      stm32f4xx_hal_dma.o
    0x08004530   0x08004530   0x00000066   Code   RO         5471    i.HAL_DMA_Start     stm32f4xx_hal_dma.o
    0x08004596   0x08004596   0x00000092   Code   RO         5472    i.HAL_DMA_Start_IT  stm32f4xx_hal_dma.o
    0x08004628   0x08004628   0x00000028   Code   RO         5886    i.HAL_Delay         stm32f4xx_hal.o
    0x08004650   0x08004650   0x000000ac   Code   RO         5241    i.HAL_FLASHEx_Erase  stm32f4xx_hal_flash_ex.o
    0x080046fc   0x080046fc   0x00000014   Code   RO         5120    i.HAL_FLASH_Lock    stm32f4xx_hal_flash.o
    0x08004710   0x08004710   0x00000098   Code   RO         5125    i.HAL_FLASH_Program  stm32f4xx_hal_flash.o
    0x080047a8   0x080047a8   0x00000034   Code   RO         5127    i.HAL_FLASH_Unlock  stm32f4xx_hal_flash.o
    0x080047dc   0x080047dc   0x000000a8   Code   RO         3955    i.HAL_GPIO_EXTI_Callback  ins_task.o
    0x08004884   0x08004884   0x0000001c   Code   RO         5354    i.HAL_GPIO_EXTI_IRQHandler  stm32f4xx_hal_gpio.o
    0x080048a0   0x080048a0   0x00000200   Code   RO         5355    i.HAL_GPIO_Init     stm32f4xx_hal_gpio.o
    0x08004aa0   0x08004aa0   0x00000010   Code   RO         5357    i.HAL_GPIO_ReadPin  stm32f4xx_hal_gpio.o
    0x08004ab0   0x08004ab0   0x0000000c   Code   RO         5359    i.HAL_GPIO_WritePin  stm32f4xx_hal_gpio.o
    0x08004abc   0x08004abc   0x0000000c   Code   RO         5892    i.HAL_GetTick       stm32f4xx_hal.o
    0x08004ac8   0x08004ac8   0x000001d0   Code   RO         6657    i.HAL_I2C_Init      stm32f4xx_hal_i2c.o
    0x08004c98   0x08004c98   0x000002f4   Code   RO         6675    i.HAL_I2C_Mem_Read  stm32f4xx_hal_i2c.o
    0x08004f8c   0x08004f8c   0x00000164   Code   RO         6678    i.HAL_I2C_Mem_Write  stm32f4xx_hal_i2c.o
    0x080050f0   0x080050f0   0x000000c8   Code   RO         2220    i.HAL_I2C_MspInit   i2c.o
    0x080051b8   0x080051b8   0x00000018   Code   RO         5898    i.HAL_IncTick       stm32f4xx_hal.o
    0x080051d0   0x080051d0   0x0000003c   Code   RO         5899    i.HAL_Init          stm32f4xx_hal.o
    0x0800520c   0x0800520c   0x0000008c   Code   RO         3023    i.HAL_InitTick      stm32f4xx_hal_timebase_tim.o
    0x08005298   0x08005298   0x00000054   Code   RO         2999    i.HAL_MspInit       stm32f4xx_hal_msp.o
    0x080052ec   0x080052ec   0x00000020   Code   RO         5744    i.HAL_NVIC_EnableIRQ  stm32f4xx_hal_cortex.o
    0x0800530c   0x0800530c   0x0000007c   Code   RO         5750    i.HAL_NVIC_SetPriority  stm32f4xx_hal_cortex.o
    0x08005388   0x08005388   0x00000028   Code   RO         5751    i.HAL_NVIC_SetPriorityGrouping  stm32f4xx_hal_cortex.o
    0x080053b0   0x080053b0   0x00000002   Code   RO         4608    i.HAL_PCDEx_LPM_Callback  stm32f4xx_hal_pcd_ex.o
    0x080053b2   0x080053b2   0x0000000a   Code   RO         4609    i.HAL_PCDEx_SetRxFiFo  stm32f4xx_hal_pcd_ex.o
    0x080053bc   0x080053bc   0x0000004e   Code   RO         4610    i.HAL_PCDEx_SetTxFiFo  stm32f4xx_hal_pcd_ex.o
    0x0800540a   0x0800540a   0x0000000e   Code   RO         2464    i.HAL_PCD_ConnectCallback  usbd_conf.o
    0x08005418   0x08005418   0x00000020   Code   RO         2465    i.HAL_PCD_DataInStageCallback  usbd_conf.o
    0x08005438   0x08005438   0x00000020   Code   RO         2466    i.HAL_PCD_DataOutStageCallback  usbd_conf.o
    0x08005458   0x08005458   0x0000000e   Code   RO         2467    i.HAL_PCD_DisconnectCallback  usbd_conf.o
    0x08005466   0x08005466   0x0000006a   Code   RO         4385    i.HAL_PCD_EP_Close  stm32f4xx_hal_pcd.o
    0x080054d0   0x080054d0   0x0000007c   Code   RO         4386    i.HAL_PCD_EP_ClrStall  stm32f4xx_hal_pcd.o
    0x0800554c   0x0800554c   0x00000016   Code   RO         4388    i.HAL_PCD_EP_GetRxCount  stm32f4xx_hal_pcd.o
    0x08005562   0x08005562   0x0000008c   Code   RO         4389    i.HAL_PCD_EP_Open   stm32f4xx_hal_pcd.o
    0x080055ee   0x080055ee   0x00000058   Code   RO         4390    i.HAL_PCD_EP_Receive  stm32f4xx_hal_pcd.o
    0x08005646   0x08005646   0x0000008a   Code   RO         4391    i.HAL_PCD_EP_SetStall  stm32f4xx_hal_pcd.o
    0x080056d0   0x080056d0   0x0000005a   Code   RO         4392    i.HAL_PCD_EP_Transmit  stm32f4xx_hal_pcd.o
    0x0800572a   0x0800572a   0x0000055c   Code   RO         4394    i.HAL_PCD_IRQHandler  stm32f4xx_hal_pcd.o
    0x08005c86   0x08005c86   0x00000012   Code   RO         2468    i.HAL_PCD_ISOINIncompleteCallback  usbd_conf.o
    0x08005c98   0x08005c98   0x00000012   Code   RO         2469    i.HAL_PCD_ISOOUTIncompleteCallback  usbd_conf.o
    0x08005caa   0x08005caa   0x00000166   Code   RO         4397    i.HAL_PCD_Init      stm32f4xx_hal_pcd.o
    0x08005e10   0x08005e10   0x000000a8   Code   RO         2471    i.HAL_PCD_MspInit   usbd_conf.o
    0x08005eb8   0x08005eb8   0x00000030   Code   RO         2472    i.HAL_PCD_ResetCallback  usbd_conf.o
    0x08005ee8   0x08005ee8   0x0000000e   Code   RO         2473    i.HAL_PCD_ResumeCallback  usbd_conf.o
    0x08005ef6   0x08005ef6   0x0000000e   Code   RO         2474    i.HAL_PCD_SOFCallback  usbd_conf.o
    0x08005f04   0x08005f04   0x00000036   Code   RO         4403    i.HAL_PCD_SetAddress  stm32f4xx_hal_pcd.o
    0x08005f3a   0x08005f3a   0x00000012   Code   RO         2475    i.HAL_PCD_SetupStageCallback  usbd_conf.o
    0x08005f4c   0x08005f4c   0x0000004a   Code   RO         4405    i.HAL_PCD_Start     stm32f4xx_hal_pcd.o
    0x08005f96   0x08005f96   0x00000002   PAD
    0x08005f98   0x08005f98   0x00000034   Code   RO         2476    i.HAL_PCD_SuspendCallback  usbd_conf.o
    0x08005fcc   0x08005fcc   0x00000184   Code   RO         4956    i.HAL_RCC_ClockConfig  stm32f4xx_hal_rcc.o
    0x08006150   0x08006150   0x00000044   Code   RO         4960    i.HAL_RCC_GetClockConfig  stm32f4xx_hal_rcc.o
    0x08006194   0x08006194   0x0000000c   Code   RO         4961    i.HAL_RCC_GetHCLKFreq  stm32f4xx_hal_rcc.o
    0x080061a0   0x080061a0   0x00000020   Code   RO         4963    i.HAL_RCC_GetPCLK1Freq  stm32f4xx_hal_rcc.o
    0x080061c0   0x080061c0   0x00000020   Code   RO         4964    i.HAL_RCC_GetPCLK2Freq  stm32f4xx_hal_rcc.o
    0x080061e0   0x080061e0   0x000000b0   Code   RO         4965    i.HAL_RCC_GetSysClockFreq  stm32f4xx_hal_rcc.o
    0x08006290   0x08006290   0x00000488   Code   RO         4968    i.HAL_RCC_OscConfig  stm32f4xx_hal_rcc.o
    0x08006718   0x08006718   0x0000008c   Code   RO         7147    i.HAL_SPI_Init      stm32f4xx_hal_spi.o
    0x080067a4   0x080067a4   0x000001cc   Code   RO         2262    i.HAL_SPI_MspInit   spi.o
    0x08006970   0x08006970   0x000001a2   Code   RO         7155    i.HAL_SPI_Transmit  stm32f4xx_hal_spi.o
    0x08006b12   0x08006b12   0x0000022a   Code   RO         7156    i.HAL_SPI_TransmitReceive  stm32f4xx_hal_spi.o
    0x08006d3c   0x08006d3c   0x00000002   Code   RO         8146    i.HAL_TIMEx_BreakCallback  stm32f4xx_hal_tim_ex.o
    0x08006d3e   0x08006d3e   0x00000002   Code   RO         8147    i.HAL_TIMEx_CommutCallback  stm32f4xx_hal_tim_ex.o
    0x08006d40   0x08006d40   0x000000b4   Code   RO         8164    i.HAL_TIMEx_MasterConfigSynchronization  stm32f4xx_hal_tim_ex.o
    0x08006df4   0x08006df4   0x00000034   Code   RO         7460    i.HAL_TIM_Base_Init  stm32f4xx_hal_tim.o
    0x08006e28   0x08006e28   0x000000d0   Code   RO         2310    i.HAL_TIM_Base_MspInit  tim.o
    0x08006ef8   0x08006ef8   0x0000002a   Code   RO         7463    i.HAL_TIM_Base_Start  stm32f4xx_hal_tim.o
    0x08006f22   0x08006f22   0x0000002a   Code   RO         7465    i.HAL_TIM_Base_Start_IT  stm32f4xx_hal_tim.o
    0x08006f4c   0x08006f4c   0x00000108   Code   RO         7469    i.HAL_TIM_ConfigClockSource  stm32f4xx_hal_tim.o
    0x08007054   0x08007054   0x00000002   Code   RO         7489    i.HAL_TIM_IC_CaptureCallback  stm32f4xx_hal_tim.o
    0x08007056   0x08007056   0x00000196   Code   RO         7503    i.HAL_TIM_IRQHandler  stm32f4xx_hal_tim.o
    0x080071ec   0x080071ec   0x00000134   Code   RO         2311    i.HAL_TIM_MspPostInit  tim.o
    0x08007320   0x08007320   0x00000002   Code   RO         7506    i.HAL_TIM_OC_DelayElapsedCallback  stm32f4xx_hal_tim.o
    0x08007322   0x08007322   0x00000108   Code   RO         7527    i.HAL_TIM_PWM_ConfigChannel  stm32f4xx_hal_tim.o
    0x0800742a   0x0800742a   0x00000034   Code   RO         7530    i.HAL_TIM_PWM_Init  stm32f4xx_hal_tim.o
    0x0800745e   0x0800745e   0x00000002   Code   RO         7532    i.HAL_TIM_PWM_MspInit  stm32f4xx_hal_tim.o
    0x08007460   0x08007460   0x00000002   Code   RO         7533    i.HAL_TIM_PWM_PulseFinishedCallback  stm32f4xx_hal_tim.o
    0x08007462   0x08007462   0x00000002   PAD
    0x08007464   0x08007464   0x00000058   Code   RO         7535    i.HAL_TIM_PWM_Start  stm32f4xx_hal_tim.o
    0x080074bc   0x080074bc   0x00000018   Code   RO         1871    i.HAL_TIM_PeriodElapsedCallback  main.o
    0x080074d4   0x080074d4   0x00000002   Code   RO         7546    i.HAL_TIM_TriggerCallback  stm32f4xx_hal_tim.o
    0x080074d6   0x080074d6   0x00000002   Code   RO         8418    i.HAL_UART_ErrorCallback  stm32f4xx_hal_uart.o
    0x080074d8   0x080074d8   0x00000154   Code   RO         8421    i.HAL_UART_IRQHandler  stm32f4xx_hal_uart.o
    0x0800762c   0x0800762c   0x00000072   Code   RO         8422    i.HAL_UART_Init     stm32f4xx_hal_uart.o
    0x0800769e   0x0800769e   0x00000002   PAD
    0x080076a0   0x080076a0   0x00000348   Code   RO         2376    i.HAL_UART_MspInit  usart.o
    0x080079e8   0x080079e8   0x00000002   Code   RO         8428    i.HAL_UART_RxCpltCallback  stm32f4xx_hal_uart.o
    0x080079ea   0x080079ea   0x00000002   PAD
    0x080079ec   0x080079ec   0x0000009c   Code   RO         8431    i.HAL_UART_Transmit_DMA  stm32f4xx_hal_uart.o
    0x08007a88   0x08007a88   0x00000002   Code   RO         8433    i.HAL_UART_TxCpltCallback  stm32f4xx_hal_uart.o
    0x08007a8a   0x08007a8a   0x00000002   Code   RO         8434    i.HAL_UART_TxHalfCpltCallback  stm32f4xx_hal_uart.o
    0x08007a8c   0x08007a8c   0x00000004   Code   RO         2840    i.HardFault_Handler  stm32f4xx_it.o
    0x08007a90   0x08007a90   0x0000003e   Code   RO         6700    i.I2C_IsAcknowledgeFailed  stm32f4xx_hal_i2c.o
    0x08007ace   0x08007ace   0x00000002   PAD
    0x08007ad0   0x08007ad0   0x00000160   Code   RO         6711    i.I2C_RequestMemoryRead  stm32f4xx_hal_i2c.o
    0x08007c30   0x08007c30   0x000000e0   Code   RO         6712    i.I2C_RequestMemoryWrite  stm32f4xx_hal_i2c.o
    0x08007d10   0x08007d10   0x0000005c   Code   RO         6720    i.I2C_WaitOnBTFFlagUntilTimeout  stm32f4xx_hal_i2c.o
    0x08007d6c   0x08007d6c   0x00000086   Code   RO         6721    i.I2C_WaitOnFlagUntilTimeout  stm32f4xx_hal_i2c.o
    0x08007df2   0x08007df2   0x000000c4   Code   RO         6722    i.I2C_WaitOnMasterAddressFlagUntilTimeout  stm32f4xx_hal_i2c.o
    0x08007eb6   0x08007eb6   0x00000080   Code   RO         6723    i.I2C_WaitOnRXNEFlagUntilTimeout  stm32f4xx_hal_i2c.o
    0x08007f36   0x08007f36   0x0000005c   Code   RO         6726    i.I2C_WaitOnTXEFlagUntilTimeout  stm32f4xx_hal_i2c.o
    0x08007f92   0x08007f92   0x00000002   PAD
    0x08007f94   0x08007f94   0x00000100   Code   RO         1981    i.IMU_Send          freertos.o
    0x08008094   0x08008094   0x0000007c   Code   RO         3956    i.INS_cali_gyro     ins_task.o
    0x08008110   0x08008110   0x00000048   Code   RO         3957    i.INS_set_cali_gyro  ins_task.o
    0x08008158   0x08008158   0x00000314   Code   RO         3958    i.INS_task          ins_task.o
    0x0800846c   0x0800846c   0x0000009c   Code   RO          494    i.I_PID_Parameter_Init  my_incrementpid_bate.o
    0x08008508   0x08008508   0x0000003e   Code   RO         2664    i.IntToUnicode      usbd_desc.o
    0x08008546   0x08008546   0x0000003c   Code   RO          883    i.LPF_V2            lpf.o
    0x08008582   0x08008582   0x00000002   PAD
    0x08008584   0x08008584   0x0000001c   Code   RO         1786    i.LQR_TEST_CON      lqr_test.o
    0x080085a0   0x080085a0   0x0000013c   Code   RO         1030    i.M2006_getInfo     m2006.o
    0x080086dc   0x080086dc   0x00000118   Code   RO          982    i.M3508_getInfo     m3508.o
    0x080087f4   0x080087f4   0x00000054   Code   RO          985    i.M3508s1_setCurrent  m3508.o
    0x08008848   0x08008848   0x00000130   Code   RO         1611    i.MIT_A_controul    mit.o
    0x08008978   0x08008978   0x00000130   Code   RO         1612    i.MIT_B_controul    mit.o
    0x08008aa8   0x08008aa8   0x00000130   Code   RO         1613    i.MIT_C_controul    mit.o
    0x08008bd8   0x08008bd8   0x00000130   Code   RO         1614    i.MIT_D_controul    mit.o
    0x08008d08   0x08008d08   0x00000054   Code   RO         1615    i.MIT_MODE          mit.o
    0x08008d5c   0x08008d5c   0x00000274   Code   RO         1616    i.MIT_PID_INIT      mit.o
    0x08008fd0   0x08008fd0   0x000001f4   Code   RO         1618    i.MIT_controul      mit.o
    0x080091c4   0x080091c4   0x0000007c   Code   RO         1745    i.MIT_init_angle_WRITE_to_flash  mit_init.o
    0x08009240   0x08009240   0x000000a4   Code   RO         1746    i.MIT_init_angle_read_from_flash  mit_init.o
    0x080092e4   0x080092e4   0x00000080   Code   RO          920    i.MIT_keep_BALENCE  mit_math.o
    0x08009364   0x08009364   0x00000070   Code   RO         2100    i.MX_ADC1_Init      adc.o
    0x080093d4   0x080093d4   0x00000070   Code   RO         2101    i.MX_ADC3_Init      adc.o
    0x08009444   0x08009444   0x00000044   Code   RO         2148    i.MX_CAN1_Init      can.o
    0x08009488   0x08009488   0x00000048   Code   RO         2149    i.MX_CAN2_Init      can.o
    0x080094d0   0x080094d0   0x000000b8   Code   RO         2195    i.MX_DMA_Init       dma.o
    0x08009588   0x08009588   0x00000910   Code   RO         1982    i.MX_FREERTOS_Init  freertos.o
    0x08009e98   0x08009e98   0x00000220   Code   RO         1954    i.MX_GPIO_Init      gpio.o
    0x0800a0b8   0x0800a0b8   0x0000003c   Code   RO         2221    i.MX_I2C3_Init      i2c.o
    0x0800a0f4   0x0800a0f4   0x00000048   Code   RO         2263    i.MX_SPI1_Init      spi.o
    0x0800a13c   0x0800a13c   0x00000044   Code   RO         2264    i.MX_SPI2_Init      spi.o
    0x0800a180   0x0800a180   0x0000006c   Code   RO         2312    i.MX_TIM10_Init     tim.o
    0x0800a1ec   0x0800a1ec   0x0000006c   Code   RO         2313    i.MX_TIM3_Init      tim.o
    0x0800a258   0x0800a258   0x000000a4   Code   RO         2314    i.MX_TIM4_Init      tim.o
    0x0800a2fc   0x0800a2fc   0x000000c4   Code   RO         2315    i.MX_TIM5_Init      tim.o
    0x0800a3c0   0x0800a3c0   0x00000038   Code   RO         2377    i.MX_USART1_UART_Init  usart.o
    0x0800a3f8   0x0800a3f8   0x00000038   Code   RO         2378    i.MX_USART3_UART_Init  usart.o
    0x0800a430   0x0800a430   0x00000038   Code   RO         2379    i.MX_USART6_UART_Init  usart.o
    0x0800a468   0x0800a468   0x0000004c   Code   RO         2429    i.MX_USB_DEVICE_Init  usb_device.o
    0x0800a4b4   0x0800a4b4   0x000005ac   Code   RO         4298    i.MahonyAHRSupdate  mahonyahrs.o
    0x0800aa60   0x0800aa60   0x000002fc   Code   RO         4299    i.MahonyAHRSupdateIMU  mahonyahrs.o
    0x0800ad5c   0x0800ad5c   0x00000004   Code   RO         2841    i.MemManage_Handler  stm32f4xx_it.o
    0x0800ad60   0x0800ad60   0x00000002   Code   RO         2842    i.NMI_Handler       stm32f4xx_it.o
    0x0800ad62   0x0800ad62   0x00000002   PAD
    0x0800ad64   0x0800ad64   0x000002c4   Code   RO         1060    i.NM_swj            dr16_recive.o
    0x0800b028   0x0800b028   0x00000010   Code   RO         2843    i.OTG_FS_IRQHandler  stm32f4xx_it.o
    0x0800b038   0x0800b038   0x00000064   Code   RO         4409    i.PCD_EP_OutSetupPacket_int  stm32f4xx_hal_pcd.o
    0x0800b09c   0x0800b09c   0x0000017c   Code   RO         4410    i.PCD_EP_OutXfrComplete_int  stm32f4xx_hal_pcd.o
    0x0800b218   0x0800b218   0x000000b6   Code   RO         4411    i.PCD_WriteEmptyTxFifo  stm32f4xx_hal_pcd.o
    0x0800b2ce   0x0800b2ce   0x00000002   PAD
    0x0800b2d0   0x0800b2d0   0x000001f0   Code   RO         3913    i.PID_calc          pid.o
    0x0800b4c0   0x0800b4c0   0x00000060   Code   RO         3915    i.PID_init          pid.o
    0x0800b520   0x0800b520   0x0000007c   Code   RO          445    i.PIRCH_XR          my_balance_control.o
    0x0800b59c   0x0800b59c   0x00000024   Code   RO          541    i.P_PID_BetaGeneration  my_positionpid_bate.o
    0x0800b5c0   0x0800b5c0   0x00000038   Code   RO          542    i.P_PID_Parameter_Clear  my_positionpid_bate.o
    0x0800b5f8   0x0800b5f8   0x00000088   Code   RO          543    i.P_PID_Parameter_Init  my_positionpid_bate.o
    0x0800b680   0x0800b680   0x00000098   Code   RO          544    i.P_PID_V2_Init     my_positionpid_bate.o
    0x0800b718   0x0800b718   0x00000180   Code   RO          545    i.P_PID_bate        my_positionpid_bate.o
    0x0800b898   0x0800b898   0x0000024c   Code   RO          546    i.P_PID_bate_V2     my_positionpid_bate.o
    0x0800bae4   0x0800bae4   0x00000088   Code   RO          847    i.Ramp_Function     user_math.o
    0x0800bb6c   0x0800bb6c   0x00000260   Code   RO         1983    i.Robot_Control     freertos.o
    0x0800bdcc   0x0800bdcc   0x0000273c   Code   RO         3686    i.SPI1_DMA_enable   bsp_spi.o
    0x0800e508   0x0800e508   0x00000180   Code   RO         3687    i.SPI1_DMA_init     bsp_spi.o
    0x0800e688   0x0800e688   0x0000006c   Code   RO         7185    i.SPI_EndRxTxTransaction  stm32f4xx_hal_spi.o
    0x0800e6f4   0x0800e6f4   0x000000a8   Code   RO         7190    i.SPI_WaitFlagStateUntilTimeout  stm32f4xx_hal_spi.o
    0x0800e79c   0x0800e79c   0x00000012   Code   RO        10392    i.SWAPBYTE          usbd_ctlreq.o
    0x0800e7ae   0x0800e7ae   0x00000002   PAD
    0x0800e7b0   0x0800e7b0   0x00000034   Code   RO        10165    i.SysTick_Handler   port.o
    0x0800e7e4   0x0800e7e4   0x000000b4   Code   RO         1872    i.SystemClock_Config  main.o
    0x0800e898   0x0800e898   0x00000064   Code   RO         4340    i.SystemInit        system_stm32f4xx.o
    0x0800e8fc   0x0800e8fc   0x00000010   Code   RO         2844    i.TIM3_IRQHandler   stm32f4xx_it.o
    0x0800e90c   0x0800e90c   0x00000010   Code   RO         2845    i.TIM6_DAC_IRQHandler  stm32f4xx_it.o
    0x0800e91c   0x0800e91c   0x000000d8   Code   RO         7548    i.TIM_Base_SetConfig  stm32f4xx_hal_tim.o
    0x0800e9f4   0x0800e9f4   0x00000022   Code   RO         7549    i.TIM_CCxChannelCmd  stm32f4xx_hal_tim.o
    0x0800ea16   0x0800ea16   0x00000016   Code   RO         7559    i.TIM_ETR_SetConfig  stm32f4xx_hal_tim.o
    0x0800ea2c   0x0800ea2c   0x00000012   Code   RO         7560    i.TIM_ITRx_SetConfig  stm32f4xx_hal_tim.o
    0x0800ea3e   0x0800ea3e   0x00000002   PAD
    0x0800ea40   0x0800ea40   0x00000070   Code   RO         7561    i.TIM_OC1_SetConfig  stm32f4xx_hal_tim.o
    0x0800eab0   0x0800eab0   0x0000007c   Code   RO         7562    i.TIM_OC2_SetConfig  stm32f4xx_hal_tim.o
    0x0800eb2c   0x0800eb2c   0x00000078   Code   RO         7563    i.TIM_OC3_SetConfig  stm32f4xx_hal_tim.o
    0x0800eba4   0x0800eba4   0x00000054   Code   RO         7564    i.TIM_OC4_SetConfig  stm32f4xx_hal_tim.o
    0x0800ebf8   0x0800ebf8   0x00000026   Code   RO         7566    i.TIM_TI1_ConfigInputStage  stm32f4xx_hal_tim.o
    0x0800ec1e   0x0800ec1e   0x00000028   Code   RO         7568    i.TIM_TI2_ConfigInputStage  stm32f4xx_hal_tim.o
    0x0800ec46   0x0800ec46   0x00000014   Code   RO         8435    i.UART_DMAAbortOnError  stm32f4xx_hal_uart.o
    0x0800ec5a   0x0800ec5a   0x00000050   Code   RO         8436    i.UART_DMAError     stm32f4xx_hal_uart.o
    0x0800ecaa   0x0800ecaa   0x00000036   Code   RO         8441    i.UART_DMATransmitCplt  stm32f4xx_hal_uart.o
    0x0800ece0   0x0800ece0   0x0000000e   Code   RO         8443    i.UART_DMATxHalfCplt  stm32f4xx_hal_uart.o
    0x0800ecee   0x0800ecee   0x00000020   Code   RO         8445    i.UART_EndRxTransfer  stm32f4xx_hal_uart.o
    0x0800ed0e   0x0800ed0e   0x00000020   Code   RO         8446    i.UART_EndTransmit_IT  stm32f4xx_hal_uart.o
    0x0800ed2e   0x0800ed2e   0x00000014   Code   RO         8447    i.UART_EndTxTransfer  stm32f4xx_hal_uart.o
    0x0800ed42   0x0800ed42   0x000000a6   Code   RO         8448    i.UART_Receive_IT   stm32f4xx_hal_uart.o
    0x0800ede8   0x0800ede8   0x000003e8   Code   RO         8449    i.UART_SetConfig    stm32f4xx_hal_uart.o
    0x0800f1d0   0x0800f1d0   0x00000068   Code   RO         8450    i.UART_Transmit_IT  stm32f4xx_hal_uart.o
    0x0800f238   0x0800f238   0x00000010   Code   RO         2846    i.USART1_IRQHandler  stm32f4xx_it.o
    0x0800f248   0x0800f248   0x00000024   Code   RO         2847    i.USART3_IRQHandler  stm32f4xx_it.o
    0x0800f26c   0x0800f26c   0x00000024   Code   RO         2848    i.USART6_IRQHandler  stm32f4xx_it.o
    0x0800f290   0x0800f290   0x00000044   Code   RO         1411    i.USART_RX_DMA_ENABLE  vision.o
    0x0800f2d4   0x0800f2d4   0x00000044   Code   RO         1062    i.USART_Receive_DMA_NO_IT  dr16_recive.o
    0x0800f318   0x0800f318   0x0000008c   Code   RO        10575    i.USBD_CDC_DataIn   usbd_cdc.o
    0x0800f3a4   0x0800f3a4   0x00000034   Code   RO        10576    i.USBD_CDC_DataOut  usbd_cdc.o
    0x0800f3d8   0x0800f3d8   0x00000054   Code   RO        10577    i.USBD_CDC_DeInit   usbd_cdc.o
    0x0800f42c   0x0800f42c   0x00000032   Code   RO        10578    i.USBD_CDC_EP0_RxReady  usbd_cdc.o
    0x0800f45e   0x0800f45e   0x00000002   PAD
    0x0800f460   0x0800f460   0x00000010   Code   RO        10579    i.USBD_CDC_GetDeviceQualifierDescriptor  usbd_cdc.o
    0x0800f470   0x0800f470   0x00000010   Code   RO        10580    i.USBD_CDC_GetFSCfgDesc  usbd_cdc.o
    0x0800f480   0x0800f480   0x00000010   Code   RO        10581    i.USBD_CDC_GetHSCfgDesc  usbd_cdc.o
    0x0800f490   0x0800f490   0x00000010   Code   RO        10582    i.USBD_CDC_GetOtherSpeedCfgDesc  usbd_cdc.o
    0x0800f4a0   0x0800f4a0   0x000000c0   Code   RO        10583    i.USBD_CDC_Init     usbd_cdc.o
    0x0800f560   0x0800f560   0x0000003a   Code   RO        10584    i.USBD_CDC_ReceivePacket  usbd_cdc.o
    0x0800f59a   0x0800f59a   0x00000010   Code   RO        10585    i.USBD_CDC_RegisterInterface  usbd_cdc.o
    0x0800f5aa   0x0800f5aa   0x0000000e   Code   RO        10586    i.USBD_CDC_SetRxBuffer  usbd_cdc.o
    0x0800f5b8   0x0800f5b8   0x00000014   Code   RO        10587    i.USBD_CDC_SetTxBuffer  usbd_cdc.o
    0x0800f5cc   0x0800f5cc   0x000000fa   Code   RO        10588    i.USBD_CDC_Setup    usbd_cdc.o
    0x0800f6c6   0x0800f6c6   0x0000001c   Code   RO        10244    i.USBD_ClrClassConfig  usbd_core.o
    0x0800f6e2   0x0800f6e2   0x0000003e   Code   RO        10393    i.USBD_ClrFeature   usbd_ctlreq.o
    0x0800f720   0x0800f720   0x00000018   Code   RO        10505    i.USBD_CtlContinueRx  usbd_ioreq.o
    0x0800f738   0x0800f738   0x00000018   Code   RO        10506    i.USBD_CtlContinueSendData  usbd_ioreq.o
    0x0800f750   0x0800f750   0x00000018   Code   RO        10394    i.USBD_CtlError     usbd_ctlreq.o
    0x0800f768   0x0800f768   0x00000028   Code   RO        10507    i.USBD_CtlPrepareRx  usbd_ioreq.o
    0x0800f790   0x0800f790   0x0000001a   Code   RO        10508    i.USBD_CtlReceiveStatus  usbd_ioreq.o
    0x0800f7aa   0x0800f7aa   0x00000022   Code   RO        10509    i.USBD_CtlSendData  usbd_ioreq.o
    0x0800f7cc   0x0800f7cc   0x0000001a   Code   RO        10510    i.USBD_CtlSendStatus  usbd_ioreq.o
    0x0800f7e6   0x0800f7e6   0x00000002   PAD
    0x0800f7e8   0x0800f7e8   0x00000034   Code   RO         2665    i.USBD_FS_ConfigStrDescriptor  usbd_desc.o
    0x0800f81c   0x0800f81c   0x00000010   Code   RO         2666    i.USBD_FS_DeviceDescriptor  usbd_desc.o
    0x0800f82c   0x0800f82c   0x00000038   Code   RO         2667    i.USBD_FS_InterfaceStrDescriptor  usbd_desc.o
    0x0800f864   0x0800f864   0x00000010   Code   RO         2668    i.USBD_FS_LangIDStrDescriptor  usbd_desc.o
    0x0800f874   0x0800f874   0x0000002c   Code   RO         2669    i.USBD_FS_ManufacturerStrDescriptor  usbd_desc.o
    0x0800f8a0   0x0800f8a0   0x00000040   Code   RO         2670    i.USBD_FS_ProductStrDescriptor  usbd_desc.o
    0x0800f8e0   0x0800f8e0   0x00000018   Code   RO         2671    i.USBD_FS_SerialStrDescriptor  usbd_desc.o
    0x0800f8f8   0x0800f8f8   0x00000056   Code   RO        10395    i.USBD_GetConfig    usbd_ctlreq.o
    0x0800f94e   0x0800f94e   0x000001fc   Code   RO        10396    i.USBD_GetDescriptor  usbd_ctlreq.o
    0x0800fb4a   0x0800fb4a   0x00000016   Code   RO        10397    i.USBD_GetLen       usbd_ctlreq.o
    0x0800fb60   0x0800fb60   0x0000005a   Code   RO        10398    i.USBD_GetStatus    usbd_ctlreq.o
    0x0800fbba   0x0800fbba   0x00000054   Code   RO        10399    i.USBD_GetString    usbd_ctlreq.o
    0x0800fc0e   0x0800fc0e   0x0000002c   Code   RO         2477    i.USBD_Get_USB_Status  usbd_conf.o
    0x0800fc3a   0x0800fc3a   0x00000044   Code   RO        10246    i.USBD_Init         usbd_core.o
    0x0800fc7e   0x0800fc7e   0x00000026   Code   RO         2478    i.USBD_LL_ClearStallEP  usbd_conf.o
    0x0800fca4   0x0800fca4   0x00000026   Code   RO         2479    i.USBD_LL_CloseEP   usbd_conf.o
    0x0800fcca   0x0800fcca   0x000000e6   Code   RO        10247    i.USBD_LL_DataInStage  usbd_core.o
    0x0800fdb0   0x0800fdb0   0x00000092   Code   RO        10248    i.USBD_LL_DataOutStage  usbd_core.o
    0x0800fe42   0x0800fe42   0x00000006   Code   RO        10249    i.USBD_LL_DevConnected  usbd_core.o
    0x0800fe48   0x0800fe48   0x00000020   Code   RO        10250    i.USBD_LL_DevDisconnected  usbd_core.o
    0x0800fe68   0x0800fe68   0x00000012   Code   RO         2483    i.USBD_LL_GetRxDataSize  usbd_conf.o
    0x0800fe7a   0x0800fe7a   0x00000002   PAD
    0x0800fe7c   0x0800fe7c   0x00000068   Code   RO         2484    i.USBD_LL_Init      usbd_conf.o
    0x0800fee4   0x0800fee4   0x00000038   Code   RO         2485    i.USBD_LL_IsStallEP  usbd_conf.o
    0x0800ff1c   0x0800ff1c   0x00000006   Code   RO        10251    i.USBD_LL_IsoINIncomplete  usbd_core.o
    0x0800ff22   0x0800ff22   0x00000006   Code   RO        10252    i.USBD_LL_IsoOUTIncomplete  usbd_core.o
    0x0800ff28   0x0800ff28   0x00000030   Code   RO         2486    i.USBD_LL_OpenEP    usbd_conf.o
    0x0800ff58   0x0800ff58   0x00000030   Code   RO         2487    i.USBD_LL_PrepareReceive  usbd_conf.o
    0x0800ff88   0x0800ff88   0x0000005a   Code   RO        10253    i.USBD_LL_Reset     usbd_core.o
    0x0800ffe2   0x0800ffe2   0x00000016   Code   RO        10254    i.USBD_LL_Resume    usbd_core.o
    0x0800fff8   0x0800fff8   0x00000022   Code   RO        10255    i.USBD_LL_SOF       usbd_core.o
    0x0801001a   0x0801001a   0x00000008   Code   RO        10256    i.USBD_LL_SetSpeed  usbd_core.o
    0x08010022   0x08010022   0x00000026   Code   RO         2488    i.USBD_LL_SetUSBAddress  usbd_conf.o
    0x08010048   0x08010048   0x00000076   Code   RO        10257    i.USBD_LL_SetupStage  usbd_core.o
    0x080100be   0x080100be   0x00000026   Code   RO         2489    i.USBD_LL_StallEP   usbd_conf.o
    0x080100e4   0x080100e4   0x0000001e   Code   RO         2490    i.USBD_LL_Start     usbd_conf.o
    0x08010102   0x08010102   0x00000014   Code   RO        10258    i.USBD_LL_Suspend   usbd_core.o
    0x08010116   0x08010116   0x00000030   Code   RO         2492    i.USBD_LL_Transmit  usbd_conf.o
    0x08010146   0x08010146   0x00000036   Code   RO        10400    i.USBD_ParseSetupRequest  usbd_ctlreq.o
    0x0801017c   0x0801017c   0x00000026   Code   RO        10259    i.USBD_RegisterClass  usbd_core.o
    0x080101a2   0x080101a2   0x00000006   Code   RO        10260    i.USBD_RunTestMode  usbd_core.o
    0x080101a8   0x080101a8   0x0000005a   Code   RO        10401    i.USBD_SetAddress   usbd_ctlreq.o
    0x08010202   0x08010202   0x00000020   Code   RO        10261    i.USBD_SetClassConfig  usbd_core.o
    0x08010222   0x08010222   0x00000002   PAD
    0x08010224   0x08010224   0x000000fc   Code   RO        10402    i.USBD_SetConfig    usbd_ctlreq.o
    0x08010320   0x08010320   0x00000018   Code   RO        10403    i.USBD_SetFeature   usbd_ctlreq.o
    0x08010338   0x08010338   0x0000000c   Code   RO        10262    i.USBD_Start        usbd_core.o
    0x08010344   0x08010344   0x000000a6   Code   RO        10404    i.USBD_StdDevReq    usbd_ctlreq.o
    0x080103ea   0x080103ea   0x0000022a   Code   RO        10405    i.USBD_StdEPReq     usbd_ctlreq.o
    0x08010614   0x08010614   0x0000007e   Code   RO        10406    i.USBD_StdItfReq    usbd_ctlreq.o
    0x08010692   0x08010692   0x00000002   PAD
    0x08010694   0x08010694   0x000000d0   Code   RO         4650    i.USB_ActivateEndpoint  stm32f4xx_ll_usb.o
    0x08010764   0x08010764   0x00000028   Code   RO         4652    i.USB_ActivateSetup  stm32f4xx_ll_usb.o
    0x0801078c   0x0801078c   0x00000084   Code   RO         4654    i.USB_CoreInit      stm32f4xx_ll_usb.o
    0x08010810   0x08010810   0x0000004c   Code   RO         4655    i.USB_CoreReset     stm32f4xx_ll_usb.o
    0x0801085c   0x0801085c   0x0000014c   Code   RO         4658    i.USB_DeactivateEndpoint  stm32f4xx_ll_usb.o
    0x080109a8   0x080109a8   0x00000024   Code   RO         4659    i.USB_DevConnect    stm32f4xx_ll_usb.o
    0x080109cc   0x080109cc   0x00000024   Code   RO         4660    i.USB_DevDisconnect  stm32f4xx_ll_usb.o
    0x080109f0   0x080109f0   0x000001e0   Code   RO         4661    i.USB_DevInit       stm32f4xx_ll_usb.o
    0x08010bd0   0x08010bd0   0x0000000e   Code   RO         4662    i.USB_DisableGlobalInt  stm32f4xx_ll_usb.o
    0x08010bde   0x08010bde   0x00000002   PAD
    0x08010be0   0x08010be0   0x000001d8   Code   RO         4665    i.USB_EP0StartXfer  stm32f4xx_ll_usb.o
    0x08010db8   0x08010db8   0x00000070   Code   RO         4666    i.USB_EP0_OutStart  stm32f4xx_ll_usb.o
    0x08010e28   0x08010e28   0x0000008e   Code   RO         4667    i.USB_EPClearStall  stm32f4xx_ll_usb.o
    0x08010eb6   0x08010eb6   0x0000009a   Code   RO         4668    i.USB_EPSetStall    stm32f4xx_ll_usb.o
    0x08010f50   0x08010f50   0x00000344   Code   RO         4669    i.USB_EPStartXfer   stm32f4xx_ll_usb.o
    0x08011294   0x08011294   0x0000000e   Code   RO         4670    i.USB_EnableGlobalInt  stm32f4xx_ll_usb.o
    0x080112a2   0x080112a2   0x00000002   PAD
    0x080112a4   0x080112a4   0x0000002c   Code   RO         4671    i.USB_FlushRxFifo   stm32f4xx_ll_usb.o
    0x080112d0   0x080112d0   0x00000030   Code   RO         4672    i.USB_FlushTxFifo   stm32f4xx_ll_usb.o
    0x08011300   0x08011300   0x00000026   Code   RO         4674    i.USB_GetDevSpeed   stm32f4xx_ll_usb.o
    0x08011326   0x08011326   0x0000000a   Code   RO         4676    i.USB_GetMode       stm32f4xx_ll_usb.o
    0x08011330   0x08011330   0x00000014   Code   RO         4683    i.USB_ReadDevAllInEpInterrupt  stm32f4xx_ll_usb.o
    0x08011344   0x08011344   0x00000014   Code   RO         4684    i.USB_ReadDevAllOutEpInterrupt  stm32f4xx_ll_usb.o
    0x08011358   0x08011358   0x00000032   Code   RO         4685    i.USB_ReadDevInEPInterrupt  stm32f4xx_ll_usb.o
    0x0801138a   0x0801138a   0x0000001a   Code   RO         4686    i.USB_ReadDevOutEPInterrupt  stm32f4xx_ll_usb.o
    0x080113a4   0x080113a4   0x0000000a   Code   RO         4687    i.USB_ReadInterrupts  stm32f4xx_ll_usb.o
    0x080113ae   0x080113ae   0x00000022   Code   RO         4688    i.USB_ReadPacket    stm32f4xx_ll_usb.o
    0x080113d0   0x080113d0   0x00000036   Code   RO         4690    i.USB_SetCurrentMode  stm32f4xx_ll_usb.o
    0x08011406   0x08011406   0x0000002a   Code   RO         4691    i.USB_SetDevAddress  stm32f4xx_ll_usb.o
    0x08011430   0x08011430   0x00000012   Code   RO         4692    i.USB_SetDevSpeed   stm32f4xx_ll_usb.o
    0x08011442   0x08011442   0x00000002   PAD
    0x08011444   0x08011444   0x000000e8   Code   RO         4693    i.USB_SetTurnaroundTime  stm32f4xx_ll_usb.o
    0x0801152c   0x0801152c   0x0000003c   Code   RO         4696    i.USB_WritePacket   stm32f4xx_ll_usb.o
    0x08011568   0x08011568   0x00000258   Code   RO         3959    i.Updata_Hand_Euler_Gyro_Data  ins_task.o
    0x080117c0   0x080117c0   0x00000004   Code   RO         2849    i.UsageFault_Handler  stm32f4xx_it.o
    0x080117c4   0x080117c4   0x000002f8   Code   RO         1413    i.Vision_DataReceive  vision.o
    0x08011abc   0x08011abc   0x00000070   Code   RO         1415    i.Vision_Handler    vision.o
    0x08011b2c   0x08011b2c   0x00000030   Code   RO        11275    i.__ARM_fpclassify  m_wm.l(fpclassify.o)
    0x08011b5c   0x08011b5c   0x00000026   Code   RO        11277    i.__ARM_fpclassifyf  m_wm.l(fpclassifyf.o)
    0x08011b82   0x08011b82   0x0000000e   Code   RO         1619    i.__ARM_isnanf      mit.o
    0x08011b90   0x08011b90   0x00000010   Code   RO         5757    i.__NVIC_GetPriorityGrouping  stm32f4xx_hal_cortex.o
    0x08011ba0   0x08011ba0   0x00000028   Code   RO         5758    i.__NVIC_SetPriority  stm32f4xx_hal_cortex.o
    0x08011bc8   0x08011bc8   0x0000012c   Code   RO        10971    i.__hardfp_asinf    m_wm.l(asinf.o)
    0x08011cf4   0x08011cf4   0x00000004   PAD
    0x08011cf8   0x08011cf8   0x000002d8   Code   RO        10983    i.__hardfp_atan     m_wm.l(atan.o)
    0x08011fd0   0x08011fd0   0x00000250   Code   RO        10997    i.__hardfp_atan2f   m_wm.l(atan2f.o)
    0x08012220   0x08012220   0x000000c8   Code   RO        11009    i.__hardfp_cos      m_wm.l(cos.o)
    0x080122e8   0x080122e8   0x00000014   Code   RO        11021    i.__hardfp_fabs     m_wm.l(fabs.o)
    0x080122fc   0x080122fc   0x0000007a   Code   RO        11039    i.__hardfp_sqrt     m_wm.l(sqrt_full.o)
    0x08012376   0x08012376   0x00000002   PAD
    0x08012378   0x08012378   0x00000438   Code   RO        11295    i.__ieee754_rem_pio2  m_wm.l(rred.o)
    0x080127b0   0x080127b0   0x00000170   Code   RO        11258    i.__kernel_cos      m_wm.l(cos_i.o)
    0x08012920   0x08012920   0x000000f8   Code   RO        11293    i.__kernel_poly     m_wm.l(poly.o)
    0x08012a18   0x08012a18   0x00000130   Code   RO        11300    i.__kernel_sin      m_wm.l(sin_i.o)
    0x08012b48   0x08012b48   0x00000014   Code   RO        11262    i.__mathlib_dbl_infnan  m_wm.l(dunder.o)
    0x08012b5c   0x08012b5c   0x00000004   PAD
    0x08012b60   0x08012b60   0x00000020   Code   RO        11264    i.__mathlib_dbl_invalid  m_wm.l(dunder.o)
    0x08012b80   0x08012b80   0x00000020   Code   RO        11267    i.__mathlib_dbl_underflow  m_wm.l(dunder.o)
    0x08012ba0   0x08012ba0   0x00000006   Code   RO        11280    i.__mathlib_flt_infnan  m_wm.l(funder.o)
    0x08012ba6   0x08012ba6   0x00000006   Code   RO        11281    i.__mathlib_flt_infnan2  m_wm.l(funder.o)
    0x08012bac   0x08012bac   0x00000010   Code   RO        11282    i.__mathlib_flt_invalid  m_wm.l(funder.o)
    0x08012bbc   0x08012bbc   0x00000010   Code   RO        11285    i.__mathlib_flt_underflow  m_wm.l(funder.o)
    0x08012bcc   0x08012bcc   0x00000068   Code   RO         3657    i.aRGB_led_show     bsp_led.o
    0x08012c34   0x08012c34   0x0000003c   Code   RO         3861    i.adcx_get_chx_value  bsp_adc.o
    0x08012c70   0x08012c70   0x00000468   Code   RO          446    i.balance_control   my_balance_control.o
    0x080130d8   0x080130d8   0x00000134   Code   RO         3072    i.bmi088_accel_init  bmi088driver.o
    0x0801320c   0x0801320c   0x000002fc   Code   RO         3073    i.bmi088_accel_self_test  bmi088driver.o
    0x08013508   0x08013508   0x000000f4   Code   RO         3074    i.bmi088_gyro_init  bmi088driver.o
    0x080135fc   0x080135fc   0x000000d0   Code   RO         3075    i.bmi088_gyro_self_test  bmi088driver.o
    0x080136cc   0x080136cc   0x000000b8   Code   RO         4151    i.cali_data_read    calibrate_task.o
    0x08013784   0x08013784   0x00000074   Code   RO         4152    i.cali_data_write   calibrate_task.o
    0x080137f8   0x080137f8   0x0000004c   Code   RO         4153    i.cali_gyro_hook    calibrate_task.o
    0x08013844   0x08013844   0x00000098   Code   RO         4154    i.cali_param_init   calibrate_task.o
    0x080138dc   0x080138dc   0x0000017c   Code   RO         4155    i.calibrate_task    calibrate_task.o
    0x08013a58   0x08013a58   0x00000028   Code   RO         1788    i.chassis_behaviour_control_set  lqr_test.o
    0x08013a80   0x08013a80   0x00000430   Code   RO         1789    i.chassis_control_loop  lqr_test.o
    0x08013eb0   0x08013eb0   0x0000014c   Code   RO         1791    i.chassis_feedback_update  lqr_test.o
    0x08013ffc   0x08013ffc   0x0000004c   Code   RO         1792    i.chassis_rc_to_control_vector  lqr_test.o
    0x08014048   0x08014048   0x00000050   Code   RO         1793    i.chassis_remote_control  lqr_test.o
    0x08014098   0x08014098   0x000000d0   Code   RO         1794    i.chassis_set_contorl  lqr_test.o
    0x08014168   0x08014168   0x00000030   Code   RO         3591    i.delay_init        bsp_delay.o
    0x08014198   0x08014198   0x00000050   Code   RO         3593    i.delay_us          bsp_delay.o
    0x080141e8   0x080141e8   0x00000018   Code   RO        11023    i.fabs              m_wm.l(fabs.o)
    0x08014200   0x08014200   0x0000002e   Code   RO         3720    i.flash_erase_address  bsp_flash.o
    0x0801422e   0x0801422e   0x00000014   Code   RO         3721    i.flash_read        bsp_flash.o
    0x08014242   0x08014242   0x00000002   PAD
    0x08014244   0x08014244   0x00000098   Code   RO         3723    i.flash_write_single_address  bsp_flash.o
    0x080142dc   0x080142dc   0x00000034   Code   RO         1620    i.float_to_uint     mit.o
    0x08014310   0x08014310   0x0000002a   Code   RO         4220    i.fp32_constrain    user_lib.o
    0x0801433a   0x0801433a   0x00000002   PAD
    0x0801433c   0x0801433c   0x000000f4   Code   RO         3724    i.ger_sector        bsp_flash.o
    0x08014430   0x08014430   0x000000dc   Code   RO         3960    i.get_angle         ins_task.o
    0x0801450c   0x0801450c   0x000000e8   Code   RO         3725    i.get_next_flash_address  bsp_flash.o
    0x080145f4   0x080145f4   0x00000074   Code   RO          921    i.get_tg_angle_by_WLG_IS  mit_math.o
    0x08014668   0x08014668   0x00000054   Code   RO         3961    i.gyro_offset_calc  ins_task.o
    0x080146bc   0x080146bc   0x0000012c   Code   RO         3962    i.imu_cali_slove    ins_task.o
    0x080147e8   0x080147e8   0x00000168   Code   RO         3963    i.imu_cmd_spi_dma   ins_task.o
    0x08014950   0x08014950   0x0000000c   Code   RO         3629    i.imu_pwm_set       bsp_imu_pwm.o
    0x0801495c   0x0801495c   0x000000bc   Code   RO         3964    i.imu_temp_control  ins_task.o
    0x08014a18   0x08014a18   0x00000040   Code   RO         3865    i.init_vrefint_reciprocal  bsp_adc.o
    0x08014a58   0x08014a58   0x0000003c   Code   RO         4300    i.invSqrt           mahonyahrs.o
    0x08014a94   0x08014a94   0x00000002   Code   RO         3416    i.ist8310_GPIO_init  ist8310driver_middleware.o
    0x08014a96   0x08014a96   0x00000002   PAD
    0x08014a98   0x08014a98   0x00000028   Code   RO         3418    i.ist8310_IIC_read_single_reg  ist8310driver_middleware.o
    0x08014ac0   0x08014ac0   0x00000028   Code   RO         3420    i.ist8310_IIC_write_single_reg  ist8310driver_middleware.o
    0x08014ae8   0x08014ae8   0x00000014   Code   RO         3421    i.ist8310_RST_H     ist8310driver_middleware.o
    0x08014afc   0x08014afc   0x00000014   Code   RO         3422    i.ist8310_RST_L     ist8310driver_middleware.o
    0x08014b10   0x08014b10   0x00000002   Code   RO         3423    i.ist8310_com_init  ist8310driver_middleware.o
    0x08014b12   0x08014b12   0x0000000c   Code   RO         3424    i.ist8310_delay_ms  ist8310driver_middleware.o
    0x08014b1e   0x08014b1e   0x00000002   PAD
    0x08014b20   0x08014b20   0x00000094   Code   RO         3381    i.ist8310_init      ist8310driver.o
    0x08014bb4   0x08014bb4   0x000001b0   Code   RO         4089    i.led_RGB_flow_task  led_flow_task.o
    0x08014d64   0x08014d64   0x00000060   Code   RO         4224    i.loop_fp32_constrain  user_lib.o
    0x08014dc4   0x08014dc4   0x00000082   Code   RO         1873    i.main              main.o
    0x08014e46   0x08014e46   0x0000000e   Code   RO         9736    i.makeFreeRtosPriority  cmsis_os.o
    0x08014e54   0x08014e54   0x00000134   Code   RO          447    i.milemeter         my_balance_control.o
    0x08014f88   0x08014f88   0x0000047c   Code   RO          923    i.mit_math_temp_2   mit_math.o
    0x08015404   0x08015404   0x00000078   Code   RO         1480    i.oled_LOGO         oled.o
    0x0801547c   0x0801547c   0x00000054   Code   RO         1481    i.oled_clear        oled.o
    0x080154d0   0x080154d0   0x0000008c   Code   RO         1485    i.oled_drawpoint    oled.o
    0x0801555c   0x0801555c   0x0000011c   Code   RO         1486    i.oled_init         oled.o
    0x08015678   0x08015678   0x00000038   Code   RO         1489    i.oled_refresh_gram  oled.o
    0x080156b0   0x080156b0   0x0000002e   Code   RO         1490    i.oled_set_pos      oled.o
    0x080156de   0x080156de   0x00000002   PAD
    0x080156e0   0x080156e0   0x00000034   Code   RO         1494    i.oled_write_byte   oled.o
    0x08015714   0x08015714   0x00000018   Code   RO         9738    i.osDelay           cmsis_os.o
    0x0801572c   0x0801572c   0x0000000a   Code   RO         9741    i.osKernelStart     cmsis_os.o
    0x08015736   0x08015736   0x0000005e   Code   RO         9775    i.osThreadCreate    cmsis_os.o
    0x08015794   0x08015794   0x00000030   Code   RO         9221    i.pcTaskGetName     tasks.o
    0x080157c4   0x080157c4   0x000000a4   Code   RO         9222    i.prvAddCurrentTaskToDelayedList  tasks.o
    0x08015868   0x08015868   0x000000b4   Code   RO         9223    i.prvAddNewTaskToReadyList  tasks.o
    0x0801591c   0x0801591c   0x00000074   Code   RO         9574    i.prvCheckForValidListAndQueue  timers.o
    0x08015990   0x08015990   0x00000048   Code   RO         9224    i.prvCheckTasksWaitingTermination  tasks.o
    0x080159d8   0x080159d8   0x0000002a   Code   RO         8869    i.prvCopyDataFromQueue  queue.o
    0x08015a02   0x08015a02   0x0000007e   Code   RO         8870    i.prvCopyDataToQueue  queue.o
    0x08015a80   0x08015a80   0x00000050   Code   RO         9225    i.prvDeleteTCB      tasks.o
    0x08015ad0   0x08015ad0   0x00000028   Code   RO         9575    i.prvGetNextExpireTime  timers.o
    0x08015af8   0x08015af8   0x0000007c   Code   RO        10115    i.prvHeapInit       heap_4.o
    0x08015b74   0x08015b74   0x00000028   Code   RO         9226    i.prvIdleTask       tasks.o
    0x08015b9c   0x08015b9c   0x00000026   Code   RO         8873    i.prvInitialiseNewQueue  queue.o
    0x08015bc2   0x08015bc2   0x000000c2   Code   RO         9227    i.prvInitialiseNewTask  tasks.o
    0x08015c84   0x08015c84   0x00000068   Code   RO         9228    i.prvInitialiseTaskLists  tasks.o
    0x08015cec   0x08015cec   0x00000068   Code   RO        10116    i.prvInsertBlockIntoFreeList  heap_4.o
    0x08015d54   0x08015d54   0x00000058   Code   RO         9577    i.prvInsertTimerInActiveList  timers.o
    0x08015dac   0x08015dac   0x0000001a   Code   RO         8874    i.prvIsQueueEmpty   queue.o
    0x08015dc6   0x08015dc6   0x0000001e   Code   RO         8875    i.prvIsQueueFull    queue.o
    0x08015de4   0x08015de4   0x00000074   Code   RO         9578    i.prvProcessExpiredTimer  timers.o
    0x08015e58   0x08015e58   0x00000164   Code   RO         9579    i.prvProcessReceivedCommands  timers.o
    0x08015fbc   0x08015fbc   0x00000074   Code   RO         9580    i.prvProcessTimerOrBlockTask  timers.o
    0x08016030   0x08016030   0x00000034   Code   RO         9229    i.prvResetNextTaskUnblockTime  tasks.o
    0x08016064   0x08016064   0x0000002c   Code   RO         9581    i.prvSampleTimeNow  timers.o
    0x08016090   0x08016090   0x000000b0   Code   RO         9230    i.prvSearchForNameWithinSingleList  tasks.o
    0x08016140   0x08016140   0x000000a4   Code   RO         9582    i.prvSwitchTimerLists  timers.o
    0x080161e4   0x080161e4   0x00000016   Code   RO         9231    i.prvTaskCheckFreeStackSpace  tasks.o
    0x080161fa   0x080161fa   0x00000002   PAD
    0x080161fc   0x080161fc   0x00000040   Code   RO        10166    i.prvTaskExitError  port.o
    0x0801623c   0x0801623c   0x0000001a   Code   RO         9583    i.prvTimerTask      timers.o
    0x08016256   0x08016256   0x0000007e   Code   RO         8876    i.prvUnlockQueue    queue.o
    0x080162d4   0x080162d4   0x0000013c   Code   RO        10117    i.pvPortMalloc      heap_4.o
    0x08016410   0x08016410   0x0000002c   Code   RO        10167    i.pxPortInitialiseStack  port.o
    0x0801643c   0x0801643c   0x0000003e   Code   RO        11308    i.sqrtf             m_wm.l(sqrtf_full.o)
    0x0801647a   0x0801647a   0x0000000a   Code   RO         4124    i.test_task         test_task.o
    0x08016484   0x08016484   0x00000034   Code   RO         1624    i.uint_to_float     mit.o
    0x080164b8   0x080164b8   0x00000074   Code   RO         9234    i.ulTaskNotifyTake  tasks.o
    0x0801652c   0x0801652c   0x00000050   Code   RO         1063    i.usart1_dr16_init  dr16_recive.o
    0x0801657c   0x0801657c   0x00000028   Code   RO         8829    i.uxListRemove      list.o
    0x080165a4   0x080165a4   0x00000028   Code   RO         9236    i.uxTaskGetStackHighWaterMark  tasks.o
    0x080165cc   0x080165cc   0x00000018   Code   RO         1985    i.vApplicationGetIdleTaskMemory  freertos.o
    0x080165e4   0x080165e4   0x00000018   Code   RO         1986    i.vApplicationGetTimerTaskMemory  freertos.o
    0x080165fc   0x080165fc   0x0000001a   Code   RO         8830    i.vListInitialise   list.o
    0x08016616   0x08016616   0x00000006   Code   RO         8831    i.vListInitialiseItem  list.o
    0x0801661c   0x0801661c   0x00000034   Code   RO         8832    i.vListInsert       list.o
    0x08016650   0x08016650   0x00000018   Code   RO         8833    i.vListInsertEnd    list.o
    0x08016668   0x08016668   0x00000054   Code   RO        10169    i.vPortEnterCritical  port.o
    0x080166bc   0x080166bc   0x0000003c   Code   RO        10170    i.vPortExitCritical  port.o
    0x080166f8   0x080166f8   0x00000094   Code   RO        10118    i.vPortFree         heap_4.o
    0x0801678c   0x0801678c   0x00000028   Code   RO        10171    i.vPortSetupTimerInterrupt  port.o
    0x080167b4   0x080167b4   0x00000078   Code   RO        10172    i.vPortValidateInterruptPriority  port.o
    0x0801682c   0x0801682c   0x0000002c   Code   RO         8880    i.vQueueAddToRegistry  queue.o
    0x08016858   0x08016858   0x0000004a   Code   RO         8883    i.vQueueWaitForMessageRestricted  queue.o
    0x080168a2   0x080168a2   0x00000002   PAD
    0x080168a4   0x080168a4   0x0000005c   Code   RO         9240    i.vTaskDelay        tasks.o
    0x08016900   0x08016900   0x000000d4   Code   RO         9241    i.vTaskDelayUntil   tasks.o
    0x080169d4   0x080169d4   0x00000018   Code   RO         9244    i.vTaskInternalSetTimeOutState  tasks.o
    0x080169ec   0x080169ec   0x0000000c   Code   RO         9245    i.vTaskMissedYield  tasks.o
    0x080169f8   0x080169f8   0x000000f0   Code   RO         9246    i.vTaskNotifyGiveFromISR  tasks.o
    0x08016ae8   0x08016ae8   0x00000038   Code   RO         9247    i.vTaskPlaceOnEventList  tasks.o
    0x08016b20   0x08016b20   0x00000040   Code   RO         9248    i.vTaskPlaceOnEventListRestricted  tasks.o
    0x08016b60   0x08016b60   0x000000b8   Code   RO         9255    i.vTaskStartScheduler  tasks.o
    0x08016c18   0x08016c18   0x00000010   Code   RO         9257    i.vTaskSuspendAll   tasks.o
    0x08016c28   0x08016c28   0x0000008c   Code   RO         9258    i.vTaskSwitchContext  tasks.o
    0x08016cb4   0x08016cb4   0x00000168   Code   RO        10173    i.xPortStartScheduler  port.o
    0x08016e1c   0x08016e1c   0x00000060   Code   RO         8886    i.xQueueGenericCreate  queue.o
    0x08016e7c   0x08016e7c   0x000000e0   Code   RO         8887    i.xQueueGenericCreateStatic  queue.o
    0x08016f5c   0x08016f5c   0x00000098   Code   RO         8888    i.xQueueGenericReset  queue.o
    0x08016ff4   0x08016ff4   0x000001a8   Code   RO         8889    i.xQueueGenericSend  queue.o
    0x0801719c   0x0801719c   0x000000f8   Code   RO         8890    i.xQueueGenericSendFromISR  queue.o
    0x08017294   0x08017294   0x00000168   Code   RO         8898    i.xQueueReceive     queue.o
    0x080173fc   0x080173fc   0x000000a8   Code   RO         9260    i.xTaskCheckForTimeOut  tasks.o
    0x080174a4   0x080174a4   0x00000064   Code   RO         9261    i.xTaskCreate       tasks.o
    0x08017508   0x08017508   0x000000ba   Code   RO         9262    i.xTaskCreateStatic  tasks.o
    0x080175c2   0x080175c2   0x00000002   PAD
    0x080175c4   0x080175c4   0x000000a4   Code   RO         9266    i.xTaskGetHandle    tasks.o
    0x08017668   0x08017668   0x00000020   Code   RO         9267    i.xTaskGetSchedulerState  tasks.o
    0x08017688   0x08017688   0x0000000c   Code   RO         9268    i.xTaskGetTickCount  tasks.o
    0x08017694   0x08017694   0x00000148   Code   RO         9270    i.xTaskIncrementTick  tasks.o
    0x080177dc   0x080177dc   0x000000c8   Code   RO         9273    i.xTaskPriorityDisinherit  tasks.o
    0x080178a4   0x080178a4   0x00000098   Code   RO         9275    i.xTaskRemoveFromEventList  tasks.o
    0x0801793c   0x0801793c   0x00000104   Code   RO         9276    i.xTaskResumeAll    tasks.o
    0x08017a40   0x08017a40   0x00000078   Code   RO         9589    i.xTimerCreateTimerTask  timers.o
    0x08017ab8   0x08017ab8   0x00000084   Code   RO         9590    i.xTimerGenericCommand  timers.o
    0x08017b3c   0x08017b3c   0x00000018   Code   RO        11225    x$fpl$basic         g_wm.l(basic.o)
    0x08017b54   0x08017b54   0x000002c4   Code   RO        10937    x$fpl$d2f           g_wm.l(d2f_clz.o)
    0x08017e18   0x08017e18   0x0000024c   Code   RO        10939    x$fpl$dadd          g_wm.l(daddsub_clz.o)
    0x08018064   0x08018064   0x00000018   Code   RO        11227    x$fpl$dcmpinf       g_wm.l(dcmpi.o)
    0x0801807c   0x0801807c   0x0000037c   Code   RO        10946    x$fpl$ddiv          g_wm.l(ddiv_clz.o)
    0x080183f8   0x080183f8   0x000000c8   Code   RO        10949    x$fpl$dfix          g_wm.l(dfix.o)
    0x080184c0   0x080184c0   0x000000dc   Code   RO        10953    x$fpl$dfixu         g_wm.l(dfixu.o)
    0x0801859c   0x0801859c   0x0000002e   Code   RO        10958    x$fpl$dflt          g_wm.l(dflt_clz.o)
    0x080185ca   0x080185ca   0x0000001a   Code   RO        10959    x$fpl$dfltn         g_wm.l(dflt_clz.o)
    0x080185e4   0x080185e4   0x00000026   Code   RO        10957    x$fpl$dfltu         g_wm.l(dflt_clz.o)
    0x0801860a   0x0801860a   0x00000002   PAD
    0x0801860c   0x0801860c   0x00000078   Code   RO        10963    x$fpl$dleqf         g_wm.l(dleqf.o)
    0x08018684   0x08018684   0x000001c0   Code   RO        10965    x$fpl$dmul          g_wm.l(dmul_clz.o)
    0x08018844   0x08018844   0x00000102   Code   RO        11229    x$fpl$dnaninf       g_wm.l(dnaninf.o)
    0x08018946   0x08018946   0x00000070   Code   RO        11231    x$fpl$drenorm       g_wm.l(drenorm_clz.o)
    0x080189b6   0x080189b6   0x0000000c   Code   RO        11233    x$fpl$dretinf       g_wm.l(dretinf.o)
    0x080189c2   0x080189c2   0x00000062   Code   RO        10967    x$fpl$drleqf        g_wm.l(drleqf.o)
    0x08018a24   0x08018a24   0x00000050   Code   RO        10940    x$fpl$drsb          g_wm.l(daddsub_clz.o)
    0x08018a74   0x08018a74   0x00000208   Code   RO        11235    x$fpl$dsqrt         g_wm.l(dsqrt_umaalclz.o)
    0x08018c7c   0x08018c7c   0x0000029c   Code   RO        10941    x$fpl$dsub          g_wm.l(daddsub_clz.o)
    0x08018f18   0x08018f18   0x0000017a   Code   RO        11237    x$fpl$dunder        g_wm.l(dunder_clz.o)
    0x08019092   0x08019092   0x00000002   PAD
    0x08019094   0x08019094   0x000001ec   Code   RO        11239    x$fpl$exception     g_wm.l(except.o)
    0x08019280   0x08019280   0x0000007a   Code   RO        10969    x$fpl$f2d           g_wm.l(f2d.o)
    0x080192fa   0x080192fa   0x000000f2   Code   RO        11241    x$fpl$fnaninf       g_wm.l(fnaninf.o)
    0x080193ec   0x080193ec   0x0000000a   Code   RO        11382    x$fpl$fpinit        g_wm.l(fpinit.o)
    0x080193f6   0x080193f6   0x0000000a   Code   RO        11243    x$fpl$fretinf       g_wm.l(fretinf.o)
    0x08019400   0x08019400   0x0000013c   Code   RO        11245    x$fpl$funder        g_wm.l(funder_clz.o)
    0x0801953c   0x0801953c   0x000000b2   Code   RO        11384    x$fpl$retnan        g_wm.l(retnan.o)
    0x080195ee   0x080195ee   0x0000007e   Code   RO        11255    x$fpl$trapveneer    g_wm.l(trapv.o)
    0x0801966c   0x0801966c   0x00000000   Code   RO        11257    x$fpl$usenofp       g_wm.l(usenofp.o)
    0x0801966c   0x0801966c   0x00000100   Data   RO          603    .constdata          crc.o
    0x0801976c   0x0801976c   0x00000bb4   Data   RO         1496    .constdata          oled.o
    0x0801a320   0x0801a320   0x00000010   Data   RO         1748    .constdata          mit_init.o
    0x0801a330   0x0801a330   0x000000fc   Data   RO         1988    .constdata          freertos.o
    0x0801a42c   0x0801a42c   0x00000012   Data   RO         3080    .constdata          bmi088driver.o
    0x0801a43e   0x0801a43e   0x0000000c   Data   RO         3384    .constdata          ist8310driver.o
    0x0801a44a   0x0801a44a   0x00000002   PAD
    0x0801a44c   0x0801a44c   0x00000018   Data   RO         3966    .constdata          ins_task.o
    0x0801a464   0x0801a464   0x00000003   Data   RO         4157    .constdata          calibrate_task.o
    0x0801a467   0x0801a467   0x00000018   Data   RO         4341    .constdata          system_stm32f4xx.o
    0x0801a47f   0x0801a47f   0x00000008   Data   RO         5474    .constdata          stm32f4xx_hal_dma.o
    0x0801a487   0x0801a487   0x00000001   PAD
    0x0801a488   0x0801a488   0x00000098   Data   RO        10986    .constdata          m_wm.l(atan.o)
    0x0801a520   0x0801a520   0x00000030   Data   RO        11259    .constdata          m_wm.l(cos_i.o)
    0x0801a550   0x0801a550   0x000000c8   Data   RO        11297    .constdata          m_wm.l(rred.o)
    0x0801a618   0x0801a618   0x00000028   Data   RO        11301    .constdata          m_wm.l(sin_i.o)
    0x0801a640   0x0801a640   0x00000061   Data   RO         1989    .conststring        freertos.o
    0x0801a6a1   0x0801a6a1   0x00000003   PAD
    0x0801a6a4   0x0801a6a4   0x00000020   Data   RO        11517    Region$$Table       anon$$obj.o


    Execution Region RW_IRAM1 (Exec base: 0x20000000, Load base: 0x0801a6c4, Size: 0x0000edb8, Max: 0x00020000, ABSOLUTE, COMPRESSED[0x000001e0])

    Exec Addr    Load Addr    Size         Type   Attr      Idx    E Section Name        Object

    0x20000000   COMPRESSED   0x00000041   Data   RW          264    .data               my_cloud_control.o
    0x20000041   COMPRESSED   0x00000003   PAD
    0x20000044   COMPRESSED   0x0000005c   Data   RW          449    .data               my_balance_control.o
    0x200000a0   COMPRESSED   0x00000004   Data   RW          548    .data               my_positionpid_bate.o
    0x200000a4   COMPRESSED   0x00000064   Data   RW          925    .data               mit_math.o
    0x20000108   COMPRESSED   0x00000076   Data   RW         1065    .data               dr16_recive.o
    0x2000017e   COMPRESSED   0x00000002   PAD
    0x20000180   COMPRESSED   0x00000070   Data   RW         1419    .data               vision.o
    0x200001f0   COMPRESSED   0x000000b0   Data   RW         1626    .data               mit.o
    0x200002a0   COMPRESSED   0x00000008   Data   RW         1749    .data               mit_init.o
    0x200002a8   COMPRESSED   0x0000002c   Data   RW         1796    .data               lqr_test.o
    0x200002d4   COMPRESSED   0x00000004   PAD
    0x200002d8   COMPRESSED   0x000001ac   Data   RW         1874    .data               main.o
    0x20000484   COMPRESSED   0x0000003c   Data   RW         1990    .data               freertos.o
    0x200004c0   COMPRESSED   0x00000004   Data   RW         2151    .data               can.o
    0x200004c4   COMPRESSED   0x0000004e   Data   RW         2673    .data               usbd_desc.o
    0x20000512   COMPRESSED   0x00000002   PAD
    0x20000514   COMPRESSED   0x00000014   Data   RW         2766    .data               usbd_cdc_if.o
    0x20000528   COMPRESSED   0x0000002c   Data   RW         3081    .data               bmi088driver.o
    0x20000554   COMPRESSED   0x0000001a   Data   RW         3547    .data               dji_imu.o
    0x2000056e   COMPRESSED   0x00000002   PAD
    0x20000570   COMPRESSED   0x00000008   Data   RW         3594    .data               bsp_delay.o
    0x20000578   COMPRESSED   0x00000008   Data   RW         3658    .data               bsp_led.o
    0x20000580   COMPRESSED   0x00000010   Data   RW         3726    .data               bsp_flash.o
    0x20000590   COMPRESSED   0x00000004   Data   RW         3867    .data               bsp_adc.o
    0x20000594   COMPRESSED   0x000000c4   Data   RW         3967    .data               ins_task.o
    0x20000658   COMPRESSED   0x0000001c   Data   RW         4090    .data               led_flow_task.o
    0x20000674   COMPRESSED   0x00000016   Data   RW         4158    .data               calibrate_task.o
    0x2000068a   COMPRESSED   0x00000002   PAD
    0x2000068c   COMPRESSED   0x00000014   Data   RW         4301    .data               mahonyahrs.o
    0x200006a0   COMPRESSED   0x00000004   Data   RW         4342    .data               system_stm32f4xx.o
    0x200006a4   COMPRESSED   0x00000009   Data   RW         5906    .data               stm32f4xx_hal.o
    0x200006ad   COMPRESSED   0x00000003   PAD
    0x200006b0   COMPRESSED   0x0000003c   Data   RW         9279    .data               tasks.o
    0x200006ec   COMPRESSED   0x00000014   Data   RW         9598    .data               timers.o
    0x20000700   COMPRESSED   0x00000018   Data   RW        10123    .data               heap_4.o
    0x20000718   COMPRESSED   0x0000000c   Data   RW        10174    .data               port.o
    0x20000724   COMPRESSED   0x00000001   Data   RW        10407    .data               usbd_ctlreq.o
    0x20000725   COMPRESSED   0x00000003   PAD
    0x20000728   COMPRESSED   0x0000010f   Data   RW        10590    .data               usbd_cdc.o
    0x20000837   COMPRESSED   0x00000001   PAD
    0x20000838        -       0x00000038   Zero   RW          448    .bss                my_balance_control.o
    0x20000870        -       0x00000170   Zero   RW          496    .bss                my_incrementpid_bate.o
    0x200009e0        -       0x00000ea0   Zero   RW          547    .bss                my_positionpid_bate.o
    0x20001880        -       0x00000084   Zero   RW          636    .bss                fps_calculate.o
    0x20001904        -       0x000000a0   Zero   RW          884    .bss                lpf.o
    0x200019a4        -       0x00000010   Zero   RW          924    .bss                mit_math.o
    0x200019b4        -       0x00000090   Zero   RW          986    .bss                m3508.o
    0x20001a44        -       0x000000c4   Zero   RW         1064    .bss                dr16_recive.o
    0x20001b08        -       0x00000090   Zero   RW         1163    .bss                gm6020.o
    0x20001b98        -       0x00000038   Zero   RW         1418    .bss                vision.o
    0x20001bd0        -       0x00000410   Zero   RW         1495    .bss                oled.o
    0x20001fe0        -       0x00000238   Zero   RW         1625    .bss                mit.o
    0x20002218        -       0x00000020   Zero   RW         1747    .bss                mit_init.o
    0x20002238        -       0x00000064   Zero   RW         1795    .bss                lqr_test.o
    0x2000229c        -       0x000006bc   Zero   RW         1987    .bss                freertos.o
    0x20002958        -       0x00000090   Zero   RW         2102    .bss                adc.o
    0x200029e8        -       0x00000050   Zero   RW         2150    .bss                can.o
    0x20002a38        -       0x00000054   Zero   RW         2222    .bss                i2c.o
    0x20002a8c        -       0x00000170   Zero   RW         2265    .bss                spi.o
    0x20002bfc        -       0x00000100   Zero   RW         2316    .bss                tim.o
    0x20002cfc        -       0x000002a0   Zero   RW         2380    .bss                usart.o
    0x20002f9c        -       0x000002d0   Zero   RW         2430    .bss                usb_device.o
    0x2000326c        -       0x00000408   Zero   RW         2493    .bss                usbd_conf.o
    0x20003674        -       0x00000200   Zero   RW         2672    .bss                usbd_desc.o
    0x20003874        -       0x00001000   Zero   RW         2765    .bss                usbd_cdc_if.o
    0x20004874        -       0x00000048   Zero   RW         2850    .bss                stm32f4xx_it.o
    0x200048bc        -       0x00000040   Zero   RW         3026    .bss                stm32f4xx_hal_timebase_tim.o
    0x200048fc        -       0x00000020   Zero   RW         3779    .bss                user_can.o
    0x2000491c        -       0x0000000a   Zero   RW         3827    .bss                bsp_buzzer.o
    0x20004926   COMPRESSED   0x00000002   PAD
    0x20004928        -       0x00000010   Zero   RW         3866    .bss                bsp_adc.o
    0x20004938        -       0x0000017c   Zero   RW         3965    .bss                ins_task.o
    0x20004ab4        -       0x00000044   Zero   RW         4156    .bss                calibrate_task.o
    0x20004af8        -       0x00000020   Zero   RW         5128    .bss                stm32f4xx_hal_flash.o
    0x20004b18        -       0x00000040   Zero   RW         8901    .bss                queue.o
    0x20004b58        -       0x000000f0   Zero   RW         9278    .bss                tasks.o
    0x20004c48        -       0x00000110   Zero   RW         9597    .bss                timers.o
    0x20004d58        -       0x00006000   Zero   RW        10122    .bss                heap_4.o
    0x2000ad58        -       0x00000060   Zero   RW        11321    .bss                c_w.l(libspace.o)
    0x2000adb8        -       0x00002000   Zero   RW         4330    HEAP                startup_stm32f407xx.o
    0x2000cdb8        -       0x00002000   Zero   RW         4329    STACK               startup_stm32f407xx.o


==============================================================================

Image component sizes


      Code (inc. data)   RO Data    RW Data    ZI Data      Debug   Object Name

       396         42          0          0        144       2362   adc.o
         0          0          0          0          0       4892   beep_my.o
      2338         40         18         44          0     615155   bmi088driver.o
       140         28          0          0          0       4708   bmi088middleware.o
       124         16          0          4         16       1899   bsp_adc.o
       332         18          0          0         10       1899   bsp_buzzer.o
       128         20          0          8          0       1288   bsp_delay.o
       694        108          0         16          0       4101   bsp_flash.o
        12          4          0          0          0        486   bsp_imu_pwm.o
       104         22          0          8          0        576   bsp_led.o
     10428        170          0          0          0       5634   bsp_spi.o
       908         92          3         22         68       5790   calibrate_task.o
       492         42          0          4         80       2454   can.o
       142          0          0          0          0      22691   cmsis_os.o
        36          6        256          0          0       1260   crc.o
         0          0          0         26          0       1662   dji_imu.o
       184          6          0          0          0        930   dma.o
      1468        118          0        118        196      15658   dr16_recive.o
         0          0          0          0          0      18452   event_groups.o
       110         16          0          0        132       2352   fps_calculate.o
      5248        866        349         60       1724      14363   freertos.o
       644         16          0          0        144       2394   gm6020.o
       544         30          0          0          0       1323   gpio.o
       692         62          0         24      24576       4811   heap_4.o
       260         30          0          0         84       1753   i2c.o
      5250        380         24        196        380      16098   ins_task.o
       148          6         12          0          0       2015   ist8310driver.o
       136         22          0          0          0       3895   ist8310driver_middleware.o
       432         10          0         28          0       1737   led_flow_task.o
       148          0          0          0          0       3614   list.o
        60          0          0          0        160       1861   lpf.o
      1836        216          0         44        100       7204   lqr_test.o
       316          8          0          0          0        600   m2006.o
       364         10          0          0        144       2550   m3508.o
      2276         72          0         20          0       4869   mahonyahrs.o
       336         16          0        428          0       9162   main.o
      3330        416          0        176        568      16509   mit.o
       288         64         16          8         32       1839   mit_init.o
      2052        262          0        100         16       3610   mit_math.o
      1560        206          0         92         56       3885   my_balance_control.o
         0          0          0          0          0     762440   my_chassis_control.o
         0          0          0         65          0       3584   my_cloud_control.o
       156          6          0          0        368       2525   my_incrementpid_bate.o
      1352         28          0          4       3744       8884   my_positionpid_bate.o
       782         36       2996          0       1040       6613   oled.o
       592          8          0          0          0       2558   pid.o
      1014         92          0         12          0      12001   port.o
      2010         20          0          0         64      18202   queue.o
       600         52          0          0        368       2596   spi.o
        64         26        392          0      16384        800   startup_stm32f407xx.o
       136         24          0          9          0       8750   stm32f4xx_hal.o
      1370         54          0          0          0       5154   stm32f4xx_hal_adc.o
      2092          6          0          0          0      13420   stm32f4xx_hal_can.o
       252         22          0          0          0      33602   stm32f4xx_hal_cortex.o
      1366         16          8          0          0       7102   stm32f4xx_hal_dma.o
       652         64          0          0         32       5854   stm32f4xx_hal_flash.o
       432         26          0          0          0       3318   stm32f4xx_hal_flash_ex.o
       568         50          0          0          0       3682   stm32f4xx_hal_gpio.o
      2856         46          0          0          0      11650   stm32f4xx_hal_i2c.o
        84          6          0          0          0        930   stm32f4xx_hal_msp.o
      3228         14          0          0          0      12805   stm32f4xx_hal_pcd.o
        90          0          0          0          0       2505   stm32f4xx_hal_pcd_ex.o
      1868         94          0          0          0       6289   stm32f4xx_hal_rcc.o
      1388          8          0          0          0       5836   stm32f4xx_hal_spi.o
      2028         90          0          0          0      16489   stm32f4xx_hal_tim.o
       184         30          0          0          0       2565   stm32f4xx_hal_tim_ex.o
       140         18          0          0         64       1531   stm32f4xx_hal_timebase_tim.o
      2140         26          0          0          0      11649   stm32f4xx_hal_uart.o
       496        120          0          0         72      12596   stm32f4xx_it.o
      3790        102          0          0          0      22310   stm32f4xx_ll_usb.o
         0          0          0          0          0        392   stream_buffer.o
       100         18         24          4          0       1243   system_stm32f4xx.o
      3930        432          0         60        240      34511   tasks.o
        10          0          0          0          0        504   test_task.o
      1092         94          0          0        256       4701   tim.o
      1318        124          0         20        272      30295   timers.o
      1008         92          0          0        672       3571   usart.o
        76         16          0          0        720        720   usb_device.o
       940         24          0        271          0      12607   usbd_cdc.o
       148         16          0         20       4096       3418   usbd_cdc_if.o
       990         18          0          0       1032      15488   usbd_conf.o
       902          0          0          0          0      13133   usbd_core.o
      2160         28          0          1          0      16860   usbd_ctlreq.o
       386        122          0         78        512       6605   usbd_desc.o
       174          0          0          0          0       4748   usbd_ioreq.o
       280         26          0          0         32       3470   user_can.o
       138          0          0          0          0       1519   user_lib.o
       184          6          0          0          0       1579   user_math.o
       940        132          0        112         56       4656   vision.o

    ----------------------------------------------------------------------
     90540       5672       4136       2104      58656    1986601   Object Totals
         0          0         32          0          0          0   (incl. Generated)
        78          0          6         22          2          0   (incl. Padding)

    ----------------------------------------------------------------------

      Code (inc. data)   RO Data    RW Data    ZI Data      Debug   Library Member Name

        90          0          0          0          0          0   __dczerorl2.o
         8          0          0          0          0         68   __main.o
         0          0          0          0          0          0   __rtentry.o
        12          0          0          0          0          0   __rtentry2.o
         6          0          0          0          0          0   __rtentry4.o
        52          8          0          0          0          0   __scatter.o
        28          0          0          0          0          0   __scatter_zi.o
        48          4          0          0          0         84   _fptrap.o
        22          0          0          0          0        100   _rserrno.o
        16          0          0          0          0         68   aeabi_memset.o
        10          0          0          0          0         68   defsig_exit.o
       172        110          0          0          0         76   defsig_fpe_inner.o
        14          0          0          0          0         80   defsig_fpe_outer.o
        50          0          0          0          0         88   defsig_general.o
        80         58          0          0          0         76   defsig_rtmem_inner.o
        14          0          0          0          0         80   defsig_rtmem_outer.o
        18          0          0          0          0         80   exit.o
        94          0          0          0          0         80   h1_alloc.o
        52          0          0          0          0         68   h1_extend.o
        78          0          0          0          0         80   h1_free.o
        14          0          0          0          0         84   h1_init.o
         6          0          0          0          0        152   heapauxi.o
         4          0          0          0          0        136   hguard.o
         0          0          0          0          0          0   indicate_semi.o
       138          0          0          0          0        168   init_alloc.o
         2          0          0          0          0          0   libinit.o
        14          0          0          0          0          0   libinit2.o
         2          0          0          0          0          0   libshutdown.o
         2          0          0          0          0          0   libshutdown2.o
         8          4          0          0         96         68   libspace.o
       238          0          0          0          0        100   lludivv7m.o
         0          0          0          0          0          0   maybetermalloc1.o
         8          4          0          0          0         68   rt_errno_addr_intlibspace.o
         8          4          0          0          0         68   rt_heap_descriptor_intlibspace.o
        68          0          0          0          0         68   rt_memclr.o
        78          0          0          0          0         80   rt_memclr_w.o
       138          0          0          0          0         68   rt_memcpy_v6.o
       100          0          0          0          0         80   rt_memcpy_w.o
         2          0          0          0          0          0   rtexit.o
        10          0          0          0          0          0   rtexit2.o
        62          0          0          0          0         76   strlen.o
        12          4          0          0          0         68   sys_exit.o
        74          0          0          0          0         80   sys_stackheap_outer.o
        14          0          0          0          0         76   sys_wrch.o
         2          0          0          0          0         68   use_no_semi.o
        24          0          0          0          0        164   basic.o
       708         16          0          0          0        140   d2f_clz.o
      1336         32          0          0          0        532   daddsub_clz.o
        24          0          0          0          0        116   dcmpi.o
       892        152          0          0          0        292   ddiv_clz.o
       200         16          0          0          0        184   dfix.o
       220         16          0          0          0        192   dfixu.o
       110          0          0          0          0        348   dflt_clz.o
       120          8          0          0          0        140   dleqf.o
       448         16          0          0          0        164   dmul_clz.o
       258          4          0          0          0        156   dnaninf.o
       112          0          0          0          0        160   drenorm_clz.o
        12          0          0          0          0        116   dretinf.o
        98          0          0          0          0        128   drleqf.o
       520         56          0          0          0        180   dsqrt_umaalclz.o
       378          0          0          0          0        168   dunder_clz.o
       492         36          0          0          0        148   except.o
       122          8          0          0          0        132   f2d.o
       242          4          0          0          0        144   fnaninf.o
        10          0          0          0          0        116   fpinit.o
        10          0          0          0          0        116   fretinf.o
       316          0          0          0          0        132   funder_clz.o
       178          0          0          0          0        116   retnan.o
       126          0          0          0          0        148   trapv.o
         0          0          0          0          0          0   usenofp.o
       300         42          0          0          0        176   asinf.o
       728        106        152          0          0        228   atan.o
       592         90          0          0          0        184   atan2f.o
       200         20          0          0          0        164   cos.o
       368         46         48          0          0        200   cos_i.o
        84         16          0          0          0        372   dunder.o
        44          0          0          0          0        248   fabs.o
        48          0          0          0          0        124   fpclassify.o
        38          0          0          0          0        116   fpclassifyf.o
        44         12          0          0          0        464   funder.o
       248          0          0          0          0        152   poly.o
      1080        142        200          0          0        188   rred.o
       304         24         40          0          0        208   sin_i.o
       122          0          0          0          0        148   sqrt_full.o
        62          0          0          0          0        136   sqrtf_full.o

    ----------------------------------------------------------------------
     13112       1062        440          0         96       9944   Library Totals
        26          4          0          0          0          0   (incl. Padding)

    ----------------------------------------------------------------------

      Code (inc. data)   RO Data    RW Data    ZI Data      Debug   Library Name

      1868        196          0          0         96       2604   c_w.l
      6956        364          0          0          0       4232   g_wm.l
      4262        498        440          0          0       3108   m_wm.l

    ----------------------------------------------------------------------
     13112       1062        440          0         96       9944   Library Totals

    ----------------------------------------------------------------------

==============================================================================


      Code (inc. data)   RO Data    RW Data    ZI Data      Debug   

    103652       6734       4576       2104      58752    1937989   Grand Totals
    103652       6734       4576        480      58752    1937989   ELF Image Totals (compressed)
    103652       6734       4576        480          0          0   ROM Totals

==============================================================================

    Total RO  Size (Code + RO Data)               108228 ( 105.69kB)
    Total RW  Size (RW Data + ZI Data)             60856 (  59.43kB)
    Total ROM Size (Code + RO Data + RW Data)     108708 ( 106.16kB)

==============================================================================

