<html>
<body>
<pre>
<h1>µVision Build Log</h1>
<h2>Tool Versions:</h2>
IDE-Version: ¦ÌVision V5.28.0.0
Copyright (C) 2019 ARM Ltd and ARM Germany GmbH. All rights reserved.
License Information: 1 8618973199296, 1, LIC=MGXG8-3GE8B-KUH4L-06PMD-A9NMT-M3G3N
 
Tool Versions:
Toolchain:       MDK-ARM Professional  Version: 5.28.0.0
Toolchain Path:  C:\Keil_v5\ARM\ARMCC\Bin
C Compiler:      Armcc.exe V5.06 update 6 (build 750)
Assembler:       Armasm.exe V5.06 update 6 (build 750)
Linker/Locator:  ArmLink.exe V5.06 update 6 (build 750)
Library Manager: ArmAr.exe V5.06 update 6 (build 750)
Hex Converter:   FromElf.exe V5.06 update 6 (build 750)
CPU DLL:         SARMCM3.DLL V5.28.0.0
Dialog DLL:      DCM.DLL V1.17.3.0
Target DLL:      CMSIS_AGDI.dll V1.31.18.0
Dialog DLL:      TCM.DLL V1.36.2.0
 
<h2>Project:</h2>
D:\001\MY_2_C\TEST\MDK-ARM\ins_task.uvprojx
Project File Date:  03/23/2022

<h2>Output:</h2>
*** Using Compiler 'V5.06 update 6 (build 750)', folder: 'C:\Keil_v5\ARM\ARMCC\Bin'
Build target 'ins_task'
compiling MY_CLOUD_CONTROL.c...
..\APP\MY_CLOUD_CONTROL.c(53): warning:  #1035-D: single-precision operand implicitly converted to double-precision
  	if(DJIC_IMU.total_yaw>CLOUD_enable_imu+70.0)	
..\APP\MY_CLOUD_CONTROL.c(65): warning:  #1035-D: single-precision operand implicitly converted to double-precision
  	if(DJIC_IMU.total_yaw<CLOUD_enable_imu-70.0)	
..\APP\MY_CLOUD_CONTROL.c(193): warning:  #1035-D: single-precision operand implicitly converted to double-precision
  	PITCH_MAX_angle=DJIC_IMU.total_pitch+(3900-GM6020s[3].totalAngle)/8191.0*360.0;
..\APP\MY_CLOUD_CONTROL.c(194): warning:  #1035-D: single-precision operand implicitly converted to double-precision
  	PITCH_MIN_angle=DJIC_IMU.total_pitch+(3100-GM6020s[3].totalAngle)/8191.0*360.0;
..\APP\MY_CLOUD_CONTROL.c: 4 warnings, 0 errors
compiling freertos.c...
linking...
Program Size: Code=81446 RO-data=1126 RW-data=1348 ZI-data=53092  
FromELF: creating hex file...
"ins_task\ins_task.axf" - 0 Error(s), 4 Warning(s).

<h2>Software Packages used:</h2>

Package Vendor: ARM
                http://www.keil.com/pack/ARM.CMSIS.5.5.1.pack
                ARM.CMSIS.5.5.1
                CMSIS (Cortex Microcontroller Software Interface Standard)
   * Component: CORE Version: 5.2.0

Package Vendor: Keil
                http://www.keil.com/pack/Keil.STM32F4xx_DFP.2.7.0.pack
                Keil.STM32F4xx_DFP.2.7.0
                STMicroelectronics STM32F4 Series Device Support, Drivers and Examples

<h2>Collection of Component include folders:</h2>
  .\RTE\_ins_task
  C:\Users\86189\AppData\Local\Arm\Packs\ARM\CMSIS\5.5.1\CMSIS\Core\Include
  C:\Users\86189\AppData\Local\Arm\Packs\Keil\STM32F4xx_DFP\2.7.0\Drivers\CMSIS\Device\ST\STM32F4xx\Include

<h2>Collection of Component Files used:</h2>

   * Component: ARM::CMSIS:CORE:5.2.0
Build Time Elapsed:  00:00:03
</pre>
</body>
</html>
