Component: ARM Compiler 5.06 update 6 (build 750) Tool: armlink [4d35ed]

==============================================================================

Section Cross References

    my_chassis_control.o(i.Random_CHASSIS) refers to m3508.o(.bss) for M3508s
    my_chassis_control.o(i.Random_CHASSIS) refers to my_chassis_control.o(.data) for RANDOM_CHASSIS
    my_cloud_control.o(i.PITCH_PID) refers to dflt_clz.o(x$fpl$dflt) for __aeabi_i2d
    my_cloud_control.o(i.PITCH_PID) refers to dmul.o(x$fpl$dmul) for __aeabi_dmul
    my_cloud_control.o(i.PITCH_PID) refers to ddiv.o(x$fpl$ddiv) for __aeabi_ddiv
    my_cloud_control.o(i.PITCH_PID) refers to f2d.o(x$fpl$f2d) for __aeabi_f2d
    my_cloud_control.o(i.PITCH_PID) refers to daddsub_clz.o(x$fpl$dadd) for __aeabi_dadd
    my_cloud_control.o(i.PITCH_PID) refers to d2f.o(x$fpl$d2f) for __aeabi_d2f
    my_cloud_control.o(i.PITCH_PID) refers to my_positionpid_bate.o(i.P_PID_bate) for P_PID_bate
    my_cloud_control.o(i.PITCH_PID) refers to dr16_recive.o(.data) for DR16
    my_cloud_control.o(i.PITCH_PID) refers to main.o(.data) for PITCH_trage_angle
    my_cloud_control.o(i.PITCH_PID) refers to vision.o(.bss) for VisionData
    my_cloud_control.o(i.PITCH_PID) refers to ins_task.o(.bss) for DJIC_IMU
    my_cloud_control.o(i.PITCH_PID) refers to my_positionpid_bate.o(.bss) for PITCH_IMU_Angle_pid
    my_cloud_control.o(i.YAW_PID) refers to f2d.o(x$fpl$f2d) for __aeabi_f2d
    my_cloud_control.o(i.YAW_PID) refers to daddsub_clz.o(x$fpl$dadd) for __aeabi_dadd
    my_cloud_control.o(i.YAW_PID) refers to drleqf.o(x$fpl$drleqf) for __aeabi_cdrcmple
    my_cloud_control.o(i.YAW_PID) refers to daddsub_clz.o(x$fpl$dsub) for __aeabi_dsub
    my_cloud_control.o(i.YAW_PID) refers to dleqf.o(x$fpl$dleqf) for __aeabi_cdcmple
    my_cloud_control.o(i.YAW_PID) refers to dflt_clz.o(x$fpl$dflt) for __aeabi_i2d
    my_cloud_control.o(i.YAW_PID) refers to ddiv.o(x$fpl$ddiv) for __aeabi_ddiv
    my_cloud_control.o(i.YAW_PID) refers to d2f.o(x$fpl$d2f) for __aeabi_d2f
    my_cloud_control.o(i.YAW_PID) refers to my_positionpid_bate.o(i.P_PID_bate) for P_PID_bate
    my_cloud_control.o(i.YAW_PID) refers to dr16_recive.o(.data) for DR16
    my_cloud_control.o(i.YAW_PID) refers to main.o(.data) for CLOUD_enable_imu
    my_cloud_control.o(i.YAW_PID) refers to ins_task.o(.bss) for DJIC_IMU
    my_cloud_control.o(i.YAW_PID) refers to my_cloud_control.o(.data) for arrive_targe_angle
    my_cloud_control.o(i.YAW_PID) refers to gm6020.o(.bss) for GM6020s
    my_cloud_control.o(i.YAW_PID) refers to vision.o(.bss) for VisionData
    my_cloud_control.o(i.YAW_PID) refers to my_positionpid_bate.o(.bss) for Yaw_IMU_Angle_pid
    my_cloud_control.o(i.cloud_control) refers to my_cloud_control.o(i.YAW_PID) for YAW_PID
    my_cloud_control.o(i.cloud_control) refers to my_cloud_control.o(i.imu_angle) for imu_angle
    my_cloud_control.o(i.cloud_control) refers to my_cloud_control.o(i.PITCH_PID) for PITCH_PID
    my_cloud_control.o(i.cloud_control) refers to main.o(.data) for PITCH_trage_angle
    my_cloud_control.o(i.imu_angle) refers to f2d.o(x$fpl$f2d) for __aeabi_f2d
    my_cloud_control.o(i.imu_angle) refers to ddiv.o(x$fpl$ddiv) for __aeabi_ddiv
    my_cloud_control.o(i.imu_angle) refers to dmul.o(x$fpl$dmul) for __aeabi_dmul
    my_cloud_control.o(i.imu_angle) refers to daddsub_clz.o(x$fpl$dadd) for __aeabi_dadd
    my_cloud_control.o(i.imu_angle) refers to d2f.o(x$fpl$d2f) for __aeabi_d2f
    my_cloud_control.o(i.imu_angle) refers to gm6020.o(.bss) for GM6020s
    my_cloud_control.o(i.imu_angle) refers to ins_task.o(.bss) for DJIC_IMU
    my_cloud_control.o(i.imu_angle) refers to main.o(.data) for PITCH_MAX_angle
    my_cloud_control.o(i.scan_cloud) refers to dflt_clz.o(x$fpl$dflt) for __aeabi_i2d
    my_cloud_control.o(i.scan_cloud) refers to ddiv.o(x$fpl$ddiv) for __aeabi_ddiv
    my_cloud_control.o(i.scan_cloud) refers to f2d.o(x$fpl$f2d) for __aeabi_f2d
    my_cloud_control.o(i.scan_cloud) refers to dmul.o(x$fpl$dmul) for __aeabi_dmul
    my_cloud_control.o(i.scan_cloud) refers to daddsub_clz.o(x$fpl$dadd) for __aeabi_dadd
    my_cloud_control.o(i.scan_cloud) refers to d2f.o(x$fpl$d2f) for __aeabi_d2f
    my_cloud_control.o(i.scan_cloud) refers to dr16_recive.o(.data) for DR16
    my_cloud_control.o(i.scan_cloud) refers to vision.o(.bss) for VisionData
    my_cloud_control.o(i.scan_cloud) refers to my_cloud_control.o(.data) for scan_time
    my_cloud_control.o(i.scan_cloud) refers to main.o(.data) for allow_angle
    my_cloud_control.o(i.scan_cloud) refers to ins_task.o(.bss) for DJIC_IMU
    my_shoot_control.o(i.shoot_control) refers to stm32f4xx_hal_gpio.o(i.HAL_GPIO_WritePin) for HAL_GPIO_WritePin
    my_shoot_control.o(i.shoot_control) refers to my_positionpid_bate.o(i.P_PID_bate) for P_PID_bate
    my_shoot_control.o(i.shoot_control) refers to my_incrementpid_bate.o(i.I_PID_Regulation) for I_PID_Regulation
    my_shoot_control.o(i.shoot_control) refers to dr16_recive.o(.data) for DR16
[...]
    PITCH_IMU_Angle_pid                      0x20000774   Data          96  my_positionpid_bate.o(.bss)
    PITCH_IMU_Speed_pid                      0x200007d4   Data          96  my_positionpid_bate.o(.bss)
    Driver_ANGLE_pid                         0x20000834   Data          96  my_positionpid_bate.o(.bss)
    Driver_SPEED_pid                         0x20000894   Data          96  my_positionpid_bate.o(.bss)
    FPS_ALL                                  0x200008f4   Data          60  fps_calculate.o(.bss)
    M3508s                                   0x20000930   Data         144  m3508.o(.bss)
    DR16Buffer                               0x200009c0   Data          22  dr16_recive.o(.bss)
    testdatatosend                           0x200009d6   Data          50  dr16_recive.o(.bss)
    send_d_32                                0x20000a08   Data          32  dr16_recive.o(.bss)
    GM6020s                                  0x20000a28   Data         144  gm6020.o(.bss)
    Vision_DataBuff                          0x20000ab8   Data          15  vision.o(.bss)
    VisionData                               0x20000ac8   Data          40  vision.o(.bss)
    Vision_Cloud                             0x20000af0   Data          16  vision.o(.bss)
    TRY                                      0x200011a8   Data          20  freertos.o(.bss)
    hcan1                                    0x200011bc   Data          40  can.o(.bss)
    hcan2                                    0x200011e4   Data          40  can.o(.bss)
    hi2c3                                    0x2000120c   Data          84  i2c.o(.bss)
    hspi1                                    0x20001260   Data          88  spi.o(.bss)
    hdma_spi1_rx                             0x200012b8   Data          96  spi.o(.bss)
    hdma_spi1_tx                             0x20001318   Data          96  spi.o(.bss)
    htim3                                    0x20001378   Data          64  tim.o(.bss)
    htim4                                    0x200013b8   Data          64  tim.o(.bss)
    htim5                                    0x200013f8   Data          64  tim.o(.bss)
    htim10                                   0x20001438   Data          64  tim.o(.bss)
    huart1                                   0x20001478   Data          64  usart.o(.bss)
    huart3                                   0x200014b8   Data          64  usart.o(.bss)
    huart6                                   0x200014f8   Data          64  usart.o(.bss)
    hdma_usart1_tx                           0x20001538   Data          96  usart.o(.bss)
    hdma_usart1_rx                           0x20001598   Data          96  usart.o(.bss)
    hdma_usart3_rx                           0x200015f8   Data          96  usart.o(.bss)
    hdma_usart6_rx                           0x20001658   Data          96  usart.o(.bss)
    hUsbDeviceFS                             0x200016b8   Data         720  usb_device.o(.bss)
    hpcd_USB_OTG_FS                          0x20001988   Data        1032  usbd_conf.o(.bss)
    USBD_StrDesc                             0x20001d90   Data         512  usbd_desc.o(.bss)
    UserRxBufferFS                           0x20001f90   Data        2048  usbd_cdc_if.o(.bss)
    UserTxBufferFS                           0x20002790   Data        2048  usbd_cdc_if.o(.bss)
    CAN2_Rx_Structure                        0x20002f90   Data          36  stm32f4xx_it.o(.bss)
    CAN1_Rx_Structure                        0x20002fb4   Data          36  stm32f4xx_it.o(.bss)
    htim6                                    0x20002fd8   Data          64  stm32f4xx_hal_timebase_tim.o(.bss)
    CAN_Tx_Structure                         0x20003018   Data          32  user_can.o(.bss)
    Buzzer                                   0x20003038   Data          10  bsp_buzzer.o(.bss)
    accel_dma_rx_buf                         0x20003044   Data           9  ins_task.o(.bss)
    bmi088_real_data                         0x20003050   Data          36  ins_task.o(.bss)
    gyro_offset                              0x20003074   Data          12  ins_task.o(.bss)
    gyro_cali_offset                         0x20003080   Data          12  ins_task.o(.bss)
    accel_offset                             0x2000308c   Data          12  ins_task.o(.bss)
    accel_cali_offset                        0x20003098   Data          12  ins_task.o(.bss)
    ist8310_real_data                        0x200030a4   Data          16  ins_task.o(.bss)
    mag_offset                               0x200030b4   Data          12  ins_task.o(.bss)
    mag_cali_offset                          0x200030c0   Data          12  ins_task.o(.bss)
    INS_angle                                0x20003160   Data          12  ins_task.o(.bss)
    INS_gyro                                 0x2000316c   Data          12  ins_task.o(.bss)
    DJIC_IMU                                 0x20003178   Data          40  ins_task.o(.bss)
    cali_sensor                              0x200031d4   Data          13  calibrate_task.o(.bss)
    pFlash                                   0x200031e4   Data          32  stm32f4xx_hal_flash.o(.bss)
    xQueueRegistry                           0x20003204   Data          64  queue.o(.bss)
    __libspace_start                         0x20009444   Data          96  libspace.o(.bss)
    __temporary_stack_top$libspace           0x200094a4   Data           0  libspace.o(.bss)



==============================================================================

Memory Map of the image

  Image Entry point : 0x08000189

  Load Region LR_IROM1 (Base: 0x08000000, Size: 0x000147d0, Max: 0x00100000, ABSOLUTE, COMPRESSED[0x00014410])

    Execution Region ER_IROM1 (Exec base: 0x08000000, Load base: 0x08000000, Size: 0x0001428c, Max: 0x00100000, ABSOLUTE)

    Exec Addr    Load Addr    Size         Type   Attr      Idx    E Section Name        Object

    0x08000000   0x08000000   0x00000188   Data   RO         3358    RESET               startup_stm32f407xx.o
    0x08000188   0x08000188   0x00000008   Code   RO         9519  * !!!main             c_w.l(__main.o)
    0x08000190   0x08000190   0x00000034   Code   RO         9854    !!!scatter          c_w.l(__scatter.o)
    0x080001c4   0x080001c4   0x0000005a   Code   RO         9852    !!dczerorl2         c_w.l(__dczerorl2.o)
    0x0800021e   0x0800021e   0x00000002   PAD
    0x08000220   0x08000220   0x0000001c   Code   RO         9856    !!handler_zi        c_w.l(__scatter_zi.o)
    0x0800023c   0x0800023c   0x00000002   Code   RO         9791    .ARM.Collect$$libinit$$00000000  c_w.l(libinit.o)
    0x0800023e   0x0800023e   0x00000004   Code   RO         9631    .ARM.Collect$$libinit$$00000001  c_w.l(libinit2.o)
    0x08000242   0x08000242   0x00000000   Code   RO         9634    .ARM.Collect$$libinit$$00000004  c_w.l(libinit2.o)
    0x08000242   0x08000242   0x00000008   Code   RO         9635    .ARM.Collect$$libinit$$00000005  c_w.l(libinit2.o)
    0x0800024a   0x0800024a   0x00000000   Code   RO         9637    .ARM.Collect$$libinit$$0000000A  c_w.l(libinit2.o)
    0x0800024a   0x0800024a   0x00000000   Code   RO         9639    .ARM.Collect$$libinit$$0000000C  c_w.l(libinit2.o)
    0x0800024a   0x0800024a   0x00000000   Code   RO         9641    .ARM.Collect$$libinit$$0000000E  c_w.l(libinit2.o)
    0x0800024a   0x0800024a   0x00000000   Code   RO         9644    .ARM.Collect$$libinit$$00000011  c_w.l(libinit2.o)
    0x0800024a   0x0800024a   0x00000000   Code   RO         9646    .ARM.Collect$$libinit$$00000013  c_w.l(libinit2.o)
    0x0800024a   0x0800024a   0x00000000   Code   RO         9648    .ARM.Collect$$libinit$$00000015  c_w.l(libinit2.o)
    0x0800024a   0x0800024a   0x00000000   Code   RO         9650    .ARM.Collect$$libinit$$00000017  c_w.l(libinit2.o)
    0x0800024a   0x0800024a   0x00000000   Code   RO         9652    .ARM.Collect$$libinit$$00000019  c_w.l(libinit2.o)
    0x0800024a   0x0800024a   0x00000000   Code   RO         9654    .ARM.Collect$$libinit$$0000001B  c_w.l(libinit2.o)
    0x0800024a   0x0800024a   0x00000000   Code   RO         9656    .ARM.Collect$$libinit$$0000001D  c_w.l(libinit2.o)
    0x0800024a   0x0800024a   0x00000000   Code   RO         9658    .ARM.Collect$$libinit$$0000001F  c_w.l(libinit2.o)
    0x0800024a   0x0800024a   0x00000000   Code   RO         9660    .ARM.Collect$$libinit$$00000021  c_w.l(libinit2.o)
    0x0800024a   0x0800024a   0x00000000   Code   RO         9662    .ARM.Collect$$libinit$$00000023  c_w.l(libinit2.o)
    0x0800024a   0x0800024a   0x00000000   Code   RO         9664    .ARM.Collect$$libinit$$00000025  c_w.l(libinit2.o)
    0x0800024a   0x0800024a   0x00000000   Code   RO         9668    .ARM.Collect$$libinit$$0000002C  c_w.l(libinit2.o)
    0x0800024a   0x0800024a   0x00000000   Code   RO         9670    .ARM.Collect$$libinit$$0000002E  c_w.l(libinit2.o)
    0x0800024a   0x0800024a   0x00000000   Code   RO         9672    .ARM.Collect$$libinit$$00000030  c_w.l(libinit2.o)
    0x0800024a   0x0800024a   0x00000000   Code   RO         9674    .ARM.Collect$$libinit$$00000032  c_w.l(libinit2.o)
    0x0800024a   0x0800024a   0x00000002   Code   RO         9675    .ARM.Collect$$libinit$$00000033  c_w.l(libinit2.o)
    0x0800024c   0x0800024c   0x00000002   Code   RO         9849    .ARM.Collect$$libshutdown$$00000000  c_w.l(libshutdown.o)
    0x0800024e   0x0800024e   0x00000000   Code   RO         9807    .ARM.Collect$$libshutdown$$00000002  c_w.l(libshutdown2.o)
    0x0800024e   0x0800024e   0x00000000   Code   RO         9809    .ARM.Collect$$libshutdown$$00000004  c_w.l(libshutdown2.o)
    0x0800024e   0x0800024e   0x00000000   Code   RO         9812    .ARM.Collect$$libshutdown$$00000007  c_w.l(libshutdown2.o)
    0x0800024e   0x0800024e   0x00000000   Code   RO         9815    .ARM.Collect$$libshutdown$$0000000A  c_w.l(libshutdown2.o)
    0x0800024e   0x0800024e   0x00000000   Code   RO         9817    .ARM.Collect$$libshutdown$$0000000C  c_w.l(libshutdown2.o)
    0x0800024e   0x0800024e   0x00000000   Code   RO         9820    .ARM.Collect$$libshutdown$$0000000F  c_w.l(libshutdown2.o)
    0x0800024e   0x0800024e   0x00000002   Code   RO         9821    .ARM.Collect$$libshutdown$$00000010  c_w.l(libshutdown2.o)
    0x08000250   0x08000250   0x00000000   Code   RO         9595    .ARM.Collect$$rtentry$$00000000  c_w.l(__rtentry.o)
    0x08000250   0x08000250   0x00000000   Code   RO         9723    .ARM.Collect$$rtentry$$00000002  c_w.l(__rtentry2.o)
    0x08000250   0x08000250   0x00000006   Code   RO         9735    .ARM.Collect$$rtentry$$00000004  c_w.l(__rtentry4.o)
    0x08000256   0x08000256   0x00000000   Code   RO         9725    .ARM.Collect$$rtentry$$00000009  c_w.l(__rtentry2.o)
    0x08000256   0x08000256   0x00000004   Code   RO         9726    .ARM.Collect$$rtentry$$0000000A  c_w.l(__rtentry2.o)
    0x0800025a   0x0800025a   0x00000000   Code   RO         9728    .ARM.Collect$$rtentry$$0000000C  c_w.l(__rtentry2.o)
    0x0800025a   0x0800025a   0x00000008   Code   RO         9729    .ARM.Collect$$rtentry$$0000000D  c_w.l(__rtentry2.o)
    0x08000262   0x08000262   0x00000002   Code   RO         9794    .ARM.Collect$$rtexit$$00000000  c_w.l(rtexit.o)
    0x08000264   0x08000264   0x00000000   Code   RO         9825    .ARM.Collect$$rtexit$$00000002  c_w.l(rtexit2.o)
    0x08000264   0x08000264   0x00000004   Code   RO         9826    .ARM.Collect$$rtexit$$00000003  c_w.l(rtexit2.o)
    0x08000268   0x08000268   0x00000006   Code   RO         9827    .ARM.Collect$$rtexit$$00000004  c_w.l(rtexit2.o)
    0x0800026e   0x0800026e   0x00000002   PAD
    0x08000270   0x08000270   0x000000be   Code   RO         8916    .emb_text           port.o
    0x0800032e   0x0800032e   0x00000002   PAD
    0x08000330   0x08000330   0x00000000   Code   RO         9746    .emb_text           c_w.l(maybetermalloc1.o)
    0x08000330   0x08000330   0x00000040   Code   RO         3359    .text               startup_stm32f407xx.o
    0x08000370   0x08000370   0x0000005e   Code   RO         9445    .text               c_w.l(h1_alloc.o)
    0x080003ce   0x080003ce   0x0000004e   Code   RO         9447    .text               c_w.l(h1_free.o)
    0x0800041c   0x0800041c   0x000000ee   Code   RO         9503    .text               c_w.l(lludivv7m.o)
    0x0800050a   0x0800050a   0x0000003e   Code   RO         9505    .text               c_w.l(strlen.o)
    0x08000548   0x08000548   0x0000008a   Code   RO         9507    .text               c_w.l(rt_memcpy_v6.o)
    0x080005d2   0x080005d2   0x00000064   Code   RO         9509    .text               c_w.l(rt_memcpy_w.o)
    0x08000636   0x08000636   0x00000010   Code   RO         9513    .text               c_w.l(aeabi_memset.o)
    0x08000646   0x08000646   0x0000004e   Code   RO         9515    .text               c_w.l(rt_memclr_w.o)
    0x08000694   0x08000694   0x00000006   Code   RO         9517    .text               c_w.l(heapauxi.o)
    0x0800069a   0x0800069a   0x00000002   PAD
    0x0800069c   0x0800069c   0x00000008   Code   RO         9603    .text               c_w.l(rt_heap_descriptor_intlibspace.o)
    0x080006a4   0x080006a4   0x00000004   Code   RO         9605    .text               c_w.l(hguard.o)
    0x080006a8   0x080006a8   0x0000008a   Code   RO         9607    .text               c_w.l(init_alloc.o)
    0x08000732   0x08000732   0x0000000e   Code   RO         9611    .text               c_w.l(h1_init.o)
    0x08000740   0x08000740   0x00000016   Code   RO         9625    .text               c_w.l(_rserrno.o)
    0x08000756   0x08000756   0x00000044   Code   RO         9627    .text               c_w.l(rt_memclr.o)
    0x0800079a   0x0800079a   0x00000002   PAD
    0x0800079c   0x0800079c   0x00000008   Code   RO         9719    .text               c_w.l(libspace.o)
    0x080007a4   0x080007a4   0x00000008   Code   RO         9742    .text               c_w.l(rt_errno_addr_intlibspace.o)
    0x080007ac   0x080007ac   0x00000034   Code   RO         9748    .text               c_w.l(h1_extend.o)
    0x080007e0   0x080007e0   0x0000000e   Code   RO         9752    .text               c_w.l(defsig_rtmem_outer.o)
    0x080007ee   0x080007ee   0x00000002   Code   RO         9763    .text               c_w.l(use_no_semi.o)
    0x080007f0   0x080007f0   0x00000000   Code   RO         9765    .text               c_w.l(indicate_semi.o)
    0x080007f0   0x080007f0   0x0000004a   Code   RO         9766    .text               c_w.l(sys_stackheap_outer.o)
    0x0800083a   0x0800083a   0x00000012   Code   RO         9772    .text               c_w.l(exit.o)
    0x0800084c   0x0800084c   0x0000000a   Code   RO         9774    .text               c_w.l(defsig_exit.o)
    0x08000856   0x08000856   0x00000002   PAD
    0x08000858   0x08000858   0x00000050   Code   RO         9780    .text               c_w.l(defsig_rtmem_inner.o)
    0x080008a8   0x080008a8   0x0000000c   Code   RO         9792    .text               c_w.l(sys_exit.o)
    0x080008b4   0x080008b4   0x00000032   Code   RO         9802    .text               c_w.l(defsig_general.o)
    0x080008e6   0x080008e6   0x0000000e   Code   RO         9822    .text               c_w.l(sys_wrch.o)
    0x080008f4   0x080008f4   0x00000028   Code   RO         2983    i.AHRS_init         ins_task.o
    0x0800091c   0x0800091c   0x0000006a   Code   RO         2984    i.AHRS_update       ins_task.o
    0x08000986   0x08000986   0x00000002   PAD
    0x08000988   0x08000988   0x00000014   Code   RO         2382    i.BMI088_ACCEL_NS_H  bmi088middleware.o
    0x0800099c   0x0800099c   0x00000014   Code   RO         2383    i.BMI088_ACCEL_NS_L  bmi088middleware.o
    0x080009b0   0x080009b0   0x00000002   Code   RO         2384    i.BMI088_GPIO_init  bmi088middleware.o
    0x080009b2   0x080009b2   0x00000002   PAD
    0x080009b4   0x080009b4   0x00000014   Code   RO         2385    i.BMI088_GYRO_NS_H  bmi088middleware.o
    0x080009c8   0x080009c8   0x00000014   Code   RO         2386    i.BMI088_GYRO_NS_L  bmi088middleware.o
    0x080009dc   0x080009dc   0x00000090   Code   RO         2153    i.BMI088_accel_read_over  bmi088driver.o
    0x08000a6c   0x08000a6c   0x00000002   Code   RO         2387    i.BMI088_com_init   bmi088middleware.o
    0x08000a6e   0x08000a6e   0x0000000c   Code   RO         2388    i.BMI088_delay_ms   bmi088middleware.o
    0x08000a7a   0x08000a7a   0x0000000c   Code   RO         2389    i.BMI088_delay_us   bmi088middleware.o
    0x08000a86   0x08000a86   0x00000002   PAD
    0x08000a88   0x08000a88   0x00000068   Code   RO         2154    i.BMI088_gyro_read_over  bmi088driver.o
    0x08000af0   0x08000af0   0x00000034   Code   RO         2155    i.BMI088_init       bmi088driver.o
    0x08000b24   0x08000b24   0x0000017c   Code   RO         2156    i.BMI088_read       bmi088driver.o
    0x08000ca0   0x08000ca0   0x00000026   Code   RO         2159    i.BMI088_read_muli_reg  bmi088driver.o
    0x08000cc6   0x08000cc6   0x00000018   Code   RO         2160    i.BMI088_read_single_reg  bmi088driver.o
    0x08000cde   0x08000cde   0x00000002   PAD
    0x08000ce0   0x08000ce0   0x00000020   Code   RO         2390    i.BMI088_read_write_byte  bmi088middleware.o
    0x08000d00   0x08000d00   0x00000034   Code   RO         2161    i.BMI088_temperature_read_over  bmi088driver.o
    0x08000d34   0x08000d34   0x00000014   Code   RO         2162    i.BMI088_write_single_reg  bmi088driver.o
    0x08000d48   0x08000d48   0x00000004   Code   RO         1923    i.BusFault_Handler  stm32f4xx_it.o
    0x08000d4c   0x08000d4c   0x00000024   Code   RO         2908    i.Buzzer_Init       bsp_buzzer.o
    0x08000d70   0x08000d70   0x0000011c   Code   RO         2909    i.Buzzer_Processing  bsp_buzzer.o
    0x08000e8c   0x08000e8c   0x00000024   Code   RO         2857    i.CAN1_Config       user_can.o
    0x08000eb0   0x08000eb0   0x00000030   Code   RO         2858    i.CAN1_Filter0_Init  user_can.o
    0x08000ee0   0x08000ee0   0x000000e0   Code   RO         1125    i.CAN1_R            freertos.o
    0x08000fc0   0x08000fc0   0x0000001c   Code   RO         1924    i.CAN1_RX0_IRQHandler  stm32f4xx_it.o
    0x08000fdc   0x08000fdc   0x00000028   Code   RO         2859    i.CAN2_Config       user_can.o
    0x08001004   0x08001004   0x00000034   Code   RO         2860    i.CAN2_Filter0_Init  user_can.o
    0x08001038   0x08001038   0x0000001c   Code   RO         1925    i.CAN2_RX0_IRQHandler  stm32f4xx_it.o
    0x08001054   0x08001054   0x00000068   Code   RO         2861    i.CAN_SendData      user_can.o
    0x080010bc   0x080010bc   0x00000044   Code   RO         1856    i.CDC_Control_FS    usbd_cdc_if.o
    0x08001100   0x08001100   0x00000004   Code   RO         1857    i.CDC_DeInit_FS     usbd_cdc_if.o
    0x08001104   0x08001104   0x00000024   Code   RO         1858    i.CDC_Init_FS       usbd_cdc_if.o
    0x08001128   0x08001128   0x0000001c   Code   RO         1859    i.CDC_Receive_FS    usbd_cdc_if.o
    0x08001144   0x08001144   0x0000000c   Code   RO         1860    i.CDC_TransmitCplt_FS  usbd_cdc_if.o
    0x08001150   0x08001150   0x00000038   Code   RO         1861    i.CDC_Transmit_FS   usbd_cdc_if.o
    0x08001188   0x08001188   0x00000110   Code   RO         1126    i.Can2_Reivece      freertos.o
    0x08001298   0x08001298   0x00000024   Code   RO          463    i.Checksum_CRC8     crc.o
    0x080012bc   0x080012bc   0x00000010   Code   RO         1926    i.DMA1_Stream1_IRQHandler  stm32f4xx_it.o
    0x080012cc   0x080012cc   0x00000010   Code   RO         1927    i.DMA2_Stream1_IRQHandler  stm32f4xx_it.o
    0x080012dc   0x080012dc   0x00000898   Code   RO         2985    i.DMA2_Stream2_IRQHandler  ins_task.o
    0x08001b74   0x08001b74   0x00000010   Code   RO         1928    i.DMA2_Stream5_IRQHandler  stm32f4xx_it.o
    0x08001b84   0x08001b84   0x00000010   Code   RO         1929    i.DMA2_Stream7_IRQHandler  stm32f4xx_it.o
    0x08001b94   0x08001b94   0x00000034   Code   RO         4486    i.DMA_CalcBaseAndBitshift  stm32f4xx_hal_dma.o
    0x08001bc8   0x08001bc8   0x000000aa   Code   RO         4487    i.DMA_CheckFifoParam  stm32f4xx_hal_dma.o
    0x08001c72   0x08001c72   0x0000002c   Code   RO         4488    i.DMA_SetConfig     stm32f4xx_hal_dma.o
    0x08001c9e   0x08001c9e   0x00000002   PAD
    0x08001ca0   0x08001ca0   0x000001d4   Code   RO          607    i.DR16_Process      dr16_recive.o
    0x08001e74   0x08001e74   0x00000074   Code   RO          608    i.DR_16hander       dr16_recive.o
    0x08001ee8   0x08001ee8   0x00000034   Code   RO         1127    i.Debug             freertos.o
    0x08001f1c   0x08001f1c   0x00000002   Code   RO         1930    i.DebugMon_Handler  stm32f4xx_it.o
    0x08001f1e   0x08001f1e   0x0000000a   Code   RO         1931    i.EXTI0_IRQHandler  stm32f4xx_it.o
    0x08001f28   0x08001f28   0x0000000a   Code   RO         1932    i.EXTI3_IRQHandler  stm32f4xx_it.o
    0x08001f32   0x08001f32   0x0000000a   Code   RO         1933    i.EXTI4_IRQHandler  stm32f4xx_it.o
    0x08001f3c   0x08001f3c   0x0000000a   Code   RO         1934    i.EXTI9_5_IRQHandler  stm32f4xx_it.o
    0x08001f46   0x08001f46   0x00000002   Code   RO         1012    i.Error_Handler     main.o
    0x08001f48   0x08001f48   0x0000005c   Code   RO         2624    i.Euler_Send_Fun    dji_imu.o
    0x08001fa4   0x08001fa4   0x0000005c   Code   RO         4256    i.FLASH_Erase_Sector  stm32f4xx_hal_flash_ex.o
    0x08002000   0x08002000   0x00000078   Code   RO         4257    i.FLASH_FlushCaches  stm32f4xx_hal_flash_ex.o
    0x08002078   0x08002078   0x00000030   Code   RO         4258    i.FLASH_MassErase   stm32f4xx_hal_flash_ex.o
    0x080020a8   0x080020a8   0x00000024   Code   RO         4138    i.FLASH_Program_Byte  stm32f4xx_hal_flash.o
    0x080020cc   0x080020cc   0x0000003c   Code   RO         4139    i.FLASH_Program_DoubleWord  stm32f4xx_hal_flash.o
    0x08002108   0x08002108   0x00000028   Code   RO         4140    i.FLASH_Program_HalfWord  stm32f4xx_hal_flash.o
    0x08002130   0x08002130   0x00000028   Code   RO         4141    i.FLASH_Program_Word  stm32f4xx_hal_flash.o
    0x08002158   0x08002158   0x00000098   Code   RO         4142    i.FLASH_SetErrorCode  stm32f4xx_hal_flash.o
    0x080021f0   0x080021f0   0x00000064   Code   RO         4143    i.FLASH_WaitForLastOperation  stm32f4xx_hal_flash.o
    0x08002254   0x08002254   0x00000050   Code   RO          496    i.FPS_Calculate     fps_calculate.o
    0x080022a4   0x080022a4   0x00000140   Code   RO          700    i.GM6020_Pitch_getInfo  gm6020.o
    0x080023e4   0x080023e4   0x00000054   Code   RO          701    i.GM6020_SetVoltage  gm6020.o
    0x08002438   0x08002438   0x00000144   Code   RO          702    i.GM6020_Yaw_getInfo  gm6020.o
    0x0800257c   0x0800257c   0x0000001e   Code   RO          497    i.Get_FPS           fps_calculate.o
    0x0800259a   0x0800259a   0x00000002   PAD
    0x0800259c   0x0800259c   0x00000034   Code   RO         1760    i.Get_SerialNum     usbd_desc.o
    0x080025d0   0x080025d0   0x0000005c   Code   RO         2625    i.Gyro_Send_Fun     dji_imu.o
    0x0800262c   0x0800262c   0x00000156   Code   RO         5166    i.HAL_CAN_AddTxMessage  stm32f4xx_hal_can.o
    0x08002782   0x08002782   0x00000002   PAD
    0x08002784   0x08002784   0x00000124   Code   RO         5167    i.HAL_CAN_ConfigFilter  stm32f4xx_hal_can.o
    0x080028a8   0x080028a8   0x00000002   Code   RO         5170    i.HAL_CAN_ErrorCallback  stm32f4xx_hal_can.o
    0x080028aa   0x080028aa   0x0000017a   Code   RO         5173    i.HAL_CAN_GetRxMessage  stm32f4xx_hal_can.o
    0x08002a24   0x08002a24   0x0000024e   Code   RO         5177    i.HAL_CAN_IRQHandler  stm32f4xx_hal_can.o
    0x08002c72   0x08002c72   0x00000174   Code   RO         5178    i.HAL_CAN_Init      stm32f4xx_hal_can.o
    0x08002de6   0x08002de6   0x00000002   PAD
    0x08002de8   0x08002de8   0x00000160   Code   RO         1250    i.HAL_CAN_MspInit   can.o
    0x08002f48   0x08002f48   0x00000002   Code   RO         5185    i.HAL_CAN_RxFifo0FullCallback  stm32f4xx_hal_can.o
    0x08002f4a   0x08002f4a   0x00000002   PAD
    0x08002f4c   0x08002f4c   0x000000a4   Code   RO         1935    i.HAL_CAN_RxFifo0MsgPendingCallback  stm32f4xx_it.o
    0x08002ff0   0x08002ff0   0x00000002   Code   RO         5187    i.HAL_CAN_RxFifo1FullCallback  stm32f4xx_hal_can.o
    0x08002ff2   0x08002ff2   0x00000002   Code   RO         5188    i.HAL_CAN_RxFifo1MsgPendingCallback  stm32f4xx_hal_can.o
    0x08002ff4   0x08002ff4   0x00000002   Code   RO         5189    i.HAL_CAN_SleepCallback  stm32f4xx_hal_can.o
    0x08002ff6   0x08002ff6   0x0000005e   Code   RO         5190    i.HAL_CAN_Start     stm32f4xx_hal_can.o
    0x08003054   0x08003054   0x00000002   Code   RO         5192    i.HAL_CAN_TxMailbox0AbortCallback  stm32f4xx_hal_can.o
    0x08003056   0x08003056   0x00000002   Code   RO         5193    i.HAL_CAN_TxMailbox0CompleteCallback  stm32f4xx_hal_can.o
    0x08003058   0x08003058   0x00000002   Code   RO         5194    i.HAL_CAN_TxMailbox1AbortCallback  stm32f4xx_hal_can.o
    0x0800305a   0x0800305a   0x00000002   Code   RO         5195    i.HAL_CAN_TxMailbox1CompleteCallback  stm32f4xx_hal_can.o
    0x0800305c   0x0800305c   0x00000002   Code   RO         5196    i.HAL_CAN_TxMailbox2AbortCallback  stm32f4xx_hal_can.o
    0x0800305e   0x0800305e   0x00000002   Code   RO         5197    i.HAL_CAN_TxMailbox2CompleteCallback  stm32f4xx_hal_can.o
    0x08003060   0x08003060   0x00000002   Code   RO         5199    i.HAL_CAN_WakeUpFromRxMsgCallback  stm32f4xx_hal_can.o
    0x08003062   0x08003062   0x00000028   Code   RO         4490    i.HAL_DMA_Abort_IT  stm32f4xx_hal_dma.o
    0x0800308a   0x0800308a   0x00000002   PAD
    0x0800308c   0x0800308c   0x00000240   Code   RO         4494    i.HAL_DMA_IRQHandler  stm32f4xx_hal_dma.o
    0x080032cc   0x080032cc   0x000000ec   Code   RO         4495    i.HAL_DMA_Init      stm32f4xx_hal_dma.o
    0x080033b8   0x080033b8   0x00000066   Code   RO         4498    i.HAL_DMA_Start     stm32f4xx_hal_dma.o
    0x0800341e   0x0800341e   0x00000002   PAD
    0x08003420   0x08003420   0x00000028   Code   RO         4913    i.HAL_Delay         stm32f4xx_hal.o
    0x08003448   0x08003448   0x000000ac   Code   RO         4268    i.HAL_FLASHEx_Erase  stm32f4xx_hal_flash_ex.o
    0x080034f4   0x080034f4   0x00000014   Code   RO         4147    i.HAL_FLASH_Lock    stm32f4xx_hal_flash.o
    0x08003508   0x08003508   0x00000098   Code   RO         4152    i.HAL_FLASH_Program  stm32f4xx_hal_flash.o
    0x080035a0   0x080035a0   0x00000034   Code   RO         4154    i.HAL_FLASH_Unlock  stm32f4xx_hal_flash.o
    0x080035d4   0x080035d4   0x000000a8   Code   RO         2986    i.HAL_GPIO_EXTI_Callback  ins_task.o
    0x0800367c   0x0800367c   0x0000001c   Code   RO         4381    i.HAL_GPIO_EXTI_IRQHandler  stm32f4xx_hal_gpio.o
    0x08003698   0x08003698   0x00000200   Code   RO         4382    i.HAL_GPIO_Init     stm32f4xx_hal_gpio.o
    0x08003898   0x08003898   0x00000010   Code   RO         4384    i.HAL_GPIO_ReadPin  stm32f4xx_hal_gpio.o
    0x080038a8   0x080038a8   0x0000000c   Code   RO         4386    i.HAL_GPIO_WritePin  stm32f4xx_hal_gpio.o
    0x080038b4   0x080038b4   0x0000000c   Code   RO         4919    i.HAL_GetTick       stm32f4xx_hal.o
    0x080038c0   0x080038c0   0x000001d0   Code   RO         5409    i.HAL_I2C_Init      stm32f4xx_hal_i2c.o
    0x08003a90   0x08003a90   0x000002f4   Code   RO         5427    i.HAL_I2C_Mem_Read  stm32f4xx_hal_i2c.o
    0x08003d84   0x08003d84   0x00000164   Code   RO         5430    i.HAL_I2C_Mem_Write  stm32f4xx_hal_i2c.o
    0x08003ee8   0x08003ee8   0x000000c8   Code   RO         1323    i.HAL_I2C_MspInit   i2c.o
    0x08003fb0   0x08003fb0   0x00000018   Code   RO         4925    i.HAL_IncTick       stm32f4xx_hal.o
    0x08003fc8   0x08003fc8   0x0000003c   Code   RO         4926    i.HAL_Init          stm32f4xx_hal.o
    0x08004004   0x08004004   0x0000008c   Code   RO         2114    i.HAL_InitTick      stm32f4xx_hal_timebase_tim.o
    0x08004090   0x08004090   0x00000054   Code   RO         2090    i.HAL_MspInit       stm32f4xx_hal_msp.o
    0x080040e4   0x080040e4   0x00000020   Code   RO         4771    i.HAL_NVIC_EnableIRQ  stm32f4xx_hal_cortex.o
    0x08004104   0x08004104   0x0000007c   Code   RO         4777    i.HAL_NVIC_SetPriority  stm32f4xx_hal_cortex.o
    0x08004180   0x08004180   0x00000028   Code   RO         4778    i.HAL_NVIC_SetPriorityGrouping  stm32f4xx_hal_cortex.o
    0x080041a8   0x080041a8   0x00000002   Code   RO         3635    i.HAL_PCDEx_LPM_Callback  stm32f4xx_hal_pcd_ex.o
    0x080041aa   0x080041aa   0x0000000a   Code   RO         3636    i.HAL_PCDEx_SetRxFiFo  stm32f4xx_hal_pcd_ex.o
    0x080041b4   0x080041b4   0x0000004e   Code   RO         3637    i.HAL_PCDEx_SetTxFiFo  stm32f4xx_hal_pcd_ex.o
    0x08004202   0x08004202   0x0000000e   Code   RO         1561    i.HAL_PCD_ConnectCallback  usbd_conf.o
    0x08004210   0x08004210   0x00000020   Code   RO         1562    i.HAL_PCD_DataInStageCallback  usbd_conf.o
    0x08004230   0x08004230   0x00000020   Code   RO         1563    i.HAL_PCD_DataOutStageCallback  usbd_conf.o
    0x08004250   0x08004250   0x0000000e   Code   RO         1564    i.HAL_PCD_DisconnectCallback  usbd_conf.o
    0x0800425e   0x0800425e   0x0000006a   Code   RO         3412    i.HAL_PCD_EP_Close  stm32f4xx_hal_pcd.o
    0x080042c8   0x080042c8   0x0000007c   Code   RO         3413    i.HAL_PCD_EP_ClrStall  stm32f4xx_hal_pcd.o
    0x08004344   0x08004344   0x00000016   Code   RO         3415    i.HAL_PCD_EP_GetRxCount  stm32f4xx_hal_pcd.o
    0x0800435a   0x0800435a   0x0000008c   Code   RO         3416    i.HAL_PCD_EP_Open   stm32f4xx_hal_pcd.o
    0x080043e6   0x080043e6   0x00000058   Code   RO         3417    i.HAL_PCD_EP_Receive  stm32f4xx_hal_pcd.o
    0x0800443e   0x0800443e   0x0000008a   Code   RO         3418    i.HAL_PCD_EP_SetStall  stm32f4xx_hal_pcd.o
    0x080044c8   0x080044c8   0x0000005a   Code   RO         3419    i.HAL_PCD_EP_Transmit  stm32f4xx_hal_pcd.o
    0x08004522   0x08004522   0x0000055c   Code   RO         3421    i.HAL_PCD_IRQHandler  stm32f4xx_hal_pcd.o
    0x08004a7e   0x08004a7e   0x00000012   Code   RO         1565    i.HAL_PCD_ISOINIncompleteCallback  usbd_conf.o
    0x08004a90   0x08004a90   0x00000012   Code   RO         1566    i.HAL_PCD_ISOOUTIncompleteCallback  usbd_conf.o
    0x08004aa2   0x08004aa2   0x00000166   Code   RO         3424    i.HAL_PCD_Init      stm32f4xx_hal_pcd.o
    0x08004c08   0x08004c08   0x000000a8   Code   RO         1568    i.HAL_PCD_MspInit   usbd_conf.o
    0x08004cb0   0x08004cb0   0x00000030   Code   RO         1569    i.HAL_PCD_ResetCallback  usbd_conf.o
    0x08004ce0   0x08004ce0   0x0000000e   Code   RO         1570    i.HAL_PCD_ResumeCallback  usbd_conf.o
    0x08004cee   0x08004cee   0x0000000e   Code   RO         1571    i.HAL_PCD_SOFCallback  usbd_conf.o
    0x08004cfc   0x08004cfc   0x00000036   Code   RO         3430    i.HAL_PCD_SetAddress  stm32f4xx_hal_pcd.o
    0x08004d32   0x08004d32   0x00000012   Code   RO         1572    i.HAL_PCD_SetupStageCallback  usbd_conf.o
    0x08004d44   0x08004d44   0x0000004a   Code   RO         3432    i.HAL_PCD_Start     stm32f4xx_hal_pcd.o
    0x08004d8e   0x08004d8e   0x00000002   PAD
    0x08004d90   0x08004d90   0x00000034   Code   RO         1573    i.HAL_PCD_SuspendCallback  usbd_conf.o
    0x08004dc4   0x08004dc4   0x00000184   Code   RO         3983    i.HAL_RCC_ClockConfig  stm32f4xx_hal_rcc.o
    0x08004f48   0x08004f48   0x00000044   Code   RO         3987    i.HAL_RCC_GetClockConfig  stm32f4xx_hal_rcc.o
    0x08004f8c   0x08004f8c   0x0000000c   Code   RO         3988    i.HAL_RCC_GetHCLKFreq  stm32f4xx_hal_rcc.o
    0x08004f98   0x08004f98   0x00000020   Code   RO         3990    i.HAL_RCC_GetPCLK1Freq  stm32f4xx_hal_rcc.o
    0x08004fb8   0x08004fb8   0x00000020   Code   RO         3991    i.HAL_RCC_GetPCLK2Freq  stm32f4xx_hal_rcc.o
    0x08004fd8   0x08004fd8   0x000000b0   Code   RO         3992    i.HAL_RCC_GetSysClockFreq  stm32f4xx_hal_rcc.o
    0x08005088   0x08005088   0x00000488   Code   RO         3995    i.HAL_RCC_OscConfig  stm32f4xx_hal_rcc.o
    0x08005510   0x08005510   0x0000008c   Code   RO         5899    i.HAL_SPI_Init      stm32f4xx_hal_spi.o
    0x0800559c   0x0800559c   0x00000158   Code   RO         1365    i.HAL_SPI_MspInit   spi.o
    0x080056f4   0x080056f4   0x0000022a   Code   RO         5908    i.HAL_SPI_TransmitReceive  stm32f4xx_hal_spi.o
    0x0800591e   0x0800591e   0x00000002   Code   RO         6898    i.HAL_TIMEx_BreakCallback  stm32f4xx_hal_tim_ex.o
    0x08005920   0x08005920   0x00000002   Code   RO         6899    i.HAL_TIMEx_CommutCallback  stm32f4xx_hal_tim_ex.o
    0x08005922   0x08005922   0x00000002   PAD
    0x08005924   0x08005924   0x000000b4   Code   RO         6916    i.HAL_TIMEx_MasterConfigSynchronization  stm32f4xx_hal_tim_ex.o
    0x080059d8   0x080059d8   0x00000034   Code   RO         6212    i.HAL_TIM_Base_Init  stm32f4xx_hal_tim.o
    0x08005a0c   0x08005a0c   0x000000d0   Code   RO         1407    i.HAL_TIM_Base_MspInit  tim.o
    0x08005adc   0x08005adc   0x0000002a   Code   RO         6215    i.HAL_TIM_Base_Start  stm32f4xx_hal_tim.o
    0x08005b06   0x08005b06   0x0000002a   Code   RO         6217    i.HAL_TIM_Base_Start_IT  stm32f4xx_hal_tim.o
    0x08005b30   0x08005b30   0x00000108   Code   RO         6221    i.HAL_TIM_ConfigClockSource  stm32f4xx_hal_tim.o
    0x08005c38   0x08005c38   0x00000002   Code   RO         6241    i.HAL_TIM_IC_CaptureCallback  stm32f4xx_hal_tim.o
    0x08005c3a   0x08005c3a   0x00000196   Code   RO         6255    i.HAL_TIM_IRQHandler  stm32f4xx_hal_tim.o
    0x08005dd0   0x08005dd0   0x00000134   Code   RO         1408    i.HAL_TIM_MspPostInit  tim.o
    0x08005f04   0x08005f04   0x00000002   Code   RO         6258    i.HAL_TIM_OC_DelayElapsedCallback  stm32f4xx_hal_tim.o
    0x08005f06   0x08005f06   0x00000108   Code   RO         6279    i.HAL_TIM_PWM_ConfigChannel  stm32f4xx_hal_tim.o
    0x0800600e   0x0800600e   0x00000034   Code   RO         6282    i.HAL_TIM_PWM_Init  stm32f4xx_hal_tim.o
    0x08006042   0x08006042   0x00000002   Code   RO         6284    i.HAL_TIM_PWM_MspInit  stm32f4xx_hal_tim.o
    0x08006044   0x08006044   0x00000002   Code   RO         6285    i.HAL_TIM_PWM_PulseFinishedCallback  stm32f4xx_hal_tim.o
    0x08006046   0x08006046   0x00000002   PAD
    0x08006048   0x08006048   0x00000058   Code   RO         6287    i.HAL_TIM_PWM_Start  stm32f4xx_hal_tim.o
    0x080060a0   0x080060a0   0x00000018   Code   RO         1013    i.HAL_TIM_PeriodElapsedCallback  main.o
    0x080060b8   0x080060b8   0x00000002   Code   RO         6298    i.HAL_TIM_TriggerCallback  stm32f4xx_hal_tim.o
    0x080060ba   0x080060ba   0x00000002   Code   RO         7170    i.HAL_UART_ErrorCallback  stm32f4xx_hal_uart.o
    0x080060bc   0x080060bc   0x00000154   Code   RO         7173    i.HAL_UART_IRQHandler  stm32f4xx_hal_uart.o
    0x08006210   0x08006210   0x00000072   Code   RO         7174    i.HAL_UART_Init     stm32f4xx_hal_uart.o
    0x08006282   0x08006282   0x00000002   PAD
    0x08006284   0x08006284   0x00000300   Code   RO         1473    i.HAL_UART_MspInit  usart.o
    0x08006584   0x08006584   0x00000002   Code   RO         7180    i.HAL_UART_RxCpltCallback  stm32f4xx_hal_uart.o
    0x08006586   0x08006586   0x00000002   Code   RO         7185    i.HAL_UART_TxCpltCallback  stm32f4xx_hal_uart.o
    0x08006588   0x08006588   0x00000004   Code   RO         1936    i.HardFault_Handler  stm32f4xx_it.o
    0x0800658c   0x0800658c   0x0000003e   Code   RO         5452    i.I2C_IsAcknowledgeFailed  stm32f4xx_hal_i2c.o
    0x080065ca   0x080065ca   0x00000002   PAD
    0x080065cc   0x080065cc   0x00000160   Code   RO         5463    i.I2C_RequestMemoryRead  stm32f4xx_hal_i2c.o
    0x0800672c   0x0800672c   0x000000e0   Code   RO         5464    i.I2C_RequestMemoryWrite  stm32f4xx_hal_i2c.o
    0x0800680c   0x0800680c   0x0000005c   Code   RO         5472    i.I2C_WaitOnBTFFlagUntilTimeout  stm32f4xx_hal_i2c.o
    0x08006868   0x08006868   0x00000086   Code   RO         5473    i.I2C_WaitOnFlagUntilTimeout  stm32f4xx_hal_i2c.o
    0x080068ee   0x080068ee   0x000000c4   Code   RO         5474    i.I2C_WaitOnMasterAddressFlagUntilTimeout  stm32f4xx_hal_i2c.o
    0x080069b2   0x080069b2   0x00000080   Code   RO         5475    i.I2C_WaitOnRXNEFlagUntilTimeout  stm32f4xx_hal_i2c.o
    0x08006a32   0x08006a32   0x0000005c   Code   RO         5478    i.I2C_WaitOnTXEFlagUntilTimeout  stm32f4xx_hal_i2c.o
    0x08006a8e   0x08006a8e   0x00000002   PAD
    0x08006a90   0x08006a90   0x0000001c   Code   RO         2626    i.IMU_Cal_Status_Reivece  dji_imu.o
    0x08006aac   0x08006aac   0x0000007c   Code   RO         1128    i.IMU_Send          freertos.o
    0x08006b28   0x08006b28   0x0000007c   Code   RO         2987    i.INS_cali_gyro     ins_task.o
    0x08006ba4   0x08006ba4   0x00000048   Code   RO         2988    i.INS_set_cali_gyro  ins_task.o
    0x08006bec   0x08006bec   0x00000314   Code   RO         2989    i.INS_task          ins_task.o
    0x08006f00   0x08006f00   0x00000054   Code   RO          372    i.I_PID_BetaGeneration  my_incrementpid_bate.o
    0x08006f54   0x08006f54   0x0000009c   Code   RO          374    i.I_PID_Parameter_Init  my_incrementpid_bate.o
    0x08006ff0   0x08006ff0   0x000001d2   Code   RO          375    i.I_PID_Regulation  my_incrementpid_bate.o
    0x080071c2   0x080071c2   0x0000003e   Code   RO         1761    i.IntToUnicode      usbd_desc.o
    0x08007200   0x08007200   0x0000013c   Code   RO          579    i.M2006_getInfo     m2006.o
    0x0800733c   0x0800733c   0x00000064   Code   RO          533    i.M3508s1_getInfo   m3508.o
    0x080073a0   0x080073a0   0x00000054   Code   RO          534    i.M3508s1_setCurrent  m3508.o
    0x080073f4   0x080073f4   0x00000044   Code   RO         1251    i.MX_CAN1_Init      can.o
    0x08007438   0x08007438   0x00000044   Code   RO         1252    i.MX_CAN2_Init      can.o
    0x0800747c   0x0800747c   0x000000a8   Code   RO         1298    i.MX_DMA_Init       dma.o
    0x08007524   0x08007524   0x00000378   Code   RO         1129    i.MX_FREERTOS_Init  freertos.o
    0x0800789c   0x0800789c   0x000001f8   Code   RO         1101    i.MX_GPIO_Init      gpio.o
    0x08007a94   0x08007a94   0x0000003c   Code   RO         1324    i.MX_I2C3_Init      i2c.o
    0x08007ad0   0x08007ad0   0x00000048   Code   RO         1366    i.MX_SPI1_Init      spi.o
    0x08007b18   0x08007b18   0x0000006c   Code   RO         1409    i.MX_TIM10_Init     tim.o
    0x08007b84   0x08007b84   0x0000006c   Code   RO         1410    i.MX_TIM3_Init      tim.o
    0x08007bf0   0x08007bf0   0x000000a4   Code   RO         1411    i.MX_TIM4_Init      tim.o
    0x08007c94   0x08007c94   0x000000c4   Code   RO         1412    i.MX_TIM5_Init      tim.o
    0x08007d58   0x08007d58   0x00000038   Code   RO         1474    i.MX_USART1_UART_Init  usart.o
    0x08007d90   0x08007d90   0x00000038   Code   RO         1475    i.MX_USART3_UART_Init  usart.o
    0x08007dc8   0x08007dc8   0x00000038   Code   RO         1476    i.MX_USART6_UART_Init  usart.o
    0x08007e00   0x08007e00   0x0000004c   Code   RO         1526    i.MX_USB_DEVICE_Init  usb_device.o
    0x08007e4c   0x08007e4c   0x000005ac   Code   RO         3325    i.MahonyAHRSupdate  mahonyahrs.o
    0x080083f8   0x080083f8   0x000002fc   Code   RO         3326    i.MahonyAHRSupdateIMU  mahonyahrs.o
    0x080086f4   0x080086f4   0x00000004   Code   RO         1937    i.MemManage_Handler  stm32f4xx_it.o
    0x080086f8   0x080086f8   0x00000002   Code   RO         1938    i.NMI_Handler       stm32f4xx_it.o
    0x080086fa   0x080086fa   0x00000002   PAD
    0x080086fc   0x080086fc   0x0000026c   Code   RO          609    i.NM_swj            dr16_recive.o
    0x08008968   0x08008968   0x00000010   Code   RO         1939    i.OTG_FS_IRQHandler  stm32f4xx_it.o
    0x08008978   0x08008978   0x00000064   Code   RO         3436    i.PCD_EP_OutSetupPacket_int  stm32f4xx_hal_pcd.o
    0x080089dc   0x080089dc   0x0000017c   Code   RO         3437    i.PCD_EP_OutXfrComplete_int  stm32f4xx_hal_pcd.o
    0x08008b58   0x08008b58   0x000000b6   Code   RO         3438    i.PCD_WriteEmptyTxFifo  stm32f4xx_hal_pcd.o
    0x08008c0e   0x08008c0e   0x00000002   PAD
    0x08008c10   0x08008c10   0x000001f0   Code   RO         2944    i.PID_calc          pid.o
    0x08008e00   0x08008e00   0x00000060   Code   RO         2946    i.PID_init          pid.o
    0x08008e60   0x08008e60   0x00000124   Code   RO          251    i.PITCH_PID         my_cloud_control.o
    0x08008f84   0x08008f84   0x00000024   Code   RO          421    i.P_PID_BetaGeneration  my_positionpid_bate.o
    0x08008fa8   0x08008fa8   0x00000088   Code   RO          422    i.P_PID_Parameter_Init  my_positionpid_bate.o
    0x08009030   0x08009030   0x00000180   Code   RO          423    i.P_PID_bate        my_positionpid_bate.o
    0x080091b0   0x080091b0   0x00000160   Code   RO         1130    i.Robot_Control     freertos.o
    0x08009310   0x08009310   0x0000273c   Code   RO         2766    i.SPI1_DMA_enable   bsp_spi.o
    0x0800ba4c   0x0800ba4c   0x00000180   Code   RO         2767    i.SPI1_DMA_init     bsp_spi.o
    0x0800bbcc   0x0800bbcc   0x0000006c   Code   RO         5937    i.SPI_EndRxTxTransaction  stm32f4xx_hal_spi.o
    0x0800bc38   0x0800bc38   0x000000a8   Code   RO         5942    i.SPI_WaitFlagStateUntilTimeout  stm32f4xx_hal_spi.o
    0x0800bce0   0x0800bce0   0x00000012   Code   RO         9144    i.SWAPBYTE          usbd_ctlreq.o
    0x0800bcf2   0x0800bcf2   0x00000002   PAD
    0x0800bcf4   0x0800bcf4   0x00000034   Code   RO         8917    i.SysTick_Handler   port.o
    0x0800bd28   0x0800bd28   0x000000b4   Code   RO         1014    i.SystemClock_Config  main.o
    0x0800bddc   0x0800bddc   0x00000064   Code   RO         3367    i.SystemInit        system_stm32f4xx.o
    0x0800be40   0x0800be40   0x00000010   Code   RO         1940    i.TIM3_IRQHandler   stm32f4xx_it.o
    0x0800be50   0x0800be50   0x00000010   Code   RO         1941    i.TIM6_DAC_IRQHandler  stm32f4xx_it.o
    0x0800be60   0x0800be60   0x000000d8   Code   RO         6300    i.TIM_Base_SetConfig  stm32f4xx_hal_tim.o
    0x0800bf38   0x0800bf38   0x00000022   Code   RO         6301    i.TIM_CCxChannelCmd  stm32f4xx_hal_tim.o
    0x0800bf5a   0x0800bf5a   0x00000016   Code   RO         6311    i.TIM_ETR_SetConfig  stm32f4xx_hal_tim.o
    0x0800bf70   0x0800bf70   0x00000012   Code   RO         6312    i.TIM_ITRx_SetConfig  stm32f4xx_hal_tim.o
    0x0800bf82   0x0800bf82   0x00000002   PAD
    0x0800bf84   0x0800bf84   0x00000070   Code   RO         6313    i.TIM_OC1_SetConfig  stm32f4xx_hal_tim.o
    0x0800bff4   0x0800bff4   0x0000007c   Code   RO         6314    i.TIM_OC2_SetConfig  stm32f4xx_hal_tim.o
    0x0800c070   0x0800c070   0x00000078   Code   RO         6315    i.TIM_OC3_SetConfig  stm32f4xx_hal_tim.o
    0x0800c0e8   0x0800c0e8   0x00000054   Code   RO         6316    i.TIM_OC4_SetConfig  stm32f4xx_hal_tim.o
    0x0800c13c   0x0800c13c   0x00000026   Code   RO         6318    i.TIM_TI1_ConfigInputStage  stm32f4xx_hal_tim.o
    0x0800c162   0x0800c162   0x00000028   Code   RO         6320    i.TIM_TI2_ConfigInputStage  stm32f4xx_hal_tim.o
    0x0800c18a   0x0800c18a   0x00000014   Code   RO         7187    i.UART_DMAAbortOnError  stm32f4xx_hal_uart.o
    0x0800c19e   0x0800c19e   0x00000020   Code   RO         7197    i.UART_EndRxTransfer  stm32f4xx_hal_uart.o
    0x0800c1be   0x0800c1be   0x00000020   Code   RO         7198    i.UART_EndTransmit_IT  stm32f4xx_hal_uart.o
    0x0800c1de   0x0800c1de   0x000000a6   Code   RO         7200    i.UART_Receive_IT   stm32f4xx_hal_uart.o
    0x0800c284   0x0800c284   0x000003e8   Code   RO         7201    i.UART_SetConfig    stm32f4xx_hal_uart.o
    0x0800c66c   0x0800c66c   0x00000068   Code   RO         7202    i.UART_Transmit_IT  stm32f4xx_hal_uart.o
    0x0800c6d4   0x0800c6d4   0x00000010   Code   RO         1942    i.USART1_IRQHandler  stm32f4xx_it.o
    0x0800c6e4   0x0800c6e4   0x00000024   Code   RO         1943    i.USART3_IRQHandler  stm32f4xx_it.o
    0x0800c708   0x0800c708   0x00000024   Code   RO         1944    i.USART6_IRQHandler  stm32f4xx_it.o
    0x0800c72c   0x0800c72c   0x00000044   Code   RO          938    i.USART_RX_DMA_ENABLE  vision.o
    0x0800c770   0x0800c770   0x00000044   Code   RO          611    i.USART_Receive_DMA_NO_IT  dr16_recive.o
    0x0800c7b4   0x0800c7b4   0x0000008c   Code   RO         9327    i.USBD_CDC_DataIn   usbd_cdc.o
    0x0800c840   0x0800c840   0x00000034   Code   RO         9328    i.USBD_CDC_DataOut  usbd_cdc.o
    0x0800c874   0x0800c874   0x00000054   Code   RO         9329    i.USBD_CDC_DeInit   usbd_cdc.o
    0x0800c8c8   0x0800c8c8   0x00000032   Code   RO         9330    i.USBD_CDC_EP0_RxReady  usbd_cdc.o
    0x0800c8fa   0x0800c8fa   0x00000002   PAD
    0x0800c8fc   0x0800c8fc   0x00000010   Code   RO         9331    i.USBD_CDC_GetDeviceQualifierDescriptor  usbd_cdc.o
    0x0800c90c   0x0800c90c   0x00000010   Code   RO         9332    i.USBD_CDC_GetFSCfgDesc  usbd_cdc.o
    0x0800c91c   0x0800c91c   0x00000010   Code   RO         9333    i.USBD_CDC_GetHSCfgDesc  usbd_cdc.o
    0x0800c92c   0x0800c92c   0x00000010   Code   RO         9334    i.USBD_CDC_GetOtherSpeedCfgDesc  usbd_cdc.o
    0x0800c93c   0x0800c93c   0x000000c0   Code   RO         9335    i.USBD_CDC_Init     usbd_cdc.o
    0x0800c9fc   0x0800c9fc   0x0000003a   Code   RO         9336    i.USBD_CDC_ReceivePacket  usbd_cdc.o
    0x0800ca36   0x0800ca36   0x00000010   Code   RO         9337    i.USBD_CDC_RegisterInterface  usbd_cdc.o
    0x0800ca46   0x0800ca46   0x0000000e   Code   RO         9338    i.USBD_CDC_SetRxBuffer  usbd_cdc.o
    0x0800ca54   0x0800ca54   0x00000014   Code   RO         9339    i.USBD_CDC_SetTxBuffer  usbd_cdc.o
    0x0800ca68   0x0800ca68   0x000000fa   Code   RO         9340    i.USBD_CDC_Setup    usbd_cdc.o
    0x0800cb62   0x0800cb62   0x0000003c   Code   RO         9341    i.USBD_CDC_TransmitPacket  usbd_cdc.o
    0x0800cb9e   0x0800cb9e   0x0000001c   Code   RO         8996    i.USBD_ClrClassConfig  usbd_core.o
    0x0800cbba   0x0800cbba   0x0000003e   Code   RO         9145    i.USBD_ClrFeature   usbd_ctlreq.o
    0x0800cbf8   0x0800cbf8   0x00000018   Code   RO         9257    i.USBD_CtlContinueRx  usbd_ioreq.o
    0x0800cc10   0x0800cc10   0x00000018   Code   RO         9258    i.USBD_CtlContinueSendData  usbd_ioreq.o
    0x0800cc28   0x0800cc28   0x00000018   Code   RO         9146    i.USBD_CtlError     usbd_ctlreq.o
    0x0800cc40   0x0800cc40   0x00000028   Code   RO         9259    i.USBD_CtlPrepareRx  usbd_ioreq.o
    0x0800cc68   0x0800cc68   0x0000001a   Code   RO         9260    i.USBD_CtlReceiveStatus  usbd_ioreq.o
    0x0800cc82   0x0800cc82   0x00000022   Code   RO         9261    i.USBD_CtlSendData  usbd_ioreq.o
    0x0800cca4   0x0800cca4   0x0000001a   Code   RO         9262    i.USBD_CtlSendStatus  usbd_ioreq.o
    0x0800ccbe   0x0800ccbe   0x00000002   PAD
    0x0800ccc0   0x0800ccc0   0x00000034   Code   RO         1762    i.USBD_FS_ConfigStrDescriptor  usbd_desc.o
    0x0800ccf4   0x0800ccf4   0x00000010   Code   RO         1763    i.USBD_FS_DeviceDescriptor  usbd_desc.o
    0x0800cd04   0x0800cd04   0x00000038   Code   RO         1764    i.USBD_FS_InterfaceStrDescriptor  usbd_desc.o
    0x0800cd3c   0x0800cd3c   0x00000010   Code   RO         1765    i.USBD_FS_LangIDStrDescriptor  usbd_desc.o
    0x0800cd4c   0x0800cd4c   0x0000002c   Code   RO         1766    i.USBD_FS_ManufacturerStrDescriptor  usbd_desc.o
    0x0800cd78   0x0800cd78   0x00000040   Code   RO         1767    i.USBD_FS_ProductStrDescriptor  usbd_desc.o
    0x0800cdb8   0x0800cdb8   0x00000018   Code   RO         1768    i.USBD_FS_SerialStrDescriptor  usbd_desc.o
    0x0800cdd0   0x0800cdd0   0x00000056   Code   RO         9147    i.USBD_GetConfig    usbd_ctlreq.o
    0x0800ce26   0x0800ce26   0x000001fc   Code   RO         9148    i.USBD_GetDescriptor  usbd_ctlreq.o
    0x0800d022   0x0800d022   0x00000016   Code   RO         9149    i.USBD_GetLen       usbd_ctlreq.o
    0x0800d038   0x0800d038   0x0000005a   Code   RO         9150    i.USBD_GetStatus    usbd_ctlreq.o
    0x0800d092   0x0800d092   0x00000054   Code   RO         9151    i.USBD_GetString    usbd_ctlreq.o
    0x0800d0e6   0x0800d0e6   0x0000002c   Code   RO         1574    i.USBD_Get_USB_Status  usbd_conf.o
    0x0800d112   0x0800d112   0x00000044   Code   RO         8998    i.USBD_Init         usbd_core.o
    0x0800d156   0x0800d156   0x00000026   Code   RO         1575    i.USBD_LL_ClearStallEP  usbd_conf.o
    0x0800d17c   0x0800d17c   0x00000026   Code   RO         1576    i.USBD_LL_CloseEP   usbd_conf.o
    0x0800d1a2   0x0800d1a2   0x000000e6   Code   RO         8999    i.USBD_LL_DataInStage  usbd_core.o
    0x0800d288   0x0800d288   0x00000092   Code   RO         9000    i.USBD_LL_DataOutStage  usbd_core.o
    0x0800d31a   0x0800d31a   0x00000006   Code   RO         9001    i.USBD_LL_DevConnected  usbd_core.o
    0x0800d320   0x0800d320   0x00000020   Code   RO         9002    i.USBD_LL_DevDisconnected  usbd_core.o
    0x0800d340   0x0800d340   0x00000012   Code   RO         1580    i.USBD_LL_GetRxDataSize  usbd_conf.o
    0x0800d352   0x0800d352   0x00000002   PAD
    0x0800d354   0x0800d354   0x00000068   Code   RO         1581    i.USBD_LL_Init      usbd_conf.o
    0x0800d3bc   0x0800d3bc   0x00000038   Code   RO         1582    i.USBD_LL_IsStallEP  usbd_conf.o
    0x0800d3f4   0x0800d3f4   0x00000006   Code   RO         9003    i.USBD_LL_IsoINIncomplete  usbd_core.o
    0x0800d3fa   0x0800d3fa   0x00000006   Code   RO         9004    i.USBD_LL_IsoOUTIncomplete  usbd_core.o
    0x0800d400   0x0800d400   0x00000030   Code   RO         1583    i.USBD_LL_OpenEP    usbd_conf.o
    0x0800d430   0x0800d430   0x00000030   Code   RO         1584    i.USBD_LL_PrepareReceive  usbd_conf.o
    0x0800d460   0x0800d460   0x0000005a   Code   RO         9005    i.USBD_LL_Reset     usbd_core.o
    0x0800d4ba   0x0800d4ba   0x00000016   Code   RO         9006    i.USBD_LL_Resume    usbd_core.o
    0x0800d4d0   0x0800d4d0   0x00000022   Code   RO         9007    i.USBD_LL_SOF       usbd_core.o
    0x0800d4f2   0x0800d4f2   0x00000008   Code   RO         9008    i.USBD_LL_SetSpeed  usbd_core.o
    0x0800d4fa   0x0800d4fa   0x00000026   Code   RO         1585    i.USBD_LL_SetUSBAddress  usbd_conf.o
    0x0800d520   0x0800d520   0x00000076   Code   RO         9009    i.USBD_LL_SetupStage  usbd_core.o
    0x0800d596   0x0800d596   0x00000026   Code   RO         1586    i.USBD_LL_StallEP   usbd_conf.o
    0x0800d5bc   0x0800d5bc   0x0000001e   Code   RO         1587    i.USBD_LL_Start     usbd_conf.o
    0x0800d5da   0x0800d5da   0x00000014   Code   RO         9010    i.USBD_LL_Suspend   usbd_core.o
    0x0800d5ee   0x0800d5ee   0x00000030   Code   RO         1589    i.USBD_LL_Transmit  usbd_conf.o
    0x0800d61e   0x0800d61e   0x00000036   Code   RO         9152    i.USBD_ParseSetupRequest  usbd_ctlreq.o
    0x0800d654   0x0800d654   0x00000026   Code   RO         9011    i.USBD_RegisterClass  usbd_core.o
    0x0800d67a   0x0800d67a   0x00000006   Code   RO         9012    i.USBD_RunTestMode  usbd_core.o
    0x0800d680   0x0800d680   0x0000005a   Code   RO         9153    i.USBD_SetAddress   usbd_ctlreq.o
    0x0800d6da   0x0800d6da   0x00000020   Code   RO         9013    i.USBD_SetClassConfig  usbd_core.o
    0x0800d6fa   0x0800d6fa   0x00000002   PAD
    0x0800d6fc   0x0800d6fc   0x000000fc   Code   RO         9154    i.USBD_SetConfig    usbd_ctlreq.o
    0x0800d7f8   0x0800d7f8   0x00000018   Code   RO         9155    i.USBD_SetFeature   usbd_ctlreq.o
    0x0800d810   0x0800d810   0x0000000c   Code   RO         9014    i.USBD_Start        usbd_core.o
    0x0800d81c   0x0800d81c   0x000000a6   Code   RO         9156    i.USBD_StdDevReq    usbd_ctlreq.o
    0x0800d8c2   0x0800d8c2   0x0000022a   Code   RO         9157    i.USBD_StdEPReq     usbd_ctlreq.o
    0x0800daec   0x0800daec   0x0000007e   Code   RO         9158    i.USBD_StdItfReq    usbd_ctlreq.o
    0x0800db6a   0x0800db6a   0x00000002   PAD
    0x0800db6c   0x0800db6c   0x000000d0   Code   RO         3677    i.USB_ActivateEndpoint  stm32f4xx_ll_usb.o
    0x0800dc3c   0x0800dc3c   0x00000028   Code   RO         3679    i.USB_ActivateSetup  stm32f4xx_ll_usb.o
    0x0800dc64   0x0800dc64   0x00000084   Code   RO         3681    i.USB_CoreInit      stm32f4xx_ll_usb.o
    0x0800dce8   0x0800dce8   0x0000004c   Code   RO         3682    i.USB_CoreReset     stm32f4xx_ll_usb.o
    0x0800dd34   0x0800dd34   0x0000014c   Code   RO         3685    i.USB_DeactivateEndpoint  stm32f4xx_ll_usb.o
    0x0800de80   0x0800de80   0x00000024   Code   RO         3686    i.USB_DevConnect    stm32f4xx_ll_usb.o
    0x0800dea4   0x0800dea4   0x00000024   Code   RO         3687    i.USB_DevDisconnect  stm32f4xx_ll_usb.o
    0x0800dec8   0x0800dec8   0x000001e0   Code   RO         3688    i.USB_DevInit       stm32f4xx_ll_usb.o
    0x0800e0a8   0x0800e0a8   0x0000000e   Code   RO         3689    i.USB_DisableGlobalInt  stm32f4xx_ll_usb.o
    0x0800e0b6   0x0800e0b6   0x00000002   PAD
    0x0800e0b8   0x0800e0b8   0x000001d8   Code   RO         3692    i.USB_EP0StartXfer  stm32f4xx_ll_usb.o
    0x0800e290   0x0800e290   0x00000070   Code   RO         3693    i.USB_EP0_OutStart  stm32f4xx_ll_usb.o
    0x0800e300   0x0800e300   0x0000008e   Code   RO         3694    i.USB_EPClearStall  stm32f4xx_ll_usb.o
    0x0800e38e   0x0800e38e   0x0000009a   Code   RO         3695    i.USB_EPSetStall    stm32f4xx_ll_usb.o
    0x0800e428   0x0800e428   0x00000344   Code   RO         3696    i.USB_EPStartXfer   stm32f4xx_ll_usb.o
    0x0800e76c   0x0800e76c   0x0000000e   Code   RO         3697    i.USB_EnableGlobalInt  stm32f4xx_ll_usb.o
    0x0800e77a   0x0800e77a   0x00000002   PAD
    0x0800e77c   0x0800e77c   0x0000002c   Code   RO         3698    i.USB_FlushRxFifo   stm32f4xx_ll_usb.o
    0x0800e7a8   0x0800e7a8   0x00000030   Code   RO         3699    i.USB_FlushTxFifo   stm32f4xx_ll_usb.o
    0x0800e7d8   0x0800e7d8   0x00000026   Code   RO         3701    i.USB_GetDevSpeed   stm32f4xx_ll_usb.o
    0x0800e7fe   0x0800e7fe   0x0000000a   Code   RO         3703    i.USB_GetMode       stm32f4xx_ll_usb.o
    0x0800e808   0x0800e808   0x00000014   Code   RO         3710    i.USB_ReadDevAllInEpInterrupt  stm32f4xx_ll_usb.o
    0x0800e81c   0x0800e81c   0x00000014   Code   RO         3711    i.USB_ReadDevAllOutEpInterrupt  stm32f4xx_ll_usb.o
    0x0800e830   0x0800e830   0x00000032   Code   RO         3712    i.USB_ReadDevInEPInterrupt  stm32f4xx_ll_usb.o
    0x0800e862   0x0800e862   0x0000001a   Code   RO         3713    i.USB_ReadDevOutEPInterrupt  stm32f4xx_ll_usb.o
    0x0800e87c   0x0800e87c   0x0000000a   Code   RO         3714    i.USB_ReadInterrupts  stm32f4xx_ll_usb.o
    0x0800e886   0x0800e886   0x00000022   Code   RO         3715    i.USB_ReadPacket    stm32f4xx_ll_usb.o
    0x0800e8a8   0x0800e8a8   0x00000036   Code   RO         3717    i.USB_SetCurrentMode  stm32f4xx_ll_usb.o
    0x0800e8de   0x0800e8de   0x0000002a   Code   RO         3718    i.USB_SetDevAddress  stm32f4xx_ll_usb.o
    0x0800e908   0x0800e908   0x00000012   Code   RO         3719    i.USB_SetDevSpeed   stm32f4xx_ll_usb.o
    0x0800e91a   0x0800e91a   0x00000002   PAD
    0x0800e91c   0x0800e91c   0x000000e8   Code   RO         3720    i.USB_SetTurnaroundTime  stm32f4xx_ll_usb.o
    0x0800ea04   0x0800ea04   0x0000003c   Code   RO         3723    i.USB_WritePacket   stm32f4xx_ll_usb.o
    0x0800ea40   0x0800ea40   0x0000018c   Code   RO         2990    i.Updata_Hand_Euler_Gyro_Data  ins_task.o
    0x0800ebcc   0x0800ebcc   0x000000dc   Code   RO          939    i.Update_Vision_SendData  vision.o
    0x0800eca8   0x0800eca8   0x00000004   Code   RO         1945    i.UsageFault_Handler  stm32f4xx_it.o
    0x0800ecac   0x0800ecac   0x0000011c   Code   RO          940    i.Vision_DataReceive  vision.o
    0x0800edc8   0x0800edc8   0x00000030   Code   RO          941    i.Vision_DataSend   vision.o
    0x0800edf8   0x0800edf8   0x00000070   Code   RO          942    i.Vision_Handler    vision.o
    0x0800ee68   0x0800ee68   0x0000000c   Code   RO          943    i.Vision_ID_Type_Init  vision.o
    0x0800ee74   0x0800ee74   0x0000002c   Code   RO          944    i.Vision_Set_ID_Type  vision.o
    0x0800eea0   0x0800eea0   0x00000210   Code   RO          252    i.YAW_PID           my_cloud_control.o
    0x0800f0b0   0x0800f0b0   0x00000026   Code   RO         9689    i.__ARM_fpclassifyf  m_wm.l(fpclassifyf.o)
    0x0800f0d6   0x0800f0d6   0x00000002   PAD
    0x0800f0d8   0x0800f0d8   0x00000010   Code   RO         4784    i.__NVIC_GetPriorityGrouping  stm32f4xx_hal_cortex.o
    0x0800f0e8   0x0800f0e8   0x00000028   Code   RO         4785    i.__NVIC_SetPriority  stm32f4xx_hal_cortex.o
    0x0800f110   0x0800f110   0x0000012c   Code   RO         9551    i.__hardfp_asinf    m_wm.l(asinf.o)
    0x0800f23c   0x0800f23c   0x00000250   Code   RO         9563    i.__hardfp_atan2f   m_wm.l(atan2f.o)
    0x0800f48c   0x0800f48c   0x00000014   Code   RO         9575    i.__hardfp_fabs     m_wm.l(fabs.o)
    0x0800f4a0   0x0800f4a0   0x0000007a   Code   RO         9581    i.__hardfp_sqrt     m_wm.l(sqrt.o)
    0x0800f51a   0x0800f51a   0x00000006   Code   RO         9692    i.__mathlib_flt_infnan  m_wm.l(funder.o)
    0x0800f520   0x0800f520   0x00000006   Code   RO         9693    i.__mathlib_flt_infnan2  m_wm.l(funder.o)
    0x0800f526   0x0800f526   0x00000002   PAD
    0x0800f528   0x0800f528   0x00000010   Code   RO         9694    i.__mathlib_flt_invalid  m_wm.l(funder.o)
    0x0800f538   0x0800f538   0x00000010   Code   RO         9697    i.__mathlib_flt_underflow  m_wm.l(funder.o)
    0x0800f548   0x0800f548   0x00000068   Code   RO         2737    i.aRGB_led_show     bsp_led.o
    0x0800f5b0   0x0800f5b0   0x00000134   Code   RO         2163    i.bmi088_accel_init  bmi088driver.o
    0x0800f6e4   0x0800f6e4   0x000002fc   Code   RO         2164    i.bmi088_accel_self_test  bmi088driver.o
    0x0800f9e0   0x0800f9e0   0x000000f4   Code   RO         2165    i.bmi088_gyro_init  bmi088driver.o
    0x0800fad4   0x0800fad4   0x000000d0   Code   RO         2166    i.bmi088_gyro_self_test  bmi088driver.o
    0x0800fba4   0x0800fba4   0x000000ec   Code   RO         3178    i.cali_data_read    calibrate_task.o
    0x0800fc90   0x0800fc90   0x0000008c   Code   RO         3179    i.cali_data_write   calibrate_task.o
    0x0800fd1c   0x0800fd1c   0x0000004c   Code   RO         3180    i.cali_gyro_hook    calibrate_task.o
    0x0800fd68   0x0800fd68   0x000000c4   Code   RO         3181    i.cali_param_init   calibrate_task.o
    0x0800fe2c   0x0800fe2c   0x000001a4   Code   RO         3182    i.calibrate_task    calibrate_task.o
    0x0800ffd0   0x0800ffd0   0x0000008c   Code   RO          253    i.cloud_control     my_cloud_control.o
    0x0801005c   0x0801005c   0x00000030   Code   RO         2671    i.delay_init        bsp_delay.o
    0x0801008c   0x0801008c   0x00000050   Code   RO         2673    i.delay_us          bsp_delay.o
    0x080100dc   0x080100dc   0x0000002e   Code   RO         2800    i.flash_erase_address  bsp_flash.o
    0x0801010a   0x0801010a   0x00000014   Code   RO         2801    i.flash_read        bsp_flash.o
    0x0801011e   0x0801011e   0x00000002   PAD
    0x08010120   0x08010120   0x00000098   Code   RO         2803    i.flash_write_single_address  bsp_flash.o
    0x080101b8   0x080101b8   0x000000f4   Code   RO         2804    i.ger_sector        bsp_flash.o
    0x080102ac   0x080102ac   0x000000dc   Code   RO         2991    i.get_angle         ins_task.o
    0x08010388   0x08010388   0x000000e8   Code   RO         2805    i.get_next_flash_address  bsp_flash.o
    0x08010470   0x08010470   0x00000054   Code   RO         2992    i.gyro_offset_calc  ins_task.o
    0x080104c4   0x080104c4   0x00000118   Code   RO          254    i.imu_angle         my_cloud_control.o
    0x080105dc   0x080105dc   0x0000012c   Code   RO         2993    i.imu_cali_slove    ins_task.o
    0x08010708   0x08010708   0x00000168   Code   RO         2994    i.imu_cmd_spi_dma   ins_task.o
    0x08010870   0x08010870   0x0000000c   Code   RO         2709    i.imu_pwm_set       bsp_imu_pwm.o
    0x0801087c   0x0801087c   0x000000ac   Code   RO         2995    i.imu_temp_control  ins_task.o
    0x08010928   0x08010928   0x0000003c   Code   RO         3327    i.invSqrt           mahonyahrs.o
    0x08010964   0x08010964   0x00000002   Code   RO         2496    i.ist8310_GPIO_init  ist8310driver_middleware.o
    0x08010966   0x08010966   0x00000002   PAD
    0x08010968   0x08010968   0x00000028   Code   RO         2498    i.ist8310_IIC_read_single_reg  ist8310driver_middleware.o
    0x08010990   0x08010990   0x00000028   Code   RO         2500    i.ist8310_IIC_write_single_reg  ist8310driver_middleware.o
    0x080109b8   0x080109b8   0x00000014   Code   RO         2501    i.ist8310_RST_H     ist8310driver_middleware.o
    0x080109cc   0x080109cc   0x00000014   Code   RO         2502    i.ist8310_RST_L     ist8310driver_middleware.o
    0x080109e0   0x080109e0   0x00000002   Code   RO         2503    i.ist8310_com_init  ist8310driver_middleware.o
    0x080109e2   0x080109e2   0x0000000c   Code   RO         2504    i.ist8310_delay_ms  ist8310driver_middleware.o
    0x080109ee   0x080109ee   0x00000002   PAD
    0x080109f0   0x080109f0   0x00000094   Code   RO         2461    i.ist8310_init      ist8310driver.o
    0x08010a84   0x08010a84   0x000001b0   Code   RO         3116    i.led_RGB_flow_task  led_flow_task.o
    0x08010c34   0x08010c34   0x00000064   Code   RO         1015    i.main              main.o
    0x08010c98   0x08010c98   0x0000000e   Code   RO         8488    i.makeFreeRtosPriority  cmsis_os.o
    0x08010ca6   0x08010ca6   0x00000018   Code   RO         8490    i.osDelay           cmsis_os.o
    0x08010cbe   0x08010cbe   0x0000000a   Code   RO         8493    i.osKernelStart     cmsis_os.o
    0x08010cc8   0x08010cc8   0x0000005e   Code   RO         8527    i.osThreadCreate    cmsis_os.o
    0x08010d26   0x08010d26   0x00000002   PAD
    0x08010d28   0x08010d28   0x00000030   Code   RO         7973    i.pcTaskGetName     tasks.o
    0x08010d58   0x08010d58   0x000000a4   Code   RO         7974    i.prvAddCurrentTaskToDelayedList  tasks.o
    0x08010dfc   0x08010dfc   0x000000b4   Code   RO         7975    i.prvAddNewTaskToReadyList  tasks.o
    0x08010eb0   0x08010eb0   0x00000074   Code   RO         8326    i.prvCheckForValidListAndQueue  timers.o
    0x08010f24   0x08010f24   0x00000048   Code   RO         7976    i.prvCheckTasksWaitingTermination  tasks.o
    0x08010f6c   0x08010f6c   0x0000002a   Code   RO         7621    i.prvCopyDataFromQueue  queue.o
    0x08010f96   0x08010f96   0x0000007e   Code   RO         7622    i.prvCopyDataToQueue  queue.o
    0x08011014   0x08011014   0x00000050   Code   RO         7977    i.prvDeleteTCB      tasks.o
    0x08011064   0x08011064   0x00000028   Code   RO         8327    i.prvGetNextExpireTime  timers.o
    0x0801108c   0x0801108c   0x0000007c   Code   RO         8867    i.prvHeapInit       heap_4.o
    0x08011108   0x08011108   0x00000028   Code   RO         7978    i.prvIdleTask       tasks.o
    0x08011130   0x08011130   0x00000026   Code   RO         7625    i.prvInitialiseNewQueue  queue.o
    0x08011156   0x08011156   0x000000c2   Code   RO         7979    i.prvInitialiseNewTask  tasks.o
    0x08011218   0x08011218   0x00000068   Code   RO         7980    i.prvInitialiseTaskLists  tasks.o
    0x08011280   0x08011280   0x00000068   Code   RO         8868    i.prvInsertBlockIntoFreeList  heap_4.o
    0x080112e8   0x080112e8   0x00000058   Code   RO         8329    i.prvInsertTimerInActiveList  timers.o
    0x08011340   0x08011340   0x0000001a   Code   RO         7626    i.prvIsQueueEmpty   queue.o
    0x0801135a   0x0801135a   0x0000001e   Code   RO         7627    i.prvIsQueueFull    queue.o
    0x08011378   0x08011378   0x00000074   Code   RO         8330    i.prvProcessExpiredTimer  timers.o
    0x080113ec   0x080113ec   0x00000164   Code   RO         8331    i.prvProcessReceivedCommands  timers.o
    0x08011550   0x08011550   0x00000074   Code   RO         8332    i.prvProcessTimerOrBlockTask  timers.o
    0x080115c4   0x080115c4   0x00000034   Code   RO         7981    i.prvResetNextTaskUnblockTime  tasks.o
    0x080115f8   0x080115f8   0x0000002c   Code   RO         8333    i.prvSampleTimeNow  timers.o
    0x08011624   0x08011624   0x000000b0   Code   RO         7982    i.prvSearchForNameWithinSingleList  tasks.o
    0x080116d4   0x080116d4   0x000000a4   Code   RO         8334    i.prvSwitchTimerLists  timers.o
    0x08011778   0x08011778   0x00000016   Code   RO         7983    i.prvTaskCheckFreeStackSpace  tasks.o
    0x0801178e   0x0801178e   0x00000002   PAD
    0x08011790   0x08011790   0x00000040   Code   RO         8918    i.prvTaskExitError  port.o
    0x080117d0   0x080117d0   0x0000001a   Code   RO         8335    i.prvTimerTask      timers.o
    0x080117ea   0x080117ea   0x0000007e   Code   RO         7628    i.prvUnlockQueue    queue.o
    0x08011868   0x08011868   0x0000013c   Code   RO         8869    i.pvPortMalloc      heap_4.o
    0x080119a4   0x080119a4   0x0000002c   Code   RO         8919    i.pxPortInitialiseStack  port.o
    0x080119d0   0x080119d0   0x000002a4   Code   RO          325    i.shoot_control     my_shoot_control.o
    0x08011c74   0x08011c74   0x0000003e   Code   RO         9707    i.sqrtf             m_wm.l(sqrtf.o)
    0x08011cb2   0x08011cb2   0x0000000a   Code   RO         3151    i.test_task         test_task.o
    0x08011cbc   0x08011cbc   0x00000074   Code   RO         7986    i.ulTaskNotifyTake  tasks.o
    0x08011d30   0x08011d30   0x00000050   Code   RO          612    i.usart1_dr16_init  dr16_recive.o
    0x08011d80   0x08011d80   0x00000028   Code   RO         7581    i.uxListRemove      list.o
    0x08011da8   0x08011da8   0x00000028   Code   RO         7988    i.uxTaskGetStackHighWaterMark  tasks.o
    0x08011dd0   0x08011dd0   0x00000018   Code   RO         1132    i.vApplicationGetIdleTaskMemory  freertos.o
    0x08011de8   0x08011de8   0x00000018   Code   RO         1133    i.vApplicationGetTimerTaskMemory  freertos.o
    0x08011e00   0x08011e00   0x0000001a   Code   RO         7582    i.vListInitialise   list.o
    0x08011e1a   0x08011e1a   0x00000006   Code   RO         7583    i.vListInitialiseItem  list.o
    0x08011e20   0x08011e20   0x00000034   Code   RO         7584    i.vListInsert       list.o
    0x08011e54   0x08011e54   0x00000018   Code   RO         7585    i.vListInsertEnd    list.o
    0x08011e6c   0x08011e6c   0x00000054   Code   RO         8921    i.vPortEnterCritical  port.o
    0x08011ec0   0x08011ec0   0x0000003c   Code   RO         8922    i.vPortExitCritical  port.o
    0x08011efc   0x08011efc   0x00000094   Code   RO         8870    i.vPortFree         heap_4.o
    0x08011f90   0x08011f90   0x00000028   Code   RO         8923    i.vPortSetupTimerInterrupt  port.o
    0x08011fb8   0x08011fb8   0x00000078   Code   RO         8924    i.vPortValidateInterruptPriority  port.o
    0x08012030   0x08012030   0x0000002c   Code   RO         7632    i.vQueueAddToRegistry  queue.o
    0x0801205c   0x0801205c   0x0000004a   Code   RO         7635    i.vQueueWaitForMessageRestricted  queue.o
    0x080120a6   0x080120a6   0x00000002   PAD
    0x080120a8   0x080120a8   0x0000005c   Code   RO         7992    i.vTaskDelay        tasks.o
    0x08012104   0x08012104   0x000000d4   Code   RO         7993    i.vTaskDelayUntil   tasks.o
    0x080121d8   0x080121d8   0x00000018   Code   RO         7996    i.vTaskInternalSetTimeOutState  tasks.o
    0x080121f0   0x080121f0   0x0000000c   Code   RO         7997    i.vTaskMissedYield  tasks.o
    0x080121fc   0x080121fc   0x000000f0   Code   RO         7998    i.vTaskNotifyGiveFromISR  tasks.o
    0x080122ec   0x080122ec   0x00000038   Code   RO         7999    i.vTaskPlaceOnEventList  tasks.o
    0x08012324   0x08012324   0x00000040   Code   RO         8000    i.vTaskPlaceOnEventListRestricted  tasks.o
    0x08012364   0x08012364   0x000000b8   Code   RO         8007    i.vTaskStartScheduler  tasks.o
    0x0801241c   0x0801241c   0x00000010   Code   RO         8009    i.vTaskSuspendAll   tasks.o
    0x0801242c   0x0801242c   0x0000008c   Code   RO         8010    i.vTaskSwitchContext  tasks.o
    0x080124b8   0x080124b8   0x00000168   Code   RO         8925    i.xPortStartScheduler  port.o
    0x08012620   0x08012620   0x00000060   Code   RO         7638    i.xQueueGenericCreate  queue.o
    0x08012680   0x08012680   0x000000e0   Code   RO         7639    i.xQueueGenericCreateStatic  queue.o
    0x08012760   0x08012760   0x00000098   Code   RO         7640    i.xQueueGenericReset  queue.o
    0x080127f8   0x080127f8   0x000001a8   Code   RO         7641    i.xQueueGenericSend  queue.o
    0x080129a0   0x080129a0   0x000000f8   Code   RO         7642    i.xQueueGenericSendFromISR  queue.o
    0x08012a98   0x08012a98   0x00000168   Code   RO         7650    i.xQueueReceive     queue.o
    0x08012c00   0x08012c00   0x000000a8   Code   RO         8012    i.xTaskCheckForTimeOut  tasks.o
    0x08012ca8   0x08012ca8   0x00000064   Code   RO         8013    i.xTaskCreate       tasks.o
    0x08012d0c   0x08012d0c   0x000000ba   Code   RO         8014    i.xTaskCreateStatic  tasks.o
    0x08012dc6   0x08012dc6   0x00000002   PAD
    0x08012dc8   0x08012dc8   0x000000a4   Code   RO         8018    i.xTaskGetHandle    tasks.o
    0x08012e6c   0x08012e6c   0x00000020   Code   RO         8019    i.xTaskGetSchedulerState  tasks.o
    0x08012e8c   0x08012e8c   0x0000000c   Code   RO         8020    i.xTaskGetTickCount  tasks.o
    0x08012e98   0x08012e98   0x00000148   Code   RO         8022    i.xTaskIncrementTick  tasks.o
    0x08012fe0   0x08012fe0   0x000000c8   Code   RO         8025    i.xTaskPriorityDisinherit  tasks.o
    0x080130a8   0x080130a8   0x00000098   Code   RO         8027    i.xTaskRemoveFromEventList  tasks.o
    0x08013140   0x08013140   0x00000104   Code   RO         8028    i.xTaskResumeAll    tasks.o
    0x08013244   0x08013244   0x00000078   Code   RO         8341    i.xTimerCreateTimerTask  timers.o
    0x080132bc   0x080132bc   0x00000084   Code   RO         8342    i.xTimerGenericCommand  timers.o
    0x08013340   0x08013340   0x00000062   Code   RO         9521    x$fpl$d2f           fz_wm.l(d2f.o)
    0x080133a2   0x080133a2   0x00000002   PAD
    0x080133a4   0x080133a4   0x00000150   Code   RO         9523    x$fpl$dadd          fz_wm.l(daddsub_clz.o)
    0x080134f4   0x080134f4   0x00000018   Code   RO         9676    x$fpl$dcmpinf       fz_wm.l(dcmpi.o)
    0x0801350c   0x0801350c   0x000002b0   Code   RO         9530    x$fpl$ddiv          fz_wm.l(ddiv.o)
    0x080137bc   0x080137bc   0x0000005a   Code   RO         9533    x$fpl$dfixu         fz_wm.l(dfixu.o)
    0x08013816   0x08013816   0x0000002e   Code   RO         9538    x$fpl$dflt          fz_wm.l(dflt_clz.o)
    0x08013844   0x08013844   0x00000026   Code   RO         9537    x$fpl$dfltu         fz_wm.l(dflt_clz.o)
    0x0801386a   0x0801386a   0x00000002   PAD
    0x0801386c   0x0801386c   0x00000078   Code   RO         9543    x$fpl$dleqf         fz_wm.l(dleqf.o)
    0x080138e4   0x080138e4   0x00000154   Code   RO         9545    x$fpl$dmul          fz_wm.l(dmul.o)
    0x08013a38   0x08013a38   0x0000009c   Code   RO         9678    x$fpl$dnaninf       fz_wm.l(dnaninf.o)
    0x08013ad4   0x08013ad4   0x0000000c   Code   RO         9680    x$fpl$dretinf       fz_wm.l(dretinf.o)
    0x08013ae0   0x08013ae0   0x0000006c   Code   RO         9547    x$fpl$drleqf        fz_wm.l(drleqf.o)
    0x08013b4c   0x08013b4c   0x00000198   Code   RO         9682    x$fpl$dsqrt         fz_wm.l(dsqrt_umaal.o)
    0x08013ce4   0x08013ce4   0x000001d4   Code   RO         9525    x$fpl$dsub          fz_wm.l(daddsub_clz.o)
    0x08013eb8   0x08013eb8   0x00000056   Code   RO         9549    x$fpl$f2d           fz_wm.l(f2d.o)
    0x08013f0e   0x08013f0e   0x0000008c   Code   RO         9684    x$fpl$fnaninf       fz_wm.l(fnaninf.o)
    0x08013f9a   0x08013f9a   0x0000000a   Code   RO         9761    x$fpl$fpinit        fz_wm.l(fpinit.o)
    0x08013fa4   0x08013fa4   0x0000000a   Code   RO         9686    x$fpl$fretinf       fz_wm.l(fretinf.o)
    0x08013fae   0x08013fae   0x00000000   Code   RO         9688    x$fpl$usenofp       fz_wm.l(usenofp.o)
    0x08013fae   0x08013fae   0x00000100   Data   RO          465    .constdata          crc.o
    0x080140ae   0x080140ae   0x00000002   PAD
    0x080140b0   0x080140b0   0x000000fc   Data   RO         1135    .constdata          freertos.o
    0x080141ac   0x080141ac   0x00000012   Data   RO         2171    .constdata          bmi088driver.o
    0x080141be   0x080141be   0x0000000c   Data   RO         2464    .constdata          ist8310driver.o
    0x080141ca   0x080141ca   0x00000002   PAD
    0x080141cc   0x080141cc   0x00000018   Data   RO         2997    .constdata          ins_task.o
    0x080141e4   0x080141e4   0x00000003   Data   RO         3184    .constdata          calibrate_task.o
    0x080141e7   0x080141e7   0x00000018   Data   RO         3368    .constdata          system_stm32f4xx.o
    0x080141ff   0x080141ff   0x00000008   Data   RO         4501    .constdata          stm32f4xx_hal_dma.o
    0x08014207   0x08014207   0x00000001   PAD
    0x08014208   0x08014208   0x00000061   Data   RO         1136    .conststring        freertos.o
    0x08014269   0x08014269   0x00000003   PAD
    0x0801426c   0x0801426c   0x00000020   Data   RO         9850    Region$$Table       anon$$obj.o


    Execution Region RW_IRAM1 (Exec base: 0x20000000, Load base: 0x0801428c, Size: 0x0000d4a8, Max: 0x00020000, ABSOLUTE, COMPRESSED[0x00000184])

    Exec Addr    Load Addr    Size         Type   Attr      Idx    E Section Name        Object

    0x20000000   COMPRESSED   0x00000021   Data   RW          256    .data               my_cloud_control.o
    0x20000021   COMPRESSED   0x00000003   PAD
    0x20000024   COMPRESSED   0x0000001c   Data   RW          326    .data               my_shoot_control.o
    0x20000040   COMPRESSED   0x00000004   Data   RW          425    .data               my_positionpid_bate.o
    0x20000044   COMPRESSED   0x0000006e   Data   RW          614    .data               dr16_recive.o
    0x200000b2   COMPRESSED   0x0000005a   Data   RW          946    .data               vision.o
    0x2000010c   COMPRESSED   0x00000004   PAD
    0x20000110   COMPRESSED   0x000000b8   Data   RW         1016    .data               main.o
    0x200001c8   COMPRESSED   0x00000030   Data   RW         1137    .data               freertos.o
    0x200001f8   COMPRESSED   0x00000004   Data   RW         1254    .data               can.o
    0x200001fc   COMPRESSED   0x0000004e   Data   RW         1770    .data               usbd_desc.o
    0x2000024a   COMPRESSED   0x00000002   PAD
    0x2000024c   COMPRESSED   0x00000014   Data   RW         1863    .data               usbd_cdc_if.o
    0x20000260   COMPRESSED   0x0000002c   Data   RW         2172    .data               bmi088driver.o
    0x2000028c   COMPRESSED   0x0000001a   Data   RW         2627    .data               dji_imu.o
    0x200002a6   COMPRESSED   0x00000002   PAD
    0x200002a8   COMPRESSED   0x00000008   Data   RW         2674    .data               bsp_delay.o
    0x200002b0   COMPRESSED   0x00000008   Data   RW         2738    .data               bsp_led.o
    0x200002b8   COMPRESSED   0x00000010   Data   RW         2806    .data               bsp_flash.o
    0x200002c8   COMPRESSED   0x000000a0   Data   RW         2998    .data               ins_task.o
    0x20000368   COMPRESSED   0x0000001c   Data   RW         3117    .data               led_flow_task.o
    0x20000384   COMPRESSED   0x00000014   Data   RW         3185    .data               calibrate_task.o
    0x20000398   COMPRESSED   0x00000014   Data   RW         3328    .data               mahonyahrs.o
    0x200003ac   COMPRESSED   0x00000004   Data   RW         3369    .data               system_stm32f4xx.o
    0x200003b0   COMPRESSED   0x00000009   Data   RW         4933    .data               stm32f4xx_hal.o
    0x200003b9   COMPRESSED   0x00000003   PAD
    0x200003bc   COMPRESSED   0x0000003c   Data   RW         8031    .data               tasks.o
    0x200003f8   COMPRESSED   0x00000014   Data   RW         8350    .data               timers.o
    0x2000040c   COMPRESSED   0x00000018   Data   RW         8875    .data               heap_4.o
    0x20000424   COMPRESSED   0x0000000c   Data   RW         8926    .data               port.o
    0x20000430   COMPRESSED   0x00000001   Data   RW         9159    .data               usbd_ctlreq.o
    0x20000431   COMPRESSED   0x00000003   PAD
    0x20000434   COMPRESSED   0x0000010f   Data   RW         9342    .data               usbd_cdc.o
    0x20000543   COMPRESSED   0x00000001   PAD
    0x20000544        -       0x00000170   Zero   RW          376    .bss                my_incrementpid_bate.o
    0x200006b4        -       0x00000240   Zero   RW          424    .bss                my_positionpid_bate.o
    0x200008f4        -       0x0000003c   Zero   RW          498    .bss                fps_calculate.o
    0x20000930        -       0x00000090   Zero   RW          535    .bss                m3508.o
    0x200009c0        -       0x00000068   Zero   RW          613    .bss                dr16_recive.o
    0x20000a28        -       0x00000090   Zero   RW          703    .bss                gm6020.o
    0x20000ab8        -       0x00000048   Zero   RW          945    .bss                vision.o
    0x20000b00        -       0x000006bc   Zero   RW         1134    .bss                freertos.o
    0x200011bc        -       0x00000050   Zero   RW         1253    .bss                can.o
    0x2000120c        -       0x00000054   Zero   RW         1325    .bss                i2c.o
    0x20001260        -       0x00000118   Zero   RW         1367    .bss                spi.o
    0x20001378        -       0x00000100   Zero   RW         1413    .bss                tim.o
    0x20001478        -       0x00000240   Zero   RW         1477    .bss                usart.o
    0x200016b8        -       0x000002d0   Zero   RW         1527    .bss                usb_device.o
    0x20001988        -       0x00000408   Zero   RW         1590    .bss                usbd_conf.o
    0x20001d90        -       0x00000200   Zero   RW         1769    .bss                usbd_desc.o
    0x20001f90        -       0x00001000   Zero   RW         1862    .bss                usbd_cdc_if.o
    0x20002f90        -       0x00000048   Zero   RW         1946    .bss                stm32f4xx_it.o
    0x20002fd8        -       0x00000040   Zero   RW         2117    .bss                stm32f4xx_hal_timebase_tim.o
    0x20003018        -       0x00000020   Zero   RW         2862    .bss                user_can.o
    0x20003038        -       0x0000000a   Zero   RW         2910    .bss                bsp_buzzer.o
    0x20003042   COMPRESSED   0x00000002   PAD
    0x20003044        -       0x0000015c   Zero   RW         2996    .bss                ins_task.o
    0x200031a0        -       0x00000041   Zero   RW         3183    .bss                calibrate_task.o
    0x200031e1   COMPRESSED   0x00000003   PAD
    0x200031e4        -       0x00000020   Zero   RW         4155    .bss                stm32f4xx_hal_flash.o
    0x20003204        -       0x00000040   Zero   RW         7653    .bss                queue.o
    0x20003244        -       0x000000f0   Zero   RW         8030    .bss                tasks.o
    0x20003334        -       0x00000110   Zero   RW         8349    .bss                timers.o
    0x20003444        -       0x00006000   Zero   RW         8874    .bss                heap_4.o
    0x20009444        -       0x00000060   Zero   RW         9720    .bss                c_w.l(libspace.o)
    0x200094a4   COMPRESSED   0x00000004   PAD
    0x200094a8        -       0x00002000   Zero   RW         3357    HEAP                startup_stm32f407xx.o
    0x2000b4a8        -       0x00002000   Zero   RW         3356    STACK               startup_stm32f407xx.o


==============================================================================

Image component sizes


      Code (inc. data)   RO Data    RW Data    ZI Data      Debug   Object Name

         0          0          0          0          0       4880   beep_my.o
      2338         40         18         44          0     600591   bmi088driver.o
       140         28          0          0          0       4644   bmi088middleware.o
       320         16          0          0         10       1871   bsp_buzzer.o
       128         20          0          8          0       1268   bsp_delay.o
       694        108          0         16          0       4065   bsp_flash.o
        12          4          0          0          0        478   bsp_imu_pwm.o
       104         22          0          8          0        568   bsp_led.o
     10428        170          0          0          0       5618   bsp_spi.o
      1068         86          3         20         65       5732   calibrate_task.o
       488         40          0          4         80       2422   can.o
       142          0          0          0          0      22639   cmsis_os.o
        36          6        256          0          0       1244   crc.o
       212         16          0         26          0       2964   dji_imu.o
       168          6          0          0          0        906   dma.o
      1352         90          0        110        104      13142   dr16_recive.o
         0          0          0          0          0      18428   event_groups.o
       110         16          0          0         60       2240   fps_calculate.o
      1960        384        349         48       1724      12530   freertos.o
       728         22          0          0        144       3062   gm6020.o
       504         24          0          0          0       1295   gpio.o
       692         62          0         24      24576       4779   heap_4.o
       260         30          0          0         84       1729   i2c.o
      5030        378         24        160        348      15630   ins_task.o
       148          6         12          0          0       1995   ist8310driver.o
       136         22          0          0          0       3859   ist8310driver_middleware.o
       432         10          0         28          0       1721   led_flow_task.o
       148          0          0          0          0       3582   list.o
       316          8          0          0          0        592   m2006.o
       184         10          0          0        144       2492   m3508.o
      2276         72          0         20          0       4849   mahonyahrs.o
       306         22          0        184          0       5310   main.o
         0          0          0          0          0     747872   my_chassis_control.o
      1240        208          0         33          0       3560   my_cloud_control.o
       706          6          0          0        368       4080   my_incrementpid_bate.o
       556         10          0          4        576       4164   my_positionpid_bate.o
       676         84          0         28          0       1173   my_shoot_control.o
       592          8          0          0          0       2538   pid.o
      1014         92          0         12          0      11925   port.o
      2010         20          0          0         64      18102   queue.o
       416         38          0          0        280       1939   spi.o
        64         26        392          0      16384        792   startup_stm32f407xx.o
       136         24          0          9          0       8706   stm32f4xx_hal.o
      2092          6          0          0          0      13312   stm32f4xx_hal_can.o
       252         22          0          0          0      33566   stm32f4xx_hal_cortex.o
      1220         16          8          0          0       6107   stm32f4xx_hal_dma.o
       652         64          0          0         32       5790   stm32f4xx_hal_flash.o
       432         26          0          0          0       3286   stm32f4xx_hal_flash_ex.o
       568         50          0          0          0       3646   stm32f4xx_hal_gpio.o
      2856         46          0          0          0      11566   stm32f4xx_hal_i2c.o
        84          6          0          0          0        922   stm32f4xx_hal_msp.o
      3228         14          0          0          0      12717   stm32f4xx_hal_pcd.o
        90          0          0          0          0       2481   stm32f4xx_hal_pcd_ex.o
      1868         94          0          0          0       6237   stm32f4xx_hal_rcc.o
       970          8          0          0          0       4537   stm32f4xx_hal_spi.o
      2028         90          0          0          0      16353   stm32f4xx_hal_tim.o
       184         30          0          0          0       2545   stm32f4xx_hal_tim_ex.o
       140         18          0          0         64       1515   stm32f4xx_hal_timebase_tim.o
      1814         12          0          0          0       7779   stm32f4xx_hal_uart.o
       480        114          0          0         72      11935   stm32f4xx_it.o
      3790        102          0          0          0      22118   stm32f4xx_ll_usb.o
         0          0          0          0          0        392   stream_buffer.o
       100         18         24          4          0       1219   system_stm32f4xx.o
      3930        432          0         60        240      34303   tasks.o
        10          0          0          0          0        500   test_task.o
      1092         94          0          0        256       4661   tim.o
      1318        124          0         20        272      30195   timers.o
       936         88          0          0        576       3440   usart.o
        76         16          0          0        720        708   usb_device.o
      1000         24          0        271          0      13305   usbd_cdc.o
       204         22          0         20       4096       4084   usbd_cdc_if.o
       990         18          0          0       1032      15344   usbd_conf.o
       902          0          0          0          0      13005   usbd_core.o
      2160         28          0          1          0      16764   usbd_ctlreq.o
       386        122          0         78        512       6533   usbd_desc.o
       174          0          0          0          0       4708   usbd_ioreq.o
       280         26          0          0         32       3434   user_can.o
       788         46          0         90         72       6105   vision.o

    ----------------------------------------------------------------------
     75438       4010       1126       1348      52992    1887088   Object Totals
         0          0         32          0          0          0   (incl. Generated)
        74          0          8         18          5          0   (incl. Padding)

    ----------------------------------------------------------------------

      Code (inc. data)   RO Data    RW Data    ZI Data      Debug   Library Member Name

        90          0          0          0          0          0   __dczerorl2.o
         8          0          0          0          0         68   __main.o
         0          0          0          0          0          0   __rtentry.o
        12          0          0          0          0          0   __rtentry2.o
         6          0          0          0          0          0   __rtentry4.o
        52          8          0          0          0          0   __scatter.o
        28          0          0          0          0          0   __scatter_zi.o
        22          0          0          0          0        100   _rserrno.o
        16          0          0          0          0         68   aeabi_memset.o
        10          0          0          0          0         68   defsig_exit.o
        50          0          0          0          0         88   defsig_general.o
        80         58          0          0          0         76   defsig_rtmem_inner.o
        14          0          0          0          0         80   defsig_rtmem_outer.o
        18          0          0          0          0         80   exit.o
        94          0          0          0          0         80   h1_alloc.o
        52          0          0          0          0         68   h1_extend.o
        78          0          0          0          0         80   h1_free.o
        14          0          0          0          0         84   h1_init.o
         6          0          0          0          0        152   heapauxi.o
         4          0          0          0          0        136   hguard.o
         0          0          0          0          0          0   indicate_semi.o
       138          0          0          0          0        168   init_alloc.o
         2          0          0          0          0          0   libinit.o
        14          0          0          0          0          0   libinit2.o
         2          0          0          0          0          0   libshutdown.o
         2          0          0          0          0          0   libshutdown2.o
         8          4          0          0         96         68   libspace.o
       238          0          0          0          0        100   lludivv7m.o
         0          0          0          0          0          0   maybetermalloc1.o
         8          4          0          0          0         68   rt_errno_addr_intlibspace.o
         8          4          0          0          0         68   rt_heap_descriptor_intlibspace.o
        68          0          0          0          0         68   rt_memclr.o
        78          0          0          0          0         80   rt_memclr_w.o
       138          0          0          0          0         68   rt_memcpy_v6.o
       100          0          0          0          0         80   rt_memcpy_w.o
         2          0          0          0          0          0   rtexit.o
        10          0          0          0          0          0   rtexit2.o
        62          0          0          0          0         76   strlen.o
        12          4          0          0          0         68   sys_exit.o
        74          0          0          0          0         80   sys_stackheap_outer.o
        14          0          0          0          0         76   sys_wrch.o
         2          0          0          0          0         68   use_no_semi.o
        98          4          0          0          0        140   d2f.o
       804         16          0          0          0        368   daddsub_clz.o
        24          0          0          0          0        116   dcmpi.o
       688        140          0          0          0        256   ddiv.o
        90          4          0          0          0        140   dfixu.o
        84          0          0          0          0        232   dflt_clz.o
       120          4          0          0          0        140   dleqf.o
       340         12          0          0          0        152   dmul.o
       156          4          0          0          0        140   dnaninf.o
        12          0          0          0          0        116   dretinf.o
       108          0          0          0          0        128   drleqf.o
       408         56          0          0          0        168   dsqrt_umaal.o
        86          4          0          0          0        132   f2d.o
       140          4          0          0          0        132   fnaninf.o
        10          0          0          0          0        116   fpinit.o
        10          0          0          0          0        116   fretinf.o
         0          0          0          0          0          0   usenofp.o
       300         42          0          0          0        176   asinf.o
       592         90          0          0          0        184   atan2f.o
        20          0          0          0          0        124   fabs.o
        38          0          0          0          0        116   fpclassifyf.o
        44         12          0          0          0        464   funder.o
       122          0          0          0          0        148   sqrt.o
        62          0          0          0          0        136   sqrtf.o

    ----------------------------------------------------------------------
      6008        474          0          0        100       6304   Library Totals
        18          0          0          0          4          0   (incl. Padding)

    ----------------------------------------------------------------------

      Code (inc. data)   RO Data    RW Data    ZI Data      Debug   Library Name

      1634         82          0          0         96       2364   c_w.l
      3178        248          0          0          0       2592   fz_wm.l
      1178        144          0          0          0       1348   m_wm.l

    ----------------------------------------------------------------------
      6008        474          0          0        100       6304   Library Totals

    ----------------------------------------------------------------------

==============================================================================


      Code (inc. data)   RO Data    RW Data    ZI Data      Debug   

     81446       4484       1126       1348      53092    1841192   Grand Totals
     81446       4484       1126        388      53092    1841192   ELF Image Totals (compressed)
     81446       4484       1126        388          0          0   ROM Totals

==============================================================================

    Total RO  Size (Code + RO Data)                82572 (  80.64kB)
    Total RW  Size (RW Data + ZI Data)             54440 (  53.16kB)
    Total ROM Size (Code + RO Data + RW Data)      82960 (  81.02kB)

==============================================================================

